Archive member included to satisfy reference by file (symbol)

/Applications/STM32CubeIDE.app/Contents/Eclipse/plugins/com.st.stm32cube.ide.mcu.externaltools.gnu-tools-for-stm32.13.3.rel1.macos64_1.0.0.202411102158/tools/bin/../lib/gcc/arm-none-eabi/13.3.1/../../../../arm-none-eabi/lib/thumb/v7e-m+fp/hard/libc_nano.a(libc_a-exit.o)
                              /Applications/STM32CubeIDE.app/Contents/Eclipse/plugins/com.st.stm32cube.ide.mcu.externaltools.gnu-tools-for-stm32.13.3.rel1.macos64_1.0.0.202411102158/tools/bin/../lib/gcc/arm-none-eabi/13.3.1/../../../../arm-none-eabi/lib/thumb/v7e-m+fp/hard/crt0.o (exit)
/Applications/STM32CubeIDE.app/Contents/Eclipse/plugins/com.st.stm32cube.ide.mcu.externaltools.gnu-tools-for-stm32.13.3.rel1.macos64_1.0.0.202411102158/tools/bin/../lib/gcc/arm-none-eabi/13.3.1/../../../../arm-none-eabi/lib/thumb/v7e-m+fp/hard/libc_nano.a(libc_a-findfp.o)
                              /Applications/STM32CubeIDE.app/Contents/Eclipse/plugins/com.st.stm32cube.ide.mcu.externaltools.gnu-tools-for-stm32.13.3.rel1.macos64_1.0.0.202411102158/tools/bin/../lib/gcc/arm-none-eabi/13.3.1/../../../../arm-none-eabi/lib/thumb/v7e-m+fp/hard/libc_nano.a(libc_a-exit.o) (__stdio_exit_handler)
/Applications/STM32CubeIDE.app/Contents/Eclipse/plugins/com.st.stm32cube.ide.mcu.externaltools.gnu-tools-for-stm32.13.3.rel1.macos64_1.0.0.202411102158/tools/bin/../lib/gcc/arm-none-eabi/13.3.1/../../../../arm-none-eabi/lib/thumb/v7e-m+fp/hard/libc_nano.a(libc_a-fwalk.o)
                              /Applications/STM32CubeIDE.app/Contents/Eclipse/plugins/com.st.stm32cube.ide.mcu.externaltools.gnu-tools-for-stm32.13.3.rel1.macos64_1.0.0.202411102158/tools/bin/../lib/gcc/arm-none-eabi/13.3.1/../../../../arm-none-eabi/lib/thumb/v7e-m+fp/hard/libc_nano.a(libc_a-findfp.o) (_fwalk_sglue)
/Applications/STM32CubeIDE.app/Contents/Eclipse/plugins/com.st.stm32cube.ide.mcu.externaltools.gnu-tools-for-stm32.13.3.rel1.macos64_1.0.0.202411102158/tools/bin/../lib/gcc/arm-none-eabi/13.3.1/../../../../arm-none-eabi/lib/thumb/v7e-m+fp/hard/libc_nano.a(libc_a-memset.o)
                              /Applications/STM32CubeIDE.app/Contents/Eclipse/plugins/com.st.stm32cube.ide.mcu.externaltools.gnu-tools-for-stm32.13.3.rel1.macos64_1.0.0.202411102158/tools/bin/../lib/gcc/arm-none-eabi/13.3.1/../../../../arm-none-eabi/lib/thumb/v7e-m+fp/hard/crt0.o (memset)
/Applications/STM32CubeIDE.app/Contents/Eclipse/plugins/com.st.stm32cube.ide.mcu.externaltools.gnu-tools-for-stm32.13.3.rel1.macos64_1.0.0.202411102158/tools/bin/../lib/gcc/arm-none-eabi/13.3.1/../../../../arm-none-eabi/lib/thumb/v7e-m+fp/hard/libc_nano.a(libc_a-errno.o)
                              ./Core/Src/syscalls.o (__errno)
/Applications/STM32CubeIDE.app/Contents/Eclipse/plugins/com.st.stm32cube.ide.mcu.externaltools.gnu-tools-for-stm32.13.3.rel1.macos64_1.0.0.202411102158/tools/bin/../lib/gcc/arm-none-eabi/13.3.1/../../../../arm-none-eabi/lib/thumb/v7e-m+fp/hard/libc_nano.a(libc_a-init.o)
                              /Applications/STM32CubeIDE.app/Contents/Eclipse/plugins/com.st.stm32cube.ide.mcu.externaltools.gnu-tools-for-stm32.13.3.rel1.macos64_1.0.0.202411102158/tools/bin/../lib/gcc/arm-none-eabi/13.3.1/../../../../arm-none-eabi/lib/thumb/v7e-m+fp/hard/crt0.o (__libc_init_array)
/Applications/STM32CubeIDE.app/Contents/Eclipse/plugins/com.st.stm32cube.ide.mcu.externaltools.gnu-tools-for-stm32.13.3.rel1.macos64_1.0.0.202411102158/tools/bin/../lib/gcc/arm-none-eabi/13.3.1/../../../../arm-none-eabi/lib/thumb/v7e-m+fp/hard/libc_nano.a(libc_a-lock.o)
                              /Applications/STM32CubeIDE.app/Contents/Eclipse/plugins/com.st.stm32cube.ide.mcu.externaltools.gnu-tools-for-stm32.13.3.rel1.macos64_1.0.0.202411102158/tools/bin/../lib/gcc/arm-none-eabi/13.3.1/../../../../arm-none-eabi/lib/thumb/v7e-m+fp/hard/libc_nano.a(libc_a-findfp.o) (__retarget_lock_init_recursive)
/Applications/STM32CubeIDE.app/Contents/Eclipse/plugins/com.st.stm32cube.ide.mcu.externaltools.gnu-tools-for-stm32.13.3.rel1.macos64_1.0.0.202411102158/tools/bin/../lib/gcc/arm-none-eabi/13.3.1/../../../../arm-none-eabi/lib/thumb/v7e-m+fp/hard/libc_nano.a(libc_a-impure.o)
                              /Applications/STM32CubeIDE.app/Contents/Eclipse/plugins/com.st.stm32cube.ide.mcu.externaltools.gnu-tools-for-stm32.13.3.rel1.macos64_1.0.0.202411102158/tools/bin/../lib/gcc/arm-none-eabi/13.3.1/../../../../arm-none-eabi/lib/thumb/v7e-m+fp/hard/libc_nano.a(libc_a-errno.o) (_impure_ptr)
/Applications/STM32CubeIDE.app/Contents/Eclipse/plugins/com.st.stm32cube.ide.mcu.externaltools.gnu-tools-for-stm32.13.3.rel1.macos64_1.0.0.202411102158/tools/bin/../lib/gcc/arm-none-eabi/13.3.1/../../../../arm-none-eabi/lib/thumb/v7e-m+fp/hard/libc_nano.a(libc_a-mallocr.o)
[...]
Memory Configuration

Name             Origin             Length             Attributes
RAM              0x20000000         0x00030000         xrw
RAM2             0x10000000         0x00010000         xrw
RAM3             0x20040000         0x00060000         xrw
FLASH            0x08000000         0x00200000         xr
*default*        0x00000000         0xffffffff

Linker script and memory map

LOAD /Applications/STM32CubeIDE.app/Contents/Eclipse/plugins/com.st.stm32cube.ide.mcu.externaltools.gnu-tools-for-stm32.13.3.rel1.macos64_1.0.0.202411102158/tools/bin/../lib/gcc/arm-none-eabi/13.3.1/thumb/v7e-m+fp/hard/crti.o
LOAD /Applications/STM32CubeIDE.app/Contents/Eclipse/plugins/com.st.stm32cube.ide.mcu.externaltools.gnu-tools-for-stm32.13.3.rel1.macos64_1.0.0.202411102158/tools/bin/../lib/gcc/arm-none-eabi/13.3.1/thumb/v7e-m+fp/hard/crtbegin.o
LOAD /Applications/STM32CubeIDE.app/Contents/Eclipse/plugins/com.st.stm32cube.ide.mcu.externaltools.gnu-tools-for-stm32.13.3.rel1.macos64_1.0.0.202411102158/tools/bin/../lib/gcc/arm-none-eabi/13.3.1/../../../../arm-none-eabi/lib/thumb/v7e-m+fp/hard/crt0.o
LOAD ./Core/Src/main.o
LOAD ./Core/Src/stm32l4xx_hal_msp.o
LOAD ./Core/Src/stm32l4xx_it.o
LOAD ./Core/Src/syscalls.o
LOAD ./Core/Src/sysmem.o
LOAD ./Core/Src/system_stm32l4xx.o
LOAD ./Core/Startup/startup_stm32l4r5zitxp.o
LOAD ./Drivers/STM32L4xx_HAL_Driver/Src/stm32l4xx_hal.o
LOAD ./Drivers/STM32L4xx_HAL_Driver/Src/stm32l4xx_hal_cortex.o
LOAD ./Drivers/STM32L4xx_HAL_Driver/Src/stm32l4xx_hal_dma.o
LOAD ./Drivers/STM32L4xx_HAL_Driver/Src/stm32l4xx_hal_dma_ex.o
LOAD ./Drivers/STM32L4xx_HAL_Driver/Src/stm32l4xx_hal_exti.o
LOAD ./Drivers/STM32L4xx_HAL_Driver/Src/stm32l4xx_hal_flash.o
LOAD ./Drivers/STM32L4xx_HAL_Driver/Src/stm32l4xx_hal_flash_ex.o
LOAD ./Drivers/STM32L4xx_HAL_Driver/Src/stm32l4xx_hal_flash_ramfunc.o
LOAD ./Drivers/STM32L4xx_HAL_Driver/Src/stm32l4xx_hal_gpio.o
LOAD ./Drivers/STM32L4xx_HAL_Driver/Src/stm32l4xx_hal_i2c.o
LOAD ./Drivers/STM32L4xx_HAL_Driver/Src/stm32l4xx_hal_i2c_ex.o
LOAD ./Drivers/STM32L4xx_HAL_Driver/Src/stm32l4xx_hal_pwr.o
LOAD ./Drivers/STM32L4xx_HAL_Driver/Src/stm32l4xx_hal_pwr_ex.o
LOAD ./Drivers/STM32L4xx_HAL_Driver/Src/stm32l4xx_hal_rcc.o
LOAD ./Drivers/STM32L4xx_HAL_Driver/Src/stm32l4xx_hal_rcc_ex.o
LOAD ./Drivers/STM32L4xx_HAL_Driver/Src/stm32l4xx_hal_spi.o
LOAD ./Drivers/STM32L4xx_HAL_Driver/Src/stm32l4xx_hal_spi_ex.o
START GROUP
LOAD /Applications/STM32CubeIDE.app/Contents/Eclipse/plugins/com.st.stm32cube.ide.mcu.externaltools.gnu-tools-for-stm32.13.3.rel1.macos64_1.0.0.202411102158/tools/bin/../lib/gcc/arm-none-eabi/13.3.1/../../../../arm-none-eabi/lib/thumb/v7e-m+fp/hard/libc_nano.a
LOAD /Applications/STM32CubeIDE.app/Contents/Eclipse/plugins/com.st.stm32cube.ide.mcu.externaltools.gnu-tools-for-stm32.13.3.rel1.macos64_1.0.0.202411102158/tools/bin/../lib/gcc/arm-none-eabi/13.3.1/../../../../arm-none-eabi/lib/thumb/v7e-m+fp/hard/libm.a
END GROUP
START GROUP
LOAD /Applications/STM32CubeIDE.app/Contents/Eclipse/plugins/com.st.stm32cube.ide.mcu.externaltools.gnu-tools-for-stm32.13.3.rel1.macos64_1.0.0.202411102158/tools/bin/../lib/gcc/arm-none-eabi/13.3.1/thumb/v7e-m+fp/hard/libgcc.a
LOAD /Applications/STM32CubeIDE.app/Contents/Eclipse/plugins/com.st.stm32cube.ide.mcu.externaltools.gnu-tools-for-stm32.13.3.rel1.macos64_1.0.0.202411102158/tools/bin/../lib/gcc/arm-none-eabi/13.3.1/../../../../arm-none-eabi/lib/thumb/v7e-m+fp/hard/libc_nano.a
END GROUP
START GROUP
LOAD /Applications/STM32CubeIDE.app/Contents/Eclipse/plugins/com.st.stm32cube.ide.mcu.externaltools.gnu-tools-for-stm32.13.3.rel1.macos64_1.0.0.202411102158/tools/bin/../lib/gcc/arm-none-eabi/13.3.1/thumb/v7e-m+fp/hard/libgcc.a
LOAD /Applications/STM32CubeIDE.app/Contents/Eclipse/plugins/com.st.stm32cube.ide.mcu.externaltools.gnu-tools-for-stm32.13.3.rel1.macos64_1.0.0.202411102158/tools/bin/../lib/gcc/arm-none-eabi/13.3.1/../../../../arm-none-eabi/lib/thumb/v7e-m+fp/hard/libc_nano.a
LOAD /Applications/STM32CubeIDE.app/Contents/Eclipse/plugins/com.st.stm32cube.ide.mcu.externaltools.gnu-tools-for-stm32.13.3.rel1.macos64_1.0.0.202411102158/tools/bin/../lib/gcc/arm-none-eabi/13.3.1/../../../../arm-none-eabi/lib/thumb/v7e-m+fp/hard/libnosys.a
END GROUP
START GROUP
LOAD /Applications/STM32CubeIDE.app/Contents/Eclipse/plugins/com.st.stm32cube.ide.mcu.externaltools.gnu-tools-for-stm32.13.3.rel1.macos64_1.0.0.202411102158/tools/bin/../lib/gcc/arm-none-eabi/13.3.1/thumb/v7e-m+fp/hard/libgcc.a
LOAD /Applications/STM32CubeIDE.app/Contents/Eclipse/plugins/com.st.stm32cube.ide.mcu.externaltools.gnu-tools-for-stm32.13.3.rel1.macos64_1.0.0.202411102158/tools/bin/../lib/gcc/arm-none-eabi/13.3.1/../../../../arm-none-eabi/lib/thumb/v7e-m+fp/hard/libc_nano.a
LOAD /Applications/STM32CubeIDE.app/Contents/Eclipse/plugins/com.st.stm32cube.ide.mcu.externaltools.gnu-tools-for-stm32.13.3.rel1.macos64_1.0.0.202411102158/tools/bin/../lib/gcc/arm-none-eabi/13.3.1/../../../../arm-none-eabi/lib/thumb/v7e-m+fp/hard/libnosys.a
END GROUP
LOAD /Applications/STM32CubeIDE.app/Contents/Eclipse/plugins/com.st.stm32cube.ide.mcu.externaltools.gnu-tools-for-stm32.13.3.rel1.macos64_1.0.0.202411102158/tools/bin/../lib/gcc/arm-none-eabi/13.3.1/thumb/v7e-m+fp/hard/crtend.o
LOAD /Applications/STM32CubeIDE.app/Contents/Eclipse/plugins/com.st.stm32cube.ide.mcu.externaltools.gnu-tools-for-stm32.13.3.rel1.macos64_1.0.0.202411102158/tools/bin/../lib/gcc/arm-none-eabi/13.3.1/thumb/v7e-m+fp/hard/crtn.o
                0x200a0000                        _estack = (ORIGIN (RAM3) + LENGTH (RAM3))
                0x00000200                        _Min_Heap_Size = 0x200
                0x00000400                        _Min_Stack_Size = 0x400

.isr_vector     0x08000000      0x1bc
                0x08000000                        . = ALIGN (0x4)
 *(.isr_vector)
 .isr_vector    0x08000000      0x1bc ./Core/Startup/startup_stm32l4r5zitxp.o
                0x08000000                g_pfnVectors
                0x080001bc                        . = ALIGN (0x4)

.text           0x080001bc     0x2354
                0x080001bc                        . = ALIGN (0x4)
 *(.text)
 .text          0x080001bc       0x40 /Applications/STM32CubeIDE.app/Contents/Eclipse/plugins/com.st.stm32cube.ide.mcu.externaltools.gnu-tools-for-stm32.13.3.rel1.macos64_1.0.0.202411102158/tools/bin/../lib/gcc/arm-none-eabi/13.3.1/thumb/v7e-m+fp/hard/crtbegin.o
 *(.text*)
 .text.WriteCommand
                0x080001fc       0x4c ./Core/Src/main.o
                0x080001fc                WriteCommand
 .text.WriteData
                0x08000248       0x50 ./Core/Src/main.o
                0x08000248                WriteData
 .text.ILI9341_Reset
                0x08000298       0x34 ./Core/Src/main.o
                0x08000298                ILI9341_Reset
 .text.FillFrame
                0x080002cc       0x3c ./Core/Src/main.o
                0x080002cc                FillFrame
 .text.ILI9341_DisplayFrame
                0x08000308       0xa8 ./Core/Src/main.o
                0x08000308                ILI9341_DisplayFrame
 .text.DrawDigitToFrame
                0x080003b0       0xf0 ./Core/Src/main.o
                0x080003b0                DrawDigitToFrame
 .text.main     0x080004a0       0xa8 ./Core/Src/main.o
                0x080004a0                main
 .text.SystemClock_Config
                0x08000548       0x8c ./Core/Src/main.o
                0x08000548                SystemClock_Config
 .text.MX_SPI1_Init
                0x080005d4       0x70 ./Core/Src/main.o
 .text.MX_GPIO_Init
                0x08000644       0x58 ./Core/Src/main.o
 .text.Error_Handler
                0x0800069c        0xc ./Core/Src/main.o
                0x0800069c                Error_Handler
 .text.HAL_MspInit
                0x080006a8       0x48 ./Core/Src/stm32l4xx_hal_msp.o
                0x080006a8                HAL_MspInit
 .text.HAL_SPI_MspInit
                0x080006f0       0xc4 ./Core/Src/stm32l4xx_hal_msp.o
                0x080006f0                HAL_SPI_MspInit
 .text.NMI_Handler
                0x080007b4        0x8 ./Core/Src/stm32l4xx_it.o
                0x080007b4                NMI_Handler
 .text.HardFault_Handler
                0x080007bc        0x8 ./Core/Src/stm32l4xx_it.o
                0x080007bc                HardFault_Handler
 .text.MemManage_Handler
                0x080007c4        0x8 ./Core/Src/stm32l4xx_it.o
                0x080007c4                MemManage_Handler
 .text.BusFault_Handler
                0x080007cc        0x8 ./Core/Src/stm32l4xx_it.o
                0x080007cc                BusFault_Handler
 .text.UsageFault_Handler
                0x080007d4        0x8 ./Core/Src/stm32l4xx_it.o
                0x080007d4                UsageFault_Handler
 .text.SVC_Handler
                0x080007dc        0xe ./Core/Src/stm32l4xx_it.o
                0x080007dc                SVC_Handler
 .text.DebugMon_Handler
                0x080007ea        0xe ./Core/Src/stm32l4xx_it.o
                0x080007ea                DebugMon_Handler
 .text.PendSV_Handler
                0x080007f8        0xe ./Core/Src/stm32l4xx_it.o
                0x080007f8                PendSV_Handler
 .text.SysTick_Handler
                0x08000806        0xc ./Core/Src/stm32l4xx_it.o
                0x08000806                SysTick_Handler
 *fill*         0x08000812        0x2 
 .text.SystemInit
                0x08000814       0x24 ./Core/Src/system_stm32l4xx.o
                0x08000814                SystemInit
 .text.Reset_Handler
                0x08000838       0x50 ./Core/Startup/startup_stm32l4r5zitxp.o
                0x08000838                Reset_Handler
 .text.Default_Handler
                0x08000888        0x2 ./Core/Startup/startup_stm32l4r5zitxp.o
                0x08000888                TIM1_BRK_TIM15_IRQHandler
                0x08000888                EXTI2_IRQHandler
                0x08000888                TIM8_TRG_COM_IRQHandler
                0x08000888                TIM8_CC_IRQHandler
                0x08000888                TIM1_CC_IRQHandler
                0x08000888                TSC_IRQHandler
                0x08000888                TAMP_STAMP_IRQHandler
                0x08000888                EXTI3_IRQHandler
                0x08000888                LPTIM2_IRQHandler
                0x08000888                DFSDM1_FLT1_IRQHandler
                0x08000888                GFXMMU_IRQHandler
                0x08000888                I2C3_ER_IRQHandler
                0x08000888                DFSDM1_FLT2_IRQHandler
                0x08000888                EXTI0_IRQHandler
                0x08000888                I2C2_EV_IRQHandler
                0x08000888                CAN1_RX0_IRQHandler
                0x08000888                FPU_IRQHandler
                0x08000888                TIM1_UP_TIM16_IRQHandler
                0x08000888                LTDC_ER_IRQHandler
                0x08000888                SPI1_IRQHandler
                0x08000888                OCTOSPI1_IRQHandler
                0x08000888                TIM6_DAC_IRQHandler
                0x08000888                DCMI_IRQHandler
                0x08000888                TIM8_UP_IRQHandler
                0x08000888                OCTOSPI2_IRQHandler
                0x08000888                DMA2_Channel2_IRQHandler
                0x08000888                DMA1_Channel4_IRQHandler
                0x08000888                SAI2_IRQHandler
                0x08000888                ADC1_IRQHandler
                0x08000888                DFSDM1_FLT3_IRQHandler
                0x08000888                USART3_IRQHandler
                0x08000888                DMA1_Channel7_IRQHandler
                0x08000888                CAN1_RX1_IRQHandler
                0x08000888                UART5_IRQHandler
                0x08000888                TIM4_IRQHandler
                0x08000888                DMA2_Channel1_IRQHandler
                0x08000888                I2C1_EV_IRQHandler
                0x08000888                DMAMUX1_OVR_IRQHandler
                0x08000888                DMA1_Channel6_IRQHandler
                0x08000888                UART4_IRQHandler
                0x08000888                DMA2_Channel4_IRQHandler
                0x08000888                TIM3_IRQHandler
                0x08000888                RCC_IRQHandler
                0x08000888                DMA1_Channel1_IRQHandler
                0x08000888                Default_Handler
                0x08000888                DMA2_Channel7_IRQHandler
                0x08000888                EXTI15_10_IRQHandler
                0x08000888                TIM7_IRQHandler
                0x08000888                SDMMC1_IRQHandler
                0x08000888                TIM5_IRQHandler
                0x08000888                I2C3_EV_IRQHandler
                0x08000888                EXTI9_5_IRQHandler
                0x08000888                RTC_WKUP_IRQHandler
                0x08000888                LTDC_IRQHandler
                0x08000888                PVD_PVM_IRQHandler
                0x08000888                SPI2_IRQHandler
                0x08000888                CAN1_TX_IRQHandler
                0x08000888                DMA2_Channel5_IRQHandler
                0x08000888                CRS_IRQHandler
                0x08000888                DMA1_Channel5_IRQHandler
                0x08000888                EXTI4_IRQHandler
                0x08000888                RNG_IRQHandler
                0x08000888                TIM1_TRG_COM_TIM17_IRQHandler
                0x08000888                DMA1_Channel3_IRQHandler
                0x08000888                COMP_IRQHandler
                0x08000888                WWDG_IRQHandler
                0x08000888                I2C4_EV_IRQHandler
                0x08000888                LPUART1_IRQHandler
                0x08000888                DMA2_Channel6_IRQHandler
                0x08000888                TIM2_IRQHandler
                0x08000888                DMA2D_IRQHandler
                0x08000888                EXTI1_IRQHandler
                0x08000888                USART2_IRQHandler
                0x08000888                DFSDM1_FLT0_IRQHandler
                0x08000888                I2C2_ER_IRQHandler
                0x08000888                DMA1_Channel2_IRQHandler
                0x08000888                TIM8_BRK_IRQHandler
                0x08000888                CAN1_SCE_IRQHandler
                0x08000888                FLASH_IRQHandler
                0x08000888                USART1_IRQHandler
                0x08000888                OTG_FS_IRQHandler
                0x08000888                SPI3_IRQHandler
                0x08000888                I2C1_ER_IRQHandler
                0x08000888                FMC_IRQHandler
                0x08000888                LPTIM1_IRQHandler
                0x08000888                I2C4_ER_IRQHandler
                0x08000888                SAI1_IRQHandler
                0x08000888                DMA2_Channel3_IRQHandler
                0x08000888                RTC_Alarm_IRQHandler
 .text.HAL_Init
                0x0800088a       0x30 ./Drivers/STM32L4xx_HAL_Driver/Src/stm32l4xx_hal.o
                0x0800088a                HAL_Init
 *fill*         0x080008ba        0x2 
 .text.HAL_InitTick
                0x080008bc       0x78 ./Drivers/STM32L4xx_HAL_Driver/Src/stm32l4xx_hal.o
                0x080008bc                HAL_InitTick
 .text.HAL_IncTick
                0x08000934       0x28 ./Drivers/STM32L4xx_HAL_Driver/Src/stm32l4xx_hal.o
                0x08000934                HAL_IncTick
 .text.HAL_GetTick
                0x0800095c       0x18 ./Drivers/STM32L4xx_HAL_Driver/Src/stm32l4xx_hal.o
                0x0800095c                HAL_GetTick
 .text.HAL_Delay
                0x08000974       0x48 ./Drivers/STM32L4xx_HAL_Driver/Src/stm32l4xx_hal.o
                0x08000974                HAL_Delay
 .text.__NVIC_SetPriorityGrouping
                0x080009bc       0x48 ./Drivers/STM32L4xx_HAL_Driver/Src/stm32l4xx_hal_cortex.o
 .text.__NVIC_GetPriorityGrouping
                0x08000a04       0x1c ./Drivers/STM32L4xx_HAL_Driver/Src/stm32l4xx_hal_cortex.o
 .text.__NVIC_SetPriority
                0x08000a20       0x54 ./Drivers/STM32L4xx_HAL_Driver/Src/stm32l4xx_hal_cortex.o
 .text.NVIC_EncodePriority
                0x08000a74       0x66 ./Drivers/STM32L4xx_HAL_Driver/Src/stm32l4xx_hal_cortex.o
 *fill*         0x08000ada        0x2 
 .text.SysTick_Config
                0x08000adc       0x44 ./Drivers/STM32L4xx_HAL_Driver/Src/stm32l4xx_hal_cortex.o
 .text.HAL_NVIC_SetPriorityGrouping
                0x08000b20       0x16 ./Drivers/STM32L4xx_HAL_Driver/Src/stm32l4xx_hal_cortex.o
                0x08000b20                HAL_NVIC_SetPriorityGrouping
 .text.HAL_NVIC_SetPriority
                0x08000b36       0x38 ./Drivers/STM32L4xx_HAL_Driver/Src/stm32l4xx_hal_cortex.o
                0x08000b36                HAL_NVIC_SetPriority
 .text.HAL_SYSTICK_Config
                0x08000b6e       0x18 ./Drivers/STM32L4xx_HAL_Driver/Src/stm32l4xx_hal_cortex.o
                0x08000b6e                HAL_SYSTICK_Config
 *fill*         0x08000b86        0x2 
 .text.HAL_GPIO_Init
                0x08000b88      0x324 ./Drivers/STM32L4xx_HAL_Driver/Src/stm32l4xx_hal_gpio.o
                0x08000b88                HAL_GPIO_Init
 .text.HAL_GPIO_WritePin
                0x08000eac       0x30 ./Drivers/STM32L4xx_HAL_Driver/Src/stm32l4xx_hal_gpio.o
                0x08000eac                HAL_GPIO_WritePin
 .text.HAL_PWREx_GetVoltageRange
                0x08000edc       0x40 ./Drivers/STM32L4xx_HAL_Driver/Src/stm32l4xx_hal_pwr_ex.o
                0x08000edc                HAL_PWREx_GetVoltageRange
 .text.HAL_PWREx_ControlVoltageScaling
                0x08000f1c      0x148 ./Drivers/STM32L4xx_HAL_Driver/Src/stm32l4xx_hal_pwr_ex.o
                0x08000f1c                HAL_PWREx_ControlVoltageScaling
 .text.HAL_RCC_OscConfig
                0x08001064      0x834 ./Drivers/STM32L4xx_HAL_Driver/Src/stm32l4xx_hal_rcc.o
                0x08001064                HAL_RCC_OscConfig
 .text.HAL_RCC_ClockConfig
                0x08001898      0x274 ./Drivers/STM32L4xx_HAL_Driver/Src/stm32l4xx_hal_rcc.o
                0x08001898                HAL_RCC_ClockConfig
 .text.HAL_RCC_GetSysClockFreq
                0x08001b0c      0x118 ./Drivers/STM32L4xx_HAL_Driver/Src/stm32l4xx_hal_rcc.o
                0x08001b0c                HAL_RCC_GetSysClockFreq
 .text.RCC_SetFlashLatencyFromMSIRange
                0x08001c24       0xb4 ./Drivers/STM32L4xx_HAL_Driver/Src/stm32l4xx_hal_rcc.o
 .text.RCC_GetSysClockFreqFromPLLSource
                0x08001cd8       0xcc ./Drivers/STM32L4xx_HAL_Driver/Src/stm32l4xx_hal_rcc.o
 .text.HAL_SPI_Init
                0x08001da4      0x146 ./Drivers/STM32L4xx_HAL_Driver/Src/stm32l4xx_hal_spi.o
                0x08001da4                HAL_SPI_Init
 .text.HAL_SPI_Transmit
                0x08001eea      0x2ec ./Drivers/STM32L4xx_HAL_Driver/Src/stm32l4xx_hal_spi.o
                0x08001eea                HAL_SPI_Transmit
 *fill*         0x080021d6        0x2 
 .text.SPI_WaitFlagStateUntilTimeout
                0x080021d8      0x110 ./Drivers/STM32L4xx_HAL_Driver/Src/stm32l4xx_hal_spi.o
 .text.SPI_WaitFifoStateUntilTimeout
                0x080022e8      0x12c ./Drivers/STM32L4xx_HAL_Driver/Src/stm32l4xx_hal_spi.o
 .text.SPI_EndRxTxTransaction
                0x08002414       0x8c ./Drivers/STM32L4xx_HAL_Driver/Src/stm32l4xx_hal_spi.o
 .text.memset   0x080024a0       0x10 /Applications/STM32CubeIDE.app/Contents/Eclipse/plugins/com.st.stm32cube.ide.mcu.externaltools.gnu-tools-for-stm32.13.3.rel1.macos64_1.0.0.202411102158/tools/bin/../lib/gcc/arm-none-eabi/13.3.1/../../../../arm-none-eabi/lib/thumb/v7e-m+fp/hard/libc_nano.a(libc_a-memset.o)
                0x080024a0                memset
 .text.__libc_init_array
                0x080024b0       0x48 /Applications/STM32CubeIDE.app/Contents/Eclipse/plugins/com.st.stm32cube.ide.mcu.externaltools.gnu-tools-for-stm32.13.3.rel1.macos64_1.0.0.202411102158/tools/bin/../lib/gcc/arm-none-eabi/13.3.1/../../../../arm-none-eabi/lib/thumb/v7e-m+fp/hard/libc_nano.a(libc_a-init.o)
                0x080024b0                __libc_init_array
 *(.glue_7)
 .glue_7        0x080024f8        0x0 linker stubs
 *(.glue_7t)
 .glue_7t       0x080024f8        0x0 linker stubs
 *(.eh_frame)
 .eh_frame      0x080024f8        0x0 /Applications/STM32CubeIDE.app/Contents/Eclipse/plugins/com.st.stm32cube.ide.mcu.externaltools.gnu-tools-for-stm32.13.3.rel1.macos64_1.0.0.202411102158/tools/bin/../lib/gcc/arm-none-eabi/13.3.1/thumb/v7e-m+fp/hard/crtbegin.o
 *(.init)
 .init          0x080024f8        0x4 /Applications/STM32CubeIDE.app/Contents/Eclipse/plugins/com.st.stm32cube.ide.mcu.externaltools.gnu-tools-for-stm32.13.3.rel1.macos64_1.0.0.202411102158/tools/bin/../lib/gcc/arm-none-eabi/13.3.1/thumb/v7e-m+fp/hard/crti.o
                0x080024f8                _init
 .init          0x080024fc        0x8 /Applications/STM32CubeIDE.app/Contents/Eclipse/plugins/com.st.stm32cube.ide.mcu.externaltools.gnu-tools-for-stm32.13.3.rel1.macos64_1.0.0.202411102158/tools/bin/../lib/gcc/arm-none-eabi/13.3.1/thumb/v7e-m+fp/hard/crtn.o
 *(.fini)
 .fini          0x08002504        0x4 /Applications/STM32CubeIDE.app/Contents/Eclipse/plugins/com.st.stm32cube.ide.mcu.externaltools.gnu-tools-for-stm32.13.3.rel1.macos64_1.0.0.202411102158/tools/bin/../lib/gcc/arm-none-eabi/13.3.1/thumb/v7e-m+fp/hard/crti.o
                0x08002504                _fini
 .fini          0x08002508        0x8 /Applications/STM32CubeIDE.app/Contents/Eclipse/plugins/com.st.stm32cube.ide.mcu.externaltools.gnu-tools-for-stm32.13.3.rel1.macos64_1.0.0.202411102158/tools/bin/../lib/gcc/arm-none-eabi/13.3.1/thumb/v7e-m+fp/hard/crtn.o
                0x08002510                        . = ALIGN (0x4)
                0x08002510                        _etext = .

.vfp11_veneer   0x08002510        0x0
 .vfp11_veneer  0x08002510        0x0 linker stubs

.v4_bx          0x08002510        0x0
 .v4_bx         0x08002510        0x0 linker stubs

.iplt           0x08002510        0x0
 .iplt          0x08002510        0x0 /Applications/STM32CubeIDE.app/Contents/Eclipse/plugins/com.st.stm32cube.ide.mcu.externaltools.gnu-tools-for-stm32.13.3.rel1.macos64_1.0.0.202411102158/tools/bin/../lib/gcc/arm-none-eabi/13.3.1/thumb/v7e-m+fp/hard/crtbegin.o

.rodata         0x08002510       0x9c
                0x08002510                        . = ALIGN (0x4)
 *(.rodata)
 .rodata        0x08002510        0xc ./Core/Src/main.o
 *(.rodata*)
 .rodata.font_digits
                0x0800251c       0x50 ./Core/Src/main.o
                0x0800251c                font_digits
 .rodata.AHBPrescTable
                0x0800256c       0x10 ./Core/Src/system_stm32l4xx.o
                0x0800256c                AHBPrescTable
 .rodata.MSIRangeTable
                0x0800257c       0x30 ./Core/Src/system_stm32l4xx.o
                0x0800257c                MSIRangeTable
                0x080025ac                        . = ALIGN (0x4)

.ARM.extab      0x080025ac        0x0
                0x080025ac                        . = ALIGN (0x4)
 *(.ARM.extab* .gnu.linkonce.armextab.*)
                0x080025ac                        . = ALIGN (0x4)

.ARM            0x080025ac        0x0
                0x080025ac                        . = ALIGN (0x4)
                0x080025ac                        __exidx_start = .
 *(.ARM.exidx*)
                0x080025ac                        __exidx_end = .
                0x080025ac                        . = ALIGN (0x4)

.preinit_array  0x080025ac        0x0
                0x080025ac                        . = ALIGN (0x4)
                0x080025ac                        PROVIDE (__preinit_array_start = .)
 *(.preinit_array*)
                0x080025ac                        PROVIDE (__preinit_array_end = .)
                0x080025ac                        . = ALIGN (0x4)

.init_array     0x080025ac        0x4
                0x080025ac                        . = ALIGN (0x4)
                0x080025ac                        PROVIDE (__init_array_start = .)
 *(SORT_BY_NAME(.init_array.*))
 *(.init_array*)
 .init_array    0x080025ac        0x4 /Applications/STM32CubeIDE.app/Contents/Eclipse/plugins/com.st.stm32cube.ide.mcu.externaltools.gnu-tools-for-stm32.13.3.rel1.macos64_1.0.0.202411102158/tools/bin/../lib/gcc/arm-none-eabi/13.3.1/thumb/v7e-m+fp/hard/crtbegin.o
                0x080025b0                        PROVIDE (__init_array_end = .)
                0x080025b0                        . = ALIGN (0x4)

.fini_array     0x080025b0        0x4
                0x080025b0                        . = ALIGN (0x4)
                [!provide]                        PROVIDE (__fini_array_start = .)
 *(SORT_BY_NAME(.fini_array.*))
 *(.fini_array*)
 .fini_array    0x080025b0        0x4 /Applications/STM32CubeIDE.app/Contents/Eclipse/plugins/com.st.stm32cube.ide.mcu.externaltools.gnu-tools-for-stm32.13.3.rel1.macos64_1.0.0.202411102158/tools/bin/../lib/gcc/arm-none-eabi/13.3.1/thumb/v7e-m+fp/hard/crtbegin.o
                [!provide]                        PROVIDE (__fini_array_end = .)
                0x080025b4                        . = ALIGN (0x4)
                0x080025b4                        _sidata = LOADADDR (.data)

.rel.dyn        0x080025b4        0x0
 .rel.iplt      0x080025b4        0x0 /Applications/STM32CubeIDE.app/Contents/Eclipse/plugins/com.st.stm32cube.ide.mcu.externaltools.gnu-tools-for-stm32.13.3.rel1.macos64_1.0.0.202411102158/tools/bin/../lib/gcc/arm-none-eabi/13.3.1/thumb/v7e-m+fp/hard/crtbegin.o

.data           0x20040000       0x10 load address 0x080025b4
                0x20040000                        . = ALIGN (0x4)
                0x20040000                        _sdata = .
 *(.data)
 *(.data*)
 .data.RGB_MODE
                0x20040000        0x1 ./Core/Src/main.o
                0x20040000                RGB_MODE
 *fill*         0x20040001        0x3 
 .data.SystemCoreClock
                0x20040004        0x4 ./Core/Src/system_stm32l4xx.o
                0x20040004                SystemCoreClock
 .data.uwTickPrio
                0x20040008        0x4 ./Drivers/STM32L4xx_HAL_Driver/Src/stm32l4xx_hal.o
                0x20040008                uwTickPrio
 .data.uwTickFreq
                0x2004000c        0x1 ./Drivers/STM32L4xx_HAL_Driver/Src/stm32l4xx_hal.o
                0x2004000c                uwTickFreq
 *(.RamFunc)
 *(.RamFunc*)
                0x20040010                        . = ALIGN (0x4)
 *fill*         0x2004000d        0x3 
                0x20040010                        _edata = .

.igot.plt       0x20040010        0x0 load address 0x080025c4
 .igot.plt      0x20040010        0x0 /Applications/STM32CubeIDE.app/Contents/Eclipse/plugins/com.st.stm32cube.ide.mcu.externaltools.gnu-tools-for-stm32.13.3.rel1.macos64_1.0.0.202411102158/tools/bin/../lib/gcc/arm-none-eabi/13.3.1/thumb/v7e-m+fp/hard/crtbegin.o
                0x20040010                        . = ALIGN (0x4)

.bss            0x20040010    0x25884 load address 0x080025c4
                0x20040010                        _sbss = .
                0x20040010                        __bss_start__ = _sbss
 *(.bss)
 .bss           0x20040010       0x1c /Applications/STM32CubeIDE.app/Contents/Eclipse/plugins/com.st.stm32cube.ide.mcu.externaltools.gnu-tools-for-stm32.13.3.rel1.macos64_1.0.0.202411102158/tools/bin/../lib/gcc/arm-none-eabi/13.3.1/thumb/v7e-m+fp/hard/crtbegin.o
 *(.bss*)
 .bss.hspi1     0x2004002c       0x64 ./Core/Src/main.o
                0x2004002c                hspi1
 .bss.frame     0x20040090    0x25800 ./Core/Src/main.o
                0x20040090                frame
 .bss.uwTick    0x20065890        0x4 ./Drivers/STM32L4xx_HAL_Driver/Src/stm32l4xx_hal.o
                0x20065890                uwTick
 *(COMMON)
                0x20065894                        . = ALIGN (0x4)
                0x20065894                        _ebss = .
                0x20065894                        __bss_end__ = _ebss

._user_heap_stack
                0x20065894      0x604 load address 0x080025c4
                0x20065898                        . = ALIGN (0x8)
 *fill*         0x20065894        0x4 
                [!provide]                        PROVIDE (end = .)
                0x20065898                        PROVIDE (_end = .)
                0x20065a98                        . = (. + _Min_Heap_Size)
 *fill*         0x20065898      0x200 
                0x20065e98                        . = (. + _Min_Stack_Size)
 *fill*         0x20065a98      0x400 
                0x20065e98                        . = ALIGN (0x8)

/DISCARD/
 libc.a(*)
 libm.a(*)
 libgcc.a(*)

.ARM.attributes
                0x00000000       0x30
 *(.ARM.attributes)
 .ARM.attributes
                0x00000000       0x22 /Applications/STM32CubeIDE.app/Contents/Eclipse/plugins/com.st.stm32cube.ide.mcu.externaltools.gnu-tools-for-stm32.13.3.rel1.macos64_1.0.0.202411102158/tools/bin/../lib/gcc/arm-none-eabi/13.3.1/thumb/v7e-m+fp/hard/crti.o
 .ARM.attributes
                0x00000022       0x34 /Applications/STM32CubeIDE.app/Contents/Eclipse/plugins/com.st.stm32cube.ide.mcu.externaltools.gnu-tools-for-stm32.13.3.rel1.macos64_1.0.0.202411102158/tools/bin/../lib/gcc/arm-none-eabi/13.3.1/thumb/v7e-m+fp/hard/crtbegin.o
 .ARM.attributes
                0x00000056       0x34 ./Core/Src/main.o
 .ARM.attributes
                0x0000008a       0x34 ./Core/Src/stm32l4xx_hal_msp.o
 .ARM.attributes
                0x000000be       0x34 ./Core/Src/stm32l4xx_it.o
 .ARM.attributes
                0x000000f2       0x34 ./Core/Src/system_stm32l4xx.o
 .ARM.attributes
                0x00000126       0x21 ./Core/Startup/startup_stm32l4r5zitxp.o
 .ARM.attributes
                0x00000147       0x34 ./Drivers/STM32L4xx_HAL_Driver/Src/stm32l4xx_hal.o
 .ARM.attributes
                0x0000017b       0x34 ./Drivers/STM32L4xx_HAL_Driver/Src/stm32l4xx_hal_cortex.o
 .ARM.attributes
                0x000001af       0x34 ./Drivers/STM32L4xx_HAL_Driver/Src/stm32l4xx_hal_gpio.o
 .ARM.attributes
                0x000001e3       0x34 ./Drivers/STM32L4xx_HAL_Driver/Src/stm32l4xx_hal_pwr_ex.o
 .ARM.attributes
                0x00000217       0x34 ./Drivers/STM32L4xx_HAL_Driver/Src/stm32l4xx_hal_rcc.o
 .ARM.attributes
                0x0000024b       0x34 ./Drivers/STM32L4xx_HAL_Driver/Src/stm32l4xx_hal_spi.o
 .ARM.attributes
                0x0000027f       0x34 /Applications/STM32CubeIDE.app/Contents/Eclipse/plugins/com.st.stm32cube.ide.mcu.externaltools.gnu-tools-for-stm32.13.3.rel1.macos64_1.0.0.202411102158/tools/bin/../lib/gcc/arm-none-eabi/13.3.1/../../../../arm-none-eabi/lib/thumb/v7e-m+fp/hard/libc_nano.a(libc_a-memset.o)
 .ARM.attributes
                0x000002b3       0x34 /Applications/STM32CubeIDE.app/Contents/Eclipse/plugins/com.st.stm32cube.ide.mcu.externaltools.gnu-tools-for-stm32.13.3.rel1.macos64_1.0.0.202411102158/tools/bin/../lib/gcc/arm-none-eabi/13.3.1/../../../../arm-none-eabi/lib/thumb/v7e-m+fp/hard/libc_nano.a(libc_a-init.o)
 .ARM.attributes
                0x000002e7       0x22 /Applications/STM32CubeIDE.app/Contents/Eclipse/plugins/com.st.stm32cube.ide.mcu.externaltools.gnu-tools-for-stm32.13.3.rel1.macos64_1.0.0.202411102158/tools/bin/../lib/gcc/arm-none-eabi/13.3.1/thumb/v7e-m+fp/hard/crtn.o
OUTPUT(Final_Project_373_2.elf elf32-littlearm)
LOAD linker stubs
LOAD /Applications/STM32CubeIDE.app/Contents/Eclipse/plugins/com.st.stm32cube.ide.mcu.externaltools.gnu-tools-for-stm32.13.3.rel1.macos64_1.0.0.202411102158/tools/bin/../lib/gcc/arm-none-eabi/13.3.1/../../../../arm-none-eabi/lib/thumb/v7e-m+fp/hard/libc.a
LOAD /Applications/STM32CubeIDE.app/Contents/Eclipse/plugins/com.st.stm32cube.ide.mcu.externaltools.gnu-tools-for-stm32.13.3.rel1.macos64_1.0.0.202411102158/tools/bin/../lib/gcc/arm-none-eabi/13.3.1/../../../../arm-none-eabi/lib/thumb/v7e-m+fp/hard/libm.a
LOAD /Applications/STM32CubeIDE.app/Contents/Eclipse/plugins/com.st.stm32cube.ide.mcu.externaltools.gnu-tools-for-stm32.13.3.rel1.macos64_1.0.0.202411102158/tools/bin/../lib/gcc/arm-none-eabi/13.3.1/thumb/v7e-m+fp/hard/libgcc.a

.debug_info     0x00000000     0x6faf
 .debug_info    0x00000000      0xfa6 ./Core/Src/main.o
 .debug_info    0x00000fa6      0xadb ./Core/Src/stm32l4xx_hal_msp.o
 .debug_info    0x00001a81      0x113 ./Core/Src/stm32l4xx_it.o
 .debug_info    0x00001b94      0x5e9 ./Core/Src/system_stm32l4xx.o
 .debug_info    0x0000217d       0x30 ./Core/Startup/startup_stm32l4r5zitxp.o
 .debug_info    0x000021ad      0xb49 ./Drivers/STM32L4xx_HAL_Driver/Src/stm32l4xx_hal.o
 .debug_info    0x00002cf6      0xd99 ./Drivers/STM32L4xx_HAL_Driver/Src/stm32l4xx_hal_cortex.o
 .debug_info    0x00003a8f      0x787 ./Drivers/STM32L4xx_HAL_Driver/Src/stm32l4xx_hal_gpio.o
 .debug_info    0x00004216      0xa0a ./Drivers/STM32L4xx_HAL_Driver/Src/stm32l4xx_hal_pwr_ex.o
 .debug_info    0x00004c20      0xd32 ./Drivers/STM32L4xx_HAL_Driver/Src/stm32l4xx_hal_rcc.o
 .debug_info    0x00005952     0x165d ./Drivers/STM32L4xx_HAL_Driver/Src/stm32l4xx_hal_spi.o

.debug_abbrev   0x00000000     0x1477
 .debug_abbrev  0x00000000      0x296 ./Core/Src/main.o
 .debug_abbrev  0x00000296      0x1ab ./Core/Src/stm32l4xx_hal_msp.o
 .debug_abbrev  0x00000441       0x73 ./Core/Src/stm32l4xx_it.o
 .debug_abbrev  0x000004b4      0x11a ./Core/Src/system_stm32l4xx.o
 .debug_abbrev  0x000005ce       0x24 ./Core/Startup/startup_stm32l4r5zitxp.o
 .debug_abbrev  0x000005f2      0x242 ./Drivers/STM32L4xx_HAL_Driver/Src/stm32l4xx_hal.o
 .debug_abbrev  0x00000834      0x31c ./Drivers/STM32L4xx_HAL_Driver/Src/stm32l4xx_hal_cortex.o
 .debug_abbrev  0x00000b50      0x1cb ./Drivers/STM32L4xx_HAL_Driver/Src/stm32l4xx_hal_gpio.o
 .debug_abbrev  0x00000d1b      0x1f9 ./Drivers/STM32L4xx_HAL_Driver/Src/stm32l4xx_hal_pwr_ex.o
 .debug_abbrev  0x00000f14      0x306 ./Drivers/STM32L4xx_HAL_Driver/Src/stm32l4xx_hal_rcc.o
 .debug_abbrev  0x0000121a      0x25d ./Drivers/STM32L4xx_HAL_Driver/Src/stm32l4xx_hal_spi.o

.debug_aranges  0x00000000      0x7e0
 .debug_aranges
                0x00000000       0x70 ./Core/Src/main.o
 .debug_aranges
                0x00000070       0x30 ./Core/Src/stm32l4xx_hal_msp.o
 .debug_aranges
                0x000000a0       0x60 ./Core/Src/stm32l4xx_it.o
 .debug_aranges
                0x00000100       0x28 ./Core/Src/system_stm32l4xx.o
 .debug_aranges
                0x00000128       0x28 ./Core/Startup/startup_stm32l4r5zitxp.o
 .debug_aranges
                0x00000150      0x130 ./Drivers/STM32L4xx_HAL_Driver/Src/stm32l4xx_hal.o
 .debug_aranges
                0x00000280      0x128 ./Drivers/STM32L4xx_HAL_Driver/Src/stm32l4xx_hal_cortex.o
 .debug_aranges
                0x000003a8       0x58 ./Drivers/STM32L4xx_HAL_Driver/Src/stm32l4xx_hal_gpio.o
 .debug_aranges
                0x00000400      0x170 ./Drivers/STM32L4xx_HAL_Driver/Src/stm32l4xx_hal_pwr_ex.o
 .debug_aranges
                0x00000570       0x98 ./Drivers/STM32L4xx_HAL_Driver/Src/stm32l4xx_hal_rcc.o
 .debug_aranges
                0x00000608      0x1d8 ./Drivers/STM32L4xx_HAL_Driver/Src/stm32l4xx_hal_spi.o

.debug_rnglists
                0x00000000      0x5e2
 .debug_rnglists
                0x00000000       0x53 ./Core/Src/main.o
 .debug_rnglists
                0x00000053       0x20 ./Core/Src/stm32l4xx_hal_msp.o
 .debug_rnglists
                0x00000073       0x43 ./Core/Src/stm32l4xx_it.o
 .debug_rnglists
                0x000000b6       0x1a ./Core/Src/system_stm32l4xx.o
 .debug_rnglists
                0x000000d0       0x19 ./Core/Startup/startup_stm32l4r5zitxp.o
 .debug_rnglists
                0x000000e9       0xdf ./Drivers/STM32L4xx_HAL_Driver/Src/stm32l4xx_hal.o
 .debug_rnglists
                0x000001c8       0xda ./Drivers/STM32L4xx_HAL_Driver/Src/stm32l4xx_hal_cortex.o
 .debug_rnglists
                0x000002a2       0x3f ./Drivers/STM32L4xx_HAL_Driver/Src/stm32l4xx_hal_gpio.o
 .debug_rnglists
                0x000002e1      0x115 ./Drivers/STM32L4xx_HAL_Driver/Src/stm32l4xx_hal_pwr_ex.o
 .debug_rnglists
                0x000003f6       0x74 ./Drivers/STM32L4xx_HAL_Driver/Src/stm32l4xx_hal_rcc.o
 .debug_rnglists
                0x0000046a      0x178 ./Drivers/STM32L4xx_HAL_Driver/Src/stm32l4xx_hal_spi.o

.debug_macro    0x00000000    0x27da3
 .debug_macro   0x00000000      0x219 ./Core/Src/main.o
 .debug_macro   0x00000219      0xad8 ./Core/Src/main.o
 .debug_macro   0x00000cf1      0x1a1 ./Core/Src/main.o
 .debug_macro   0x00000e92       0x2e ./Core/Src/main.o
 .debug_macro   0x00000ec0       0x28 ./Core/Src/main.o
 .debug_macro   0x00000ee8       0x22 ./Core/Src/main.o
 .debug_macro   0x00000f0a       0x8e ./Core/Src/main.o
 .debug_macro   0x00000f98       0x51 ./Core/Src/main.o
 .debug_macro   0x00000fe9      0x103 ./Core/Src/main.o
 .debug_macro   0x000010ec       0x6a ./Core/Src/main.o
 .debug_macro   0x00001156      0x1df ./Core/Src/main.o
 .debug_macro   0x00001335       0x1c ./Core/Src/main.o
 .debug_macro   0x00001351       0x22 ./Core/Src/main.o
 .debug_macro   0x00001373       0xfb ./Core/Src/main.o
 .debug_macro   0x0000146e     0x1011 ./Core/Src/main.o
 .debug_macro   0x0000247f      0x11f ./Core/Src/main.o
 .debug_macro   0x0000259e    0x1cb71 ./Core/Src/main.o
 .debug_macro   0x0001f10f       0x6d ./Core/Src/main.o
 .debug_macro   0x0001f17c     0x3902 ./Core/Src/main.o
 .debug_macro   0x00022a7e      0x190 ./Core/Src/main.o
 .debug_macro   0x00022c0e       0x5c ./Core/Src/main.o
 .debug_macro   0x00022c6a     0x1884 ./Core/Src/main.o
 .debug_macro   0x000244ee      0x7dc ./Core/Src/main.o
 .debug_macro   0x00024cca      0x1b9 ./Core/Src/main.o
 .debug_macro   0x00024e83      0x225 ./Core/Src/main.o
 .debug_macro   0x000250a8      0x486 ./Core/Src/main.o
 .debug_macro   0x0002552e      0x1ce ./Core/Src/main.o
 .debug_macro   0x000256fc       0x43 ./Core/Src/main.o
 .debug_macro   0x0002573f      0x23d ./Core/Src/main.o
 .debug_macro   0x0002597c      0x241 ./Core/Src/main.o
 .debug_macro   0x00025bbd      0x416 ./Core/Src/main.o
 .debug_macro   0x00025fd3       0x1c ./Core/Src/main.o
 .debug_macro   0x00025fef       0xf2 ./Core/Src/main.o
 .debug_macro   0x000260e1      0x122 ./Core/Src/main.o
 .debug_macro   0x00026203      0x3f6 ./Core/Src/main.o
 .debug_macro   0x000265f9      0x2fe ./Core/Src/main.o
 .debug_macro   0x000268f7      0x432 ./Core/Src/main.o
 .debug_macro   0x00026d29      0x1c5 ./Core/Src/stm32l4xx_hal_msp.o
 .debug_macro   0x00026eee      0x1cf ./Core/Src/stm32l4xx_it.o
 .debug_macro   0x000270bd      0x1bb ./Core/Src/system_stm32l4xx.o
 .debug_macro   0x00027278      0x209 ./Drivers/STM32L4xx_HAL_Driver/Src/stm32l4xx_hal.o
 .debug_macro   0x00027481      0x1bb ./Drivers/STM32L4xx_HAL_Driver/Src/stm32l4xx_hal_cortex.o
 .debug_macro   0x0002763c      0x1c2 ./Drivers/STM32L4xx_HAL_Driver/Src/stm32l4xx_hal_gpio.o
 .debug_macro   0x000277fe      0x1e5 ./Drivers/STM32L4xx_HAL_Driver/Src/stm32l4xx_hal_pwr_ex.o
 .debug_macro   0x000279e3      0x1fd ./Drivers/STM32L4xx_HAL_Driver/Src/stm32l4xx_hal_rcc.o
 .debug_macro   0x00027be0      0x1c3 ./Drivers/STM32L4xx_HAL_Driver/Src/stm32l4xx_hal_spi.o

.debug_line     0x00000000     0x7fc2
 .debug_line    0x00000000      0x94a ./Core/Src/main.o
 .debug_line    0x0000094a      0x722 ./Core/Src/stm32l4xx_hal_msp.o
 .debug_line    0x0000106c      0x772 ./Core/Src/stm32l4xx_it.o
 .debug_line    0x000017de      0x761 ./Core/Src/system_stm32l4xx.o
 .debug_line    0x00001f3f       0x7a ./Core/Startup/startup_stm32l4r5zitxp.o
 .debug_line    0x00001fb9      0xac9 ./Drivers/STM32L4xx_HAL_Driver/Src/stm32l4xx_hal.o
 .debug_line    0x00002a82      0xc64 ./Drivers/STM32L4xx_HAL_Driver/Src/stm32l4xx_hal_cortex.o
 .debug_line    0x000036e6      0xb05 ./Drivers/STM32L4xx_HAL_Driver/Src/stm32l4xx_hal_gpio.o
 .debug_line    0x000041eb      0xd20 ./Drivers/STM32L4xx_HAL_Driver/Src/stm32l4xx_hal_pwr_ex.o
 .debug_line    0x00004f0b     0x110e ./Drivers/STM32L4xx_HAL_Driver/Src/stm32l4xx_hal_rcc.o
 .debug_line    0x00006019     0x1fa9 ./Drivers/STM32L4xx_HAL_Driver/Src/stm32l4xx_hal_spi.o

.debug_str      0x00000000    0xf4ed6
 .debug_str     0x00000000    0xf4ed6 ./Core/Src/main.o
                              0xf313a (size before relaxing)
 .debug_str     0x000f4ed6    0xf2c2a ./Core/Src/stm32l4xx_hal_msp.o
 .debug_str     0x000f4ed6    0xf25ae ./Core/Src/stm32l4xx_it.o
 .debug_str     0x000f4ed6    0xf275b ./Core/Src/system_stm32l4xx.o
 .debug_str     0x000f4ed6       0xa5 ./Core/Startup/startup_stm32l4r5zitxp.o
 .debug_str     0x000f4ed6    0xf332b ./Drivers/STM32L4xx_HAL_Driver/Src/stm32l4xx_hal.o
 .debug_str     0x000f4ed6    0xf2fec ./Drivers/STM32L4xx_HAL_Driver/Src/stm32l4xx_hal_cortex.o
 .debug_str     0x000f4ed6    0xf28d5 ./Drivers/STM32L4xx_HAL_Driver/Src/stm32l4xx_hal_gpio.o
 .debug_str     0x000f4ed6    0xf2d2e ./Drivers/STM32L4xx_HAL_Driver/Src/stm32l4xx_hal_pwr_ex.o
 .debug_str     0x000f4ed6    0xf2dce ./Drivers/STM32L4xx_HAL_Driver/Src/stm32l4xx_hal_rcc.o
 .debug_str     0x000f4ed6    0xf3052 ./Drivers/STM32L4xx_HAL_Driver/Src/stm32l4xx_hal_spi.o

.comment        0x00000000       0x43
 .comment       0x00000000       0x43 ./Core/Src/main.o
                                 0x44 (size before relaxing)
 .comment       0x00000043       0x44 ./Core/Src/stm32l4xx_hal_msp.o
 .comment       0x00000043       0x44 ./Core/Src/stm32l4xx_it.o
 .comment       0x00000043       0x44 ./Core/Src/system_stm32l4xx.o
 .comment       0x00000043       0x44 ./Drivers/STM32L4xx_HAL_Driver/Src/stm32l4xx_hal.o
 .comment       0x00000043       0x44 ./Drivers/STM32L4xx_HAL_Driver/Src/stm32l4xx_hal_cortex.o
 .comment       0x00000043       0x44 ./Drivers/STM32L4xx_HAL_Driver/Src/stm32l4xx_hal_gpio.o
 .comment       0x00000043       0x44 ./Drivers/STM32L4xx_HAL_Driver/Src/stm32l4xx_hal_pwr_ex.o
 .comment       0x00000043       0x44 ./Drivers/STM32L4xx_HAL_Driver/Src/stm32l4xx_hal_rcc.o
 .comment       0x00000043       0x44 ./Drivers/STM32L4xx_HAL_Driver/Src/stm32l4xx_hal_spi.o

.debug_frame    0x00000000     0x1ee4
 .debug_frame   0x00000000      0x184 ./Core/Src/main.o
 .debug_frame   0x00000184       0x80 ./Core/Src/stm32l4xx_hal_msp.o
 .debug_frame   0x00000204      0x104 ./Core/Src/stm32l4xx_it.o
 .debug_frame   0x00000308       0x58 ./Core/Src/system_stm32l4xx.o
 .debug_frame   0x00000360      0x498 ./Drivers/STM32L4xx_HAL_Driver/Src/stm32l4xx_hal.o
 .debug_frame   0x000007f8      0x4e8 ./Drivers/STM32L4xx_HAL_Driver/Src/stm32l4xx_hal_cortex.o
 .debug_frame   0x00000ce0      0x14c ./Drivers/STM32L4xx_HAL_Driver/Src/stm32l4xx_hal_gpio.o
 .debug_frame   0x00000e2c      0x5c4 ./Drivers/STM32L4xx_HAL_Driver/Src/stm32l4xx_hal_pwr_ex.o
 .debug_frame   0x000013f0      0x248 ./Drivers/STM32L4xx_HAL_Driver/Src/stm32l4xx_hal_rcc.o
 .debug_frame   0x00001638      0x860 ./Drivers/STM32L4xx_HAL_Driver/Src/stm32l4xx_hal_spi.o
 .debug_frame   0x00001e98       0x20 /Applications/STM32CubeIDE.app/Contents/Eclipse/plugins/com.st.stm32cube.ide.mcu.externaltools.gnu-tools-for-stm32.13.3.rel1.macos64_1.0.0.202411102158/tools/bin/../lib/gcc/arm-none-eabi/13.3.1/../../../../arm-none-eabi/lib/thumb/v7e-m+fp/hard/libc_nano.a(libc_a-memset.o)
 .debug_frame   0x00001eb8       0x2c /Applications/STM32CubeIDE.app/Contents/Eclipse/plugins/com.st.stm32cube.ide.mcu.externaltools.gnu-tools-for-stm32.13.3.rel1.macos64_1.0.0.202411102158/tools/bin/../lib/gcc/arm-none-eabi/13.3.1/../../../../arm-none-eabi/lib/thumb/v7e-m+fp/hard/libc_nano.a(libc_a-init.o)

.debug_line_str
                0x00000000       0x89
 .debug_line_str
                0x00000000       0x89 ./Core/Startup/startup_stm32l4r5zitxp.o
