Archive member included to satisfy reference by file (symbol)

C:/ST/STM32CubeIDE_1.19.0/STM32CubeIDE/plugins/com.st.stm32cube.ide.mcu.externaltools.gnu-tools-for-stm32.13.3.rel1.win32_1.0.0.202411081344/tools/bin/../lib/gcc/arm-none-eabi/13.3.1/../../../../arm-none-eabi/lib/thumb/v7e-m+fp/hard\libc_nano.a(libc_a-exit.o)
                              C:/ST/STM32CubeIDE_1.19.0/STM32CubeIDE/plugins/com.st.stm32cube.ide.mcu.externaltools.gnu-tools-for-stm32.13.3.rel1.win32_1.0.0.202411081344/tools/bin/../lib/gcc/arm-none-eabi/13.3.1/../../../../arm-none-eabi/lib/thumb/v7e-m+fp/hard/crt0.o (exit)
C:/ST/STM32CubeIDE_1.19.0/STM32CubeIDE/plugins/com.st.stm32cube.ide.mcu.externaltools.gnu-tools-for-stm32.13.3.rel1.win32_1.0.0.202411081344/tools/bin/../lib/gcc/arm-none-eabi/13.3.1/../../../../arm-none-eabi/lib/thumb/v7e-m+fp/hard\libc_nano.a(libc_a-findfp.o)
                              C:/ST/STM32CubeIDE_1.19.0/STM32CubeIDE/plugins/com.st.stm32cube.ide.mcu.externaltools.gnu-tools-for-stm32.13.3.rel1.win32_1.0.0.202411081344/tools/bin/../lib/gcc/arm-none-eabi/13.3.1/../../../../arm-none-eabi/lib/thumb/v7e-m+fp/hard\libc_nano.a(libc_a-exit.o) (__stdio_exit_handler)
C:/ST/STM32CubeIDE_1.19.0/STM32CubeIDE/plugins/com.st.stm32cube.ide.mcu.externaltools.gnu-tools-for-stm32.13.3.rel1.win32_1.0.0.202411081344/tools/bin/../lib/gcc/arm-none-eabi/13.3.1/../../../../arm-none-eabi/lib/thumb/v7e-m+fp/hard\libc_nano.a(libc_a-fwalk.o)
                              C:/ST/STM32CubeIDE_1.19.0/STM32CubeIDE/plugins/com.st.stm32cube.ide.mcu.externaltools.gnu-tools-for-stm32.13.3.rel1.win32_1.0.0.202411081344/tools/bin/../lib/gcc/arm-none-eabi/13.3.1/../../../../arm-none-eabi/lib/thumb/v7e-m+fp/hard\libc_nano.a(libc_a-findfp.o) (_fwalk_sglue)
C:/ST/STM32CubeIDE_1.19.0/STM32CubeIDE/plugins/com.st.stm32cube.ide.mcu.externaltools.gnu-tools-for-stm32.13.3.rel1.win32_1.0.0.202411081344/tools/bin/../lib/gcc/arm-none-eabi/13.3.1/../../../../arm-none-eabi/lib/thumb/v7e-m+fp/hard\libc_nano.a(libc_a-stdio.o)
                              C:/ST/STM32CubeIDE_1.19.0/STM32CubeIDE/plugins/com.st.stm32cube.ide.mcu.externaltools.gnu-tools-for-stm32.13.3.rel1.win32_1.0.0.202411081344/tools/bin/../lib/gcc/arm-none-eabi/13.3.1/../../../../arm-none-eabi/lib/thumb/v7e-m+fp/hard\libc_nano.a(libc_a-findfp.o) (__sread)
C:/ST/STM32CubeIDE_1.19.0/STM32CubeIDE/plugins/com.st.stm32cube.ide.mcu.externaltools.gnu-tools-for-stm32.13.3.rel1.win32_1.0.0.202411081344/tools/bin/../lib/gcc/arm-none-eabi/13.3.1/../../../../arm-none-eabi/lib/thumb/v7e-m+fp/hard\libc_nano.a(libc_a-memset.o)
                              C:/ST/STM32CubeIDE_1.19.0/STM32CubeIDE/plugins/com.st.stm32cube.ide.mcu.externaltools.gnu-tools-for-stm32.13.3.rel1.win32_1.0.0.202411081344/tools/bin/../lib/gcc/arm-none-eabi/13.3.1/../../../../arm-none-eabi/lib/thumb/v7e-m+fp/hard/crt0.o (memset)
C:/ST/STM32CubeIDE_1.19.0/STM32CubeIDE/plugins/com.st.stm32cube.ide.mcu.externaltools.gnu-tools-for-stm32.13.3.rel1.win32_1.0.0.202411081344/tools/bin/../lib/gcc/arm-none-eabi/13.3.1/../../../../arm-none-eabi/lib/thumb/v7e-m+fp/hard\libc_nano.a(libc_a-closer.o)
                              C:/ST/STM32CubeIDE_1.19.0/STM32CubeIDE/plugins/com.st.stm32cube.ide.mcu.externaltools.gnu-tools-for-stm32.13.3.rel1.win32_1.0.0.202411081344/tools/bin/../lib/gcc/arm-none-eabi/13.3.1/../../../../arm-none-eabi/lib/thumb/v7e-m+fp/hard\libc_nano.a(libc_a-stdio.o) (_close_r)
C:/ST/STM32CubeIDE_1.19.0/STM32CubeIDE/plugins/com.st.stm32cube.ide.mcu.externaltools.gnu-tools-for-stm32.13.3.rel1.win32_1.0.0.202411081344/tools/bin/../lib/gcc/arm-none-eabi/13.3.1/../../../../arm-none-eabi/lib/thumb/v7e-m+fp/hard\libc_nano.a(libc_a-reent.o)
                              C:/ST/STM32CubeIDE_1.19.0/STM32CubeIDE/plugins/com.st.stm32cube.ide.mcu.externaltools.gnu-tools-for-stm32.13.3.rel1.win32_1.0.0.202411081344/tools/bin/../lib/gcc/arm-none-eabi/13.3.1/../../../../arm-none-eabi/lib/thumb/v7e-m+fp/hard\libc_nano.a(libc_a-closer.o) (errno)
C:/ST/STM32CubeIDE_1.19.0/STM32CubeIDE/plugins/com.st.stm32cube.ide.mcu.externaltools.gnu-tools-for-stm32.13.3.rel1.win32_1.0.0.202411081344/tools/bin/../lib/gcc/arm-none-eabi/13.3.1/../../../../arm-none-eabi/lib/thumb/v7e-m+fp/hard\libc_nano.a(libc_a-impure.o)
                              C:/ST/STM32CubeIDE_1.19.0/STM32CubeIDE/plugins/com.st.stm32cube.ide.mcu.externaltools.gnu-tools-for-stm32.13.3.rel1.win32_1.0.0.202411081344/tools/bin/../lib/gcc/arm-none-eabi/13.3.1/../../../../arm-none-eabi/lib/thumb/v7e-m+fp/hard\libc_nano.a(libc_a-reent.o) (_impure_ptr)
C:/ST/STM32CubeIDE_1.19.0/STM32CubeIDE/plugins/com.st.stm32cube.ide.mcu.externaltools.gnu-tools-for-stm32.13.3.rel1.win32_1.0.0.202411081344/tools/bin/../lib/gcc/arm-none-eabi/13.3.1/../../../../arm-none-eabi/lib/thumb/v7e-m+fp/hard\libc_nano.a(libc_a-lseekr.o)
[...]
Memory Configuration

Name             Origin             Length             Attributes
RAM              0x20000000         0x00030000         xrw
RAM2             0x10000000         0x00010000         xrw
RAM3             0x20040000         0x00060000         xrw
FLASH            0x08000000         0x00200000         xr
*default*        0x00000000         0xffffffff

Linker script and memory map

LOAD C:/ST/STM32CubeIDE_1.19.0/STM32CubeIDE/plugins/com.st.stm32cube.ide.mcu.externaltools.gnu-tools-for-stm32.13.3.rel1.win32_1.0.0.202411081344/tools/bin/../lib/gcc/arm-none-eabi/13.3.1/thumb/v7e-m+fp/hard/crti.o
LOAD C:/ST/STM32CubeIDE_1.19.0/STM32CubeIDE/plugins/com.st.stm32cube.ide.mcu.externaltools.gnu-tools-for-stm32.13.3.rel1.win32_1.0.0.202411081344/tools/bin/../lib/gcc/arm-none-eabi/13.3.1/thumb/v7e-m+fp/hard/crtbegin.o
LOAD C:/ST/STM32CubeIDE_1.19.0/STM32CubeIDE/plugins/com.st.stm32cube.ide.mcu.externaltools.gnu-tools-for-stm32.13.3.rel1.win32_1.0.0.202411081344/tools/bin/../lib/gcc/arm-none-eabi/13.3.1/../../../../arm-none-eabi/lib/thumb/v7e-m+fp/hard/crt0.o
LOAD ./Core/Src/main.o
LOAD ./Core/Src/stm32l4xx_hal_msp.o
LOAD ./Core/Src/stm32l4xx_it.o
LOAD ./Core/Src/syscalls.o
LOAD ./Core/Src/sysmem.o
LOAD ./Core/Src/system_stm32l4xx.o
LOAD ./Core/Startup/startup_stm32l4r5zitxp.o
LOAD ./Drivers/STM32L4xx_HAL_Driver/Src/stm32l4xx_hal.o
LOAD ./Drivers/STM32L4xx_HAL_Driver/Src/stm32l4xx_hal_cortex.o
LOAD ./Drivers/STM32L4xx_HAL_Driver/Src/stm32l4xx_hal_dma.o
LOAD ./Drivers/STM32L4xx_HAL_Driver/Src/stm32l4xx_hal_dma_ex.o
LOAD ./Drivers/STM32L4xx_HAL_Driver/Src/stm32l4xx_hal_exti.o
LOAD ./Drivers/STM32L4xx_HAL_Driver/Src/stm32l4xx_hal_flash.o
LOAD ./Drivers/STM32L4xx_HAL_Driver/Src/stm32l4xx_hal_flash_ex.o
LOAD ./Drivers/STM32L4xx_HAL_Driver/Src/stm32l4xx_hal_flash_ramfunc.o
LOAD ./Drivers/STM32L4xx_HAL_Driver/Src/stm32l4xx_hal_gpio.o
LOAD ./Drivers/STM32L4xx_HAL_Driver/Src/stm32l4xx_hal_i2c.o
LOAD ./Drivers/STM32L4xx_HAL_Driver/Src/stm32l4xx_hal_i2c_ex.o
LOAD ./Drivers/STM32L4xx_HAL_Driver/Src/stm32l4xx_hal_pwr.o
LOAD ./Drivers/STM32L4xx_HAL_Driver/Src/stm32l4xx_hal_pwr_ex.o
LOAD ./Drivers/STM32L4xx_HAL_Driver/Src/stm32l4xx_hal_rcc.o
LOAD ./Drivers/STM32L4xx_HAL_Driver/Src/stm32l4xx_hal_rcc_ex.o
LOAD ./Drivers/STM32L4xx_HAL_Driver/Src/stm32l4xx_hal_spi.o
LOAD ./Drivers/STM32L4xx_HAL_Driver/Src/stm32l4xx_hal_spi_ex.o
START GROUP
LOAD C:/ST/STM32CubeIDE_1.19.0/STM32CubeIDE/plugins/com.st.stm32cube.ide.mcu.externaltools.gnu-tools-for-stm32.13.3.rel1.win32_1.0.0.202411081344/tools/bin/../lib/gcc/arm-none-eabi/13.3.1/../../../../arm-none-eabi/lib/thumb/v7e-m+fp/hard\libc_nano.a
LOAD C:/ST/STM32CubeIDE_1.19.0/STM32CubeIDE/plugins/com.st.stm32cube.ide.mcu.externaltools.gnu-tools-for-stm32.13.3.rel1.win32_1.0.0.202411081344/tools/bin/../lib/gcc/arm-none-eabi/13.3.1/../../../../arm-none-eabi/lib/thumb/v7e-m+fp/hard\libm.a
END GROUP
START GROUP
LOAD C:/ST/STM32CubeIDE_1.19.0/STM32CubeIDE/plugins/com.st.stm32cube.ide.mcu.externaltools.gnu-tools-for-stm32.13.3.rel1.win32_1.0.0.202411081344/tools/bin/../lib/gcc/arm-none-eabi/13.3.1/thumb/v7e-m+fp/hard\libgcc.a
LOAD C:/ST/STM32CubeIDE_1.19.0/STM32CubeIDE/plugins/com.st.stm32cube.ide.mcu.externaltools.gnu-tools-for-stm32.13.3.rel1.win32_1.0.0.202411081344/tools/bin/../lib/gcc/arm-none-eabi/13.3.1/../../../../arm-none-eabi/lib/thumb/v7e-m+fp/hard\libc_nano.a
END GROUP
START GROUP
LOAD C:/ST/STM32CubeIDE_1.19.0/STM32CubeIDE/plugins/com.st.stm32cube.ide.mcu.externaltools.gnu-tools-for-stm32.13.3.rel1.win32_1.0.0.202411081344/tools/bin/../lib/gcc/arm-none-eabi/13.3.1/thumb/v7e-m+fp/hard\libgcc.a
LOAD C:/ST/STM32CubeIDE_1.19.0/STM32CubeIDE/plugins/com.st.stm32cube.ide.mcu.externaltools.gnu-tools-for-stm32.13.3.rel1.win32_1.0.0.202411081344/tools/bin/../lib/gcc/arm-none-eabi/13.3.1/../../../../arm-none-eabi/lib/thumb/v7e-m+fp/hard\libc_nano.a
LOAD C:/ST/STM32CubeIDE_1.19.0/STM32CubeIDE/plugins/com.st.stm32cube.ide.mcu.externaltools.gnu-tools-for-stm32.13.3.rel1.win32_1.0.0.202411081344/tools/bin/../lib/gcc/arm-none-eabi/13.3.1/../../../../arm-none-eabi/lib/thumb/v7e-m+fp/hard\libnosys.a
END GROUP
START GROUP
LOAD C:/ST/STM32CubeIDE_1.19.0/STM32CubeIDE/plugins/com.st.stm32cube.ide.mcu.externaltools.gnu-tools-for-stm32.13.3.rel1.win32_1.0.0.202411081344/tools/bin/../lib/gcc/arm-none-eabi/13.3.1/thumb/v7e-m+fp/hard\libgcc.a
LOAD C:/ST/STM32CubeIDE_1.19.0/STM32CubeIDE/plugins/com.st.stm32cube.ide.mcu.externaltools.gnu-tools-for-stm32.13.3.rel1.win32_1.0.0.202411081344/tools/bin/../lib/gcc/arm-none-eabi/13.3.1/../../../../arm-none-eabi/lib/thumb/v7e-m+fp/hard\libc_nano.a
LOAD C:/ST/STM32CubeIDE_1.19.0/STM32CubeIDE/plugins/com.st.stm32cube.ide.mcu.externaltools.gnu-tools-for-stm32.13.3.rel1.win32_1.0.0.202411081344/tools/bin/../lib/gcc/arm-none-eabi/13.3.1/../../../../arm-none-eabi/lib/thumb/v7e-m+fp/hard\libnosys.a
END GROUP
LOAD C:/ST/STM32CubeIDE_1.19.0/STM32CubeIDE/plugins/com.st.stm32cube.ide.mcu.externaltools.gnu-tools-for-stm32.13.3.rel1.win32_1.0.0.202411081344/tools/bin/../lib/gcc/arm-none-eabi/13.3.1/thumb/v7e-m+fp/hard/crtend.o
LOAD C:/ST/STM32CubeIDE_1.19.0/STM32CubeIDE/plugins/com.st.stm32cube.ide.mcu.externaltools.gnu-tools-for-stm32.13.3.rel1.win32_1.0.0.202411081344/tools/bin/../lib/gcc/arm-none-eabi/13.3.1/thumb/v7e-m+fp/hard/crtn.o
                0x200a0000                        _estack = (ORIGIN (RAM3) + LENGTH (RAM3))
                0x00000200                        _Min_Heap_Size = 0x200
                0x00000400                        _Min_Stack_Size = 0x400

.isr_vector     0x08000000      0x1bc
                0x08000000                        . = ALIGN (0x4)
 *(.isr_vector)
 .isr_vector    0x08000000      0x1bc ./Core/Startup/startup_stm32l4r5zitxp.o
                0x08000000                g_pfnVectors
                0x080001bc                        . = ALIGN (0x4)

.text           0x080001bc     0x2750
                0x080001bc                        . = ALIGN (0x4)
 *(.text)
 .text          0x080001bc       0x40 C:/ST/STM32CubeIDE_1.19.0/STM32CubeIDE/plugins/com.st.stm32cube.ide.mcu.externaltools.gnu-tools-for-stm32.13.3.rel1.win32_1.0.0.202411081344/tools/bin/../lib/gcc/arm-none-eabi/13.3.1/thumb/v7e-m+fp/hard/crtbegin.o
 *(.text*)
 .text.WriteCommand
                0x080001fc       0x4c ./Core/Src/main.o
                0x080001fc                WriteCommand
 .text.WriteData
                0x08000248       0x50 ./Core/Src/main.o
                0x08000248                WriteData
 .text.main     0x08000298      0x26c ./Core/Src/main.o
                0x08000298                main
 .text.SystemClock_Config
                0x08000504       0xa2 ./Core/Src/main.o
                0x08000504                SystemClock_Config
 *fill*         0x080005a6        0x2 
 .text.MX_SPI1_Init
                0x080005a8       0x7c ./Core/Src/main.o
 .text.MX_GPIO_Init
                0x08000624      0x490 ./Core/Src/main.o
 .text.Error_Handler
                0x08000ab4        0xc ./Core/Src/main.o
                0x08000ab4                Error_Handler
 .text.HAL_MspInit
                0x08000ac0       0x48 ./Core/Src/stm32l4xx_hal_msp.o
                0x08000ac0                HAL_MspInit
 .text.HAL_SPI_MspInit
                0x08000b08       0x88 ./Core/Src/stm32l4xx_hal_msp.o
                0x08000b08                HAL_SPI_MspInit
 .text.NMI_Handler
                0x08000b90        0x8 ./Core/Src/stm32l4xx_it.o
                0x08000b90                NMI_Handler
 .text.HardFault_Handler
                0x08000b98        0x8 ./Core/Src/stm32l4xx_it.o
                0x08000b98                HardFault_Handler
 .text.MemManage_Handler
                0x08000ba0        0x8 ./Core/Src/stm32l4xx_it.o
                0x08000ba0                MemManage_Handler
 .text.BusFault_Handler
                0x08000ba8        0x8 ./Core/Src/stm32l4xx_it.o
                0x08000ba8                BusFault_Handler
 .text.UsageFault_Handler
                0x08000bb0        0x8 ./Core/Src/stm32l4xx_it.o
                0x08000bb0                UsageFault_Handler
 .text.SVC_Handler
                0x08000bb8        0xe ./Core/Src/stm32l4xx_it.o
                0x08000bb8                SVC_Handler
 .text.DebugMon_Handler
                0x08000bc6        0xe ./Core/Src/stm32l4xx_it.o
                0x08000bc6                DebugMon_Handler
 .text.PendSV_Handler
                0x08000bd4        0xe ./Core/Src/stm32l4xx_it.o
                0x08000bd4                PendSV_Handler
 .text.SysTick_Handler
                0x08000be2        0xc ./Core/Src/stm32l4xx_it.o
                0x08000be2                SysTick_Handler
 *fill*         0x08000bee        0x2 
 .text.SystemInit
                0x08000bf0       0x24 ./Core/Src/system_stm32l4xx.o
                0x08000bf0                SystemInit
 .text.Reset_Handler
                0x08000c14       0x50 ./Core/Startup/startup_stm32l4r5zitxp.o
                0x08000c14                Reset_Handler
 .text.Default_Handler
                0x08000c64        0x2 ./Core/Startup/startup_stm32l4r5zitxp.o
                0x08000c64                RTC_Alarm_IRQHandler
                0x08000c64                EXTI2_IRQHandler
                0x08000c64                TIM8_TRG_COM_IRQHandler
                0x08000c64                TIM8_CC_IRQHandler
                0x08000c64                TIM1_CC_IRQHandler
                0x08000c64                TSC_IRQHandler
                0x08000c64                TAMP_STAMP_IRQHandler
                0x08000c64                EXTI3_IRQHandler
                0x08000c64                LPTIM2_IRQHandler
                0x08000c64                DFSDM1_FLT1_IRQHandler
                0x08000c64                GFXMMU_IRQHandler
                0x08000c64                I2C3_ER_IRQHandler
                0x08000c64                DFSDM1_FLT2_IRQHandler
                0x08000c64                EXTI0_IRQHandler
                0x08000c64                I2C2_EV_IRQHandler
                0x08000c64                CAN1_RX0_IRQHandler
                0x08000c64                FPU_IRQHandler
                0x08000c64                TIM1_UP_TIM16_IRQHandler
                0x08000c64                LTDC_ER_IRQHandler
                0x08000c64                SPI1_IRQHandler
                0x08000c64                OCTOSPI1_IRQHandler
                0x08000c64                TIM6_DAC_IRQHandler
                0x08000c64                DCMI_IRQHandler
                0x08000c64                TIM8_UP_IRQHandler
                0x08000c64                OCTOSPI2_IRQHandler
                0x08000c64                DMA2_Channel2_IRQHandler
                0x08000c64                DMA1_Channel4_IRQHandler
                0x08000c64                SAI2_IRQHandler
                0x08000c64                ADC1_IRQHandler
                0x08000c64                DFSDM1_FLT3_IRQHandler
                0x08000c64                USART3_IRQHandler
                0x08000c64                DMA1_Channel7_IRQHandler
                0x08000c64                CAN1_RX1_IRQHandler
                0x08000c64                UART5_IRQHandler
                0x08000c64                TIM4_IRQHandler
                0x08000c64                DMA2_Channel1_IRQHandler
                0x08000c64                I2C1_EV_IRQHandler
                0x08000c64                DMAMUX1_OVR_IRQHandler
                0x08000c64                DMA1_Channel6_IRQHandler
                0x08000c64                UART4_IRQHandler
                0x08000c64                DMA2_Channel4_IRQHandler
                0x08000c64                TIM3_IRQHandler
                0x08000c64                RCC_IRQHandler
                0x08000c64                DMA1_Channel1_IRQHandler
                0x08000c64                Default_Handler
                0x08000c64                DMA2_Channel7_IRQHandler
                0x08000c64                EXTI15_10_IRQHandler
                0x08000c64                TIM7_IRQHandler
                0x08000c64                SDMMC1_IRQHandler
                0x08000c64                TIM5_IRQHandler
                0x08000c64                I2C3_EV_IRQHandler
                0x08000c64                EXTI9_5_IRQHandler
                0x08000c64                RTC_WKUP_IRQHandler
                0x08000c64                LTDC_IRQHandler
                0x08000c64                PVD_PVM_IRQHandler
                0x08000c64                SPI2_IRQHandler
                0x08000c64                CAN1_TX_IRQHandler
                0x08000c64                DMA2_Channel5_IRQHandler
                0x08000c64                CRS_IRQHandler
                0x08000c64                DMA1_Channel5_IRQHandler
                0x08000c64                EXTI4_IRQHandler
                0x08000c64                RNG_IRQHandler
                0x08000c64                TIM1_TRG_COM_TIM17_IRQHandler
                0x08000c64                DMA1_Channel3_IRQHandler
                0x08000c64                COMP_IRQHandler
                0x08000c64                WWDG_IRQHandler
                0x08000c64                I2C4_EV_IRQHandler
                0x08000c64                LPUART1_IRQHandler
                0x08000c64                DMA2_Channel6_IRQHandler
                0x08000c64                TIM2_IRQHandler
                0x08000c64                DMA2D_IRQHandler
                0x08000c64                EXTI1_IRQHandler
                0x08000c64                USART2_IRQHandler
                0x08000c64                DFSDM1_FLT0_IRQHandler
                0x08000c64                I2C2_ER_IRQHandler
                0x08000c64                DMA1_Channel2_IRQHandler
                0x08000c64                TIM8_BRK_IRQHandler
                0x08000c64                CAN1_SCE_IRQHandler
                0x08000c64                FLASH_IRQHandler
                0x08000c64                USART1_IRQHandler
                0x08000c64                OTG_FS_IRQHandler
                0x08000c64                SPI3_IRQHandler
                0x08000c64                I2C1_ER_IRQHandler
                0x08000c64                FMC_IRQHandler
                0x08000c64                LPTIM1_IRQHandler
                0x08000c64                I2C4_ER_IRQHandler
                0x08000c64                SAI1_IRQHandler
                0x08000c64                DMA2_Channel3_IRQHandler
                0x08000c64                TIM1_BRK_TIM15_IRQHandler
 .text.HAL_Init
                0x08000c66       0x30 ./Drivers/STM32L4xx_HAL_Driver/Src/stm32l4xx_hal.o
                0x08000c66                HAL_Init
 *fill*         0x08000c96        0x2 
 .text.HAL_InitTick
                0x08000c98       0x78 ./Drivers/STM32L4xx_HAL_Driver/Src/stm32l4xx_hal.o
                0x08000c98                HAL_InitTick
 .text.HAL_IncTick
                0x08000d10       0x28 ./Drivers/STM32L4xx_HAL_Driver/Src/stm32l4xx_hal.o
                0x08000d10                HAL_IncTick
 .text.HAL_GetTick
                0x08000d38       0x18 ./Drivers/STM32L4xx_HAL_Driver/Src/stm32l4xx_hal.o
                0x08000d38                HAL_GetTick
 .text.HAL_Delay
                0x08000d50       0x48 ./Drivers/STM32L4xx_HAL_Driver/Src/stm32l4xx_hal.o
                0x08000d50                HAL_Delay
 .text.__NVIC_SetPriorityGrouping
                0x08000d98       0x48 ./Drivers/STM32L4xx_HAL_Driver/Src/stm32l4xx_hal_cortex.o
 .text.__NVIC_GetPriorityGrouping
                0x08000de0       0x1c ./Drivers/STM32L4xx_HAL_Driver/Src/stm32l4xx_hal_cortex.o
 .text.__NVIC_SetPriority
                0x08000dfc       0x54 ./Drivers/STM32L4xx_HAL_Driver/Src/stm32l4xx_hal_cortex.o
 .text.NVIC_EncodePriority
                0x08000e50       0x66 ./Drivers/STM32L4xx_HAL_Driver/Src/stm32l4xx_hal_cortex.o
 *fill*         0x08000eb6        0x2 
 .text.SysTick_Config
                0x08000eb8       0x44 ./Drivers/STM32L4xx_HAL_Driver/Src/stm32l4xx_hal_cortex.o
 .text.HAL_NVIC_SetPriorityGrouping
                0x08000efc       0x16 ./Drivers/STM32L4xx_HAL_Driver/Src/stm32l4xx_hal_cortex.o
                0x08000efc                HAL_NVIC_SetPriorityGrouping
 .text.HAL_NVIC_SetPriority
                0x08000f12       0x38 ./Drivers/STM32L4xx_HAL_Driver/Src/stm32l4xx_hal_cortex.o
                0x08000f12                HAL_NVIC_SetPriority
 .text.HAL_SYSTICK_Config
                0x08000f4a       0x18 ./Drivers/STM32L4xx_HAL_Driver/Src/stm32l4xx_hal_cortex.o
                0x08000f4a                HAL_SYSTICK_Config
 *fill*         0x08000f62        0x2 
 .text.HAL_GPIO_Init
                0x08000f64      0x324 ./Drivers/STM32L4xx_HAL_Driver/Src/stm32l4xx_hal_gpio.o
                0x08000f64                HAL_GPIO_Init
 .text.HAL_GPIO_WritePin
                0x08001288       0x30 ./Drivers/STM32L4xx_HAL_Driver/Src/stm32l4xx_hal_gpio.o
                0x08001288                HAL_GPIO_WritePin
 .text.HAL_PWREx_GetVoltageRange
                0x080012b8       0x40 ./Drivers/STM32L4xx_HAL_Driver/Src/stm32l4xx_hal_pwr_ex.o
                0x080012b8                HAL_PWREx_GetVoltageRange
 .text.HAL_PWREx_ControlVoltageScaling
                0x080012f8      0x148 ./Drivers/STM32L4xx_HAL_Driver/Src/stm32l4xx_hal_pwr_ex.o
                0x080012f8                HAL_PWREx_ControlVoltageScaling
 .text.HAL_PWREx_EnableVddIO2
                0x08001440       0x20 ./Drivers/STM32L4xx_HAL_Driver/Src/stm32l4xx_hal_pwr_ex.o
                0x08001440                HAL_PWREx_EnableVddIO2
 .text.HAL_RCC_OscConfig
                0x08001460      0x834 ./Drivers/STM32L4xx_HAL_Driver/Src/stm32l4xx_hal_rcc.o
                0x08001460                HAL_RCC_OscConfig
 .text.HAL_RCC_ClockConfig
                0x08001c94      0x274 ./Drivers/STM32L4xx_HAL_Driver/Src/stm32l4xx_hal_rcc.o
                0x08001c94                HAL_RCC_ClockConfig
 .text.HAL_RCC_GetSysClockFreq
                0x08001f08      0x118 ./Drivers/STM32L4xx_HAL_Driver/Src/stm32l4xx_hal_rcc.o
                0x08001f08                HAL_RCC_GetSysClockFreq
 .text.RCC_SetFlashLatencyFromMSIRange
                0x08002020       0xb4 ./Drivers/STM32L4xx_HAL_Driver/Src/stm32l4xx_hal_rcc.o
 .text.RCC_GetSysClockFreqFromPLLSource
                0x080020d4       0xcc ./Drivers/STM32L4xx_HAL_Driver/Src/stm32l4xx_hal_rcc.o
 .text.HAL_SPI_Init
                0x080021a0      0x146 ./Drivers/STM32L4xx_HAL_Driver/Src/stm32l4xx_hal_spi.o
                0x080021a0                HAL_SPI_Init
 .text.HAL_SPI_Transmit
                0x080022e6      0x2ec ./Drivers/STM32L4xx_HAL_Driver/Src/stm32l4xx_hal_spi.o
                0x080022e6                HAL_SPI_Transmit
 *fill*         0x080025d2        0x2 
 .text.SPI_WaitFlagStateUntilTimeout
                0x080025d4      0x110 ./Drivers/STM32L4xx_HAL_Driver/Src/stm32l4xx_hal_spi.o
 .text.SPI_WaitFifoStateUntilTimeout
                0x080026e4      0x12c ./Drivers/STM32L4xx_HAL_Driver/Src/stm32l4xx_hal_spi.o
 .text.SPI_EndRxTxTransaction
                0x08002810       0x8c ./Drivers/STM32L4xx_HAL_Driver/Src/stm32l4xx_hal_spi.o
 .text.memset   0x0800289c       0x10 C:/ST/STM32CubeIDE_1.19.0/STM32CubeIDE/plugins/com.st.stm32cube.ide.mcu.externaltools.gnu-tools-for-stm32.13.3.rel1.win32_1.0.0.202411081344/tools/bin/../lib/gcc/arm-none-eabi/13.3.1/../../../../arm-none-eabi/lib/thumb/v7e-m+fp/hard\libc_nano.a(libc_a-memset.o)
                0x0800289c                memset
 .text.__libc_init_array
                0x080028ac       0x48 C:/ST/STM32CubeIDE_1.19.0/STM32CubeIDE/plugins/com.st.stm32cube.ide.mcu.externaltools.gnu-tools-for-stm32.13.3.rel1.win32_1.0.0.202411081344/tools/bin/../lib/gcc/arm-none-eabi/13.3.1/../../../../arm-none-eabi/lib/thumb/v7e-m+fp/hard\libc_nano.a(libc_a-init.o)
                0x080028ac                __libc_init_array
 *(.glue_7)
 .glue_7        0x080028f4        0x0 linker stubs
 *(.glue_7t)
 .glue_7t       0x080028f4        0x0 linker stubs
 *(.eh_frame)
 .eh_frame      0x080028f4        0x0 C:/ST/STM32CubeIDE_1.19.0/STM32CubeIDE/plugins/com.st.stm32cube.ide.mcu.externaltools.gnu-tools-for-stm32.13.3.rel1.win32_1.0.0.202411081344/tools/bin/../lib/gcc/arm-none-eabi/13.3.1/thumb/v7e-m+fp/hard/crtbegin.o
 *(.init)
 .init          0x080028f4        0x4 C:/ST/STM32CubeIDE_1.19.0/STM32CubeIDE/plugins/com.st.stm32cube.ide.mcu.externaltools.gnu-tools-for-stm32.13.3.rel1.win32_1.0.0.202411081344/tools/bin/../lib/gcc/arm-none-eabi/13.3.1/thumb/v7e-m+fp/hard/crti.o
                0x080028f4                _init
 .init          0x080028f8        0x8 C:/ST/STM32CubeIDE_1.19.0/STM32CubeIDE/plugins/com.st.stm32cube.ide.mcu.externaltools.gnu-tools-for-stm32.13.3.rel1.win32_1.0.0.202411081344/tools/bin/../lib/gcc/arm-none-eabi/13.3.1/thumb/v7e-m+fp/hard/crtn.o
 *(.fini)
 .fini          0x08002900        0x4 C:/ST/STM32CubeIDE_1.19.0/STM32CubeIDE/plugins/com.st.stm32cube.ide.mcu.externaltools.gnu-tools-for-stm32.13.3.rel1.win32_1.0.0.202411081344/tools/bin/../lib/gcc/arm-none-eabi/13.3.1/thumb/v7e-m+fp/hard/crti.o
                0x08002900                _fini
 .fini          0x08002904        0x8 C:/ST/STM32CubeIDE_1.19.0/STM32CubeIDE/plugins/com.st.stm32cube.ide.mcu.externaltools.gnu-tools-for-stm32.13.3.rel1.win32_1.0.0.202411081344/tools/bin/../lib/gcc/arm-none-eabi/13.3.1/thumb/v7e-m+fp/hard/crtn.o
                0x0800290c                        . = ALIGN (0x4)
                0x0800290c                        _etext = .

.vfp11_veneer   0x0800290c        0x0
 .vfp11_veneer  0x0800290c        0x0 linker stubs

.v4_bx          0x0800290c        0x0
 .v4_bx         0x0800290c        0x0 linker stubs

.iplt           0x0800290c        0x0
 .iplt          0x0800290c        0x0 C:/ST/STM32CubeIDE_1.19.0/STM32CubeIDE/plugins/com.st.stm32cube.ide.mcu.externaltools.gnu-tools-for-stm32.13.3.rel1.win32_1.0.0.202411081344/tools/bin/../lib/gcc/arm-none-eabi/13.3.1/thumb/v7e-m+fp/hard/crtbegin.o

.rodata         0x0800290c       0x50
                0x0800290c                        . = ALIGN (0x4)
 *(.rodata)
 .rodata        0x0800290c        0xd ./Core/Src/main.o
 *(.rodata*)
 *fill*         0x08002919        0x3 
 .rodata.AHBPrescTable
                0x0800291c       0x10 ./Core/Src/system_stm32l4xx.o
                0x0800291c                AHBPrescTable
 .rodata.MSIRangeTable
                0x0800292c       0x30 ./Core/Src/system_stm32l4xx.o
                0x0800292c                MSIRangeTable
                0x0800295c                        . = ALIGN (0x4)

.ARM.extab      0x0800295c        0x0
                0x0800295c                        . = ALIGN (0x4)
 *(.ARM.extab* .gnu.linkonce.armextab.*)
                0x0800295c                        . = ALIGN (0x4)

.ARM            0x0800295c        0x0
                0x0800295c                        . = ALIGN (0x4)
                0x0800295c                        __exidx_start = .
 *(.ARM.exidx*)
                0x0800295c                        __exidx_end = .
                0x0800295c                        . = ALIGN (0x4)

.preinit_array  0x0800295c        0x0
                0x0800295c                        . = ALIGN (0x4)
                0x0800295c                        PROVIDE (__preinit_array_start = .)
 *(.preinit_array*)
                0x0800295c                        PROVIDE (__preinit_array_end = .)
                0x0800295c                        . = ALIGN (0x4)

.init_array     0x0800295c        0x4
                0x0800295c                        . = ALIGN (0x4)
                0x0800295c                        PROVIDE (__init_array_start = .)
 *(SORT_BY_NAME(.init_array.*))
 *(.init_array*)
 .init_array    0x0800295c        0x4 C:/ST/STM32CubeIDE_1.19.0/STM32CubeIDE/plugins/com.st.stm32cube.ide.mcu.externaltools.gnu-tools-for-stm32.13.3.rel1.win32_1.0.0.202411081344/tools/bin/../lib/gcc/arm-none-eabi/13.3.1/thumb/v7e-m+fp/hard/crtbegin.o
                0x08002960                        PROVIDE (__init_array_end = .)
                0x08002960                        . = ALIGN (0x4)

.fini_array     0x08002960        0x4
                0x08002960                        . = ALIGN (0x4)
                [!provide]                        PROVIDE (__fini_array_start = .)
 *(SORT_BY_NAME(.fini_array.*))
 *(.fini_array*)
 .fini_array    0x08002960        0x4 C:/ST/STM32CubeIDE_1.19.0/STM32CubeIDE/plugins/com.st.stm32cube.ide.mcu.externaltools.gnu-tools-for-stm32.13.3.rel1.win32_1.0.0.202411081344/tools/bin/../lib/gcc/arm-none-eabi/13.3.1/thumb/v7e-m+fp/hard/crtbegin.o
                [!provide]                        PROVIDE (__fini_array_end = .)
                0x08002964                        . = ALIGN (0x4)
                0x08002964                        _sidata = LOADADDR (.data)

.rel.dyn        0x08002964        0x0
 .rel.iplt      0x08002964        0x0 C:/ST/STM32CubeIDE_1.19.0/STM32CubeIDE/plugins/com.st.stm32cube.ide.mcu.externaltools.gnu-tools-for-stm32.13.3.rel1.win32_1.0.0.202411081344/tools/bin/../lib/gcc/arm-none-eabi/13.3.1/thumb/v7e-m+fp/hard/crtbegin.o

.data           0x20040000        0xc load address 0x08002964
                0x20040000                        . = ALIGN (0x4)
                0x20040000                        _sdata = .
 *(.data)
 *(.data*)
 .data.SystemCoreClock
                0x20040000        0x4 ./Core/Src/system_stm32l4xx.o
                0x20040000                SystemCoreClock
 .data.uwTickPrio
                0x20040004        0x4 ./Drivers/STM32L4xx_HAL_Driver/Src/stm32l4xx_hal.o
                0x20040004                uwTickPrio
 .data.uwTickFreq
                0x20040008        0x1 ./Drivers/STM32L4xx_HAL_Driver/Src/stm32l4xx_hal.o
                0x20040008                uwTickFreq
 *(.RamFunc)
 *(.RamFunc*)
                0x2004000c                        . = ALIGN (0x4)
 *fill*         0x20040009        0x3 
                0x2004000c                        _edata = .

.igot.plt       0x2004000c        0x0 load address 0x08002970
 .igot.plt      0x2004000c        0x0 C:/ST/STM32CubeIDE_1.19.0/STM32CubeIDE/plugins/com.st.stm32cube.ide.mcu.externaltools.gnu-tools-for-stm32.13.3.rel1.win32_1.0.0.202411081344/tools/bin/../lib/gcc/arm-none-eabi/13.3.1/thumb/v7e-m+fp/hard/crtbegin.o
                0x2004000c                        . = ALIGN (0x4)

.bss            0x2004000c       0x84 load address 0x08002970
                0x2004000c                        _sbss = .
                0x2004000c                        __bss_start__ = _sbss
 *(.bss)
 .bss           0x2004000c       0x1c C:/ST/STM32CubeIDE_1.19.0/STM32CubeIDE/plugins/com.st.stm32cube.ide.mcu.externaltools.gnu-tools-for-stm32.13.3.rel1.win32_1.0.0.202411081344/tools/bin/../lib/gcc/arm-none-eabi/13.3.1/thumb/v7e-m+fp/hard/crtbegin.o
 *(.bss*)
 .bss.hspi1     0x20040028       0x64 ./Core/Src/main.o
                0x20040028                hspi1
 .bss.uwTick    0x2004008c        0x4 ./Drivers/STM32L4xx_HAL_Driver/Src/stm32l4xx_hal.o
                0x2004008c                uwTick
 *(COMMON)
                0x20040090                        . = ALIGN (0x4)
                0x20040090                        _ebss = .
                0x20040090                        __bss_end__ = _ebss

._user_heap_stack
                0x20040090      0x600 load address 0x08002970
                0x20040090                        . = ALIGN (0x8)
                [!provide]                        PROVIDE (end = .)
                0x20040090                        PROVIDE (_end = .)
                0x20040290                        . = (. + _Min_Heap_Size)
 *fill*         0x20040090      0x200 
                0x20040690                        . = (. + _Min_Stack_Size)
 *fill*         0x20040290      0x400 
                0x20040690                        . = ALIGN (0x8)

/DISCARD/
 libc.a(*)
 libm.a(*)
 libgcc.a(*)

.ARM.attributes
                0x00000000       0x30
 *(.ARM.attributes)
 .ARM.attributes
                0x00000000       0x22 C:/ST/STM32CubeIDE_1.19.0/STM32CubeIDE/plugins/com.st.stm32cube.ide.mcu.externaltools.gnu-tools-for-stm32.13.3.rel1.win32_1.0.0.202411081344/tools/bin/../lib/gcc/arm-none-eabi/13.3.1/thumb/v7e-m+fp/hard/crti.o
 .ARM.attributes
                0x00000022       0x34 C:/ST/STM32CubeIDE_1.19.0/STM32CubeIDE/plugins/com.st.stm32cube.ide.mcu.externaltools.gnu-tools-for-stm32.13.3.rel1.win32_1.0.0.202411081344/tools/bin/../lib/gcc/arm-none-eabi/13.3.1/thumb/v7e-m+fp/hard/crtbegin.o
 .ARM.attributes
                0x00000056       0x34 ./Core/Src/main.o
 .ARM.attributes
                0x0000008a       0x34 ./Core/Src/stm32l4xx_hal_msp.o
 .ARM.attributes
                0x000000be       0x34 ./Core/Src/stm32l4xx_it.o
 .ARM.attributes
                0x000000f2       0x34 ./Core/Src/system_stm32l4xx.o
 .ARM.attributes
                0x00000126       0x21 ./Core/Startup/startup_stm32l4r5zitxp.o
 .ARM.attributes
                0x00000147       0x34 ./Drivers/STM32L4xx_HAL_Driver/Src/stm32l4xx_hal.o
 .ARM.attributes
                0x0000017b       0x34 ./Drivers/STM32L4xx_HAL_Driver/Src/stm32l4xx_hal_cortex.o
 .ARM.attributes
                0x000001af       0x34 ./Drivers/STM32L4xx_HAL_Driver/Src/stm32l4xx_hal_gpio.o
 .ARM.attributes
                0x000001e3       0x34 ./Drivers/STM32L4xx_HAL_Driver/Src/stm32l4xx_hal_pwr_ex.o
 .ARM.attributes
                0x00000217       0x34 ./Drivers/STM32L4xx_HAL_Driver/Src/stm32l4xx_hal_rcc.o
 .ARM.attributes
                0x0000024b       0x34 ./Drivers/STM32L4xx_HAL_Driver/Src/stm32l4xx_hal_spi.o
 .ARM.attributes
                0x0000027f       0x34 C:/ST/STM32CubeIDE_1.19.0/STM32CubeIDE/plugins/com.st.stm32cube.ide.mcu.externaltools.gnu-tools-for-stm32.13.3.rel1.win32_1.0.0.202411081344/tools/bin/../lib/gcc/arm-none-eabi/13.3.1/../../../../arm-none-eabi/lib/thumb/v7e-m+fp/hard\libc_nano.a(libc_a-memset.o)
 .ARM.attributes
                0x000002b3       0x34 C:/ST/STM32CubeIDE_1.19.0/STM32CubeIDE/plugins/com.st.stm32cube.ide.mcu.externaltools.gnu-tools-for-stm32.13.3.rel1.win32_1.0.0.202411081344/tools/bin/../lib/gcc/arm-none-eabi/13.3.1/../../../../arm-none-eabi/lib/thumb/v7e-m+fp/hard\libc_nano.a(libc_a-init.o)
 .ARM.attributes
                0x000002e7       0x22 C:/ST/STM32CubeIDE_1.19.0/STM32CubeIDE/plugins/com.st.stm32cube.ide.mcu.externaltools.gnu-tools-for-stm32.13.3.rel1.win32_1.0.0.202411081344/tools/bin/../lib/gcc/arm-none-eabi/13.3.1/thumb/v7e-m+fp/hard/crtn.o
OUTPUT(Final_Project_373_2.elf elf32-littlearm)
LOAD linker stubs
LOAD C:/ST/STM32CubeIDE_1.19.0/STM32CubeIDE/plugins/com.st.stm32cube.ide.mcu.externaltools.gnu-tools-for-stm32.13.3.rel1.win32_1.0.0.202411081344/tools/bin/../lib/gcc/arm-none-eabi/13.3.1/../../../../arm-none-eabi/lib/thumb/v7e-m+fp/hard\libc.a
LOAD C:/ST/STM32CubeIDE_1.19.0/STM32CubeIDE/plugins/com.st.stm32cube.ide.mcu.externaltools.gnu-tools-for-stm32.13.3.rel1.win32_1.0.0.202411081344/tools/bin/../lib/gcc/arm-none-eabi/13.3.1/../../../../arm-none-eabi/lib/thumb/v7e-m+fp/hard\libm.a
LOAD C:/ST/STM32CubeIDE_1.19.0/STM32CubeIDE/plugins/com.st.stm32cube.ide.mcu.externaltools.gnu-tools-for-stm32.13.3.rel1.win32_1.0.0.202411081344/tools/bin/../lib/gcc/arm-none-eabi/13.3.1/thumb/v7e-m+fp/hard\libgcc.a

.debug_info     0x00000000     0x6fc8
 .debug_info    0x00000000      0xfdb ./Core/Src/main.o
 .debug_info    0x00000fdb      0xabf ./Core/Src/stm32l4xx_hal_msp.o
 .debug_info    0x00001a9a      0x113 ./Core/Src/stm32l4xx_it.o
 .debug_info    0x00001bad      0x5e9 ./Core/Src/system_stm32l4xx.o
 .debug_info    0x00002196       0x30 ./Core/Startup/startup_stm32l4r5zitxp.o
 .debug_info    0x000021c6      0xb49 ./Drivers/STM32L4xx_HAL_Driver/Src/stm32l4xx_hal.o
 .debug_info    0x00002d0f      0xd99 ./Drivers/STM32L4xx_HAL_Driver/Src/stm32l4xx_hal_cortex.o
 .debug_info    0x00003aa8      0x787 ./Drivers/STM32L4xx_HAL_Driver/Src/stm32l4xx_hal_gpio.o
 .debug_info    0x0000422f      0xa0a ./Drivers/STM32L4xx_HAL_Driver/Src/stm32l4xx_hal_pwr_ex.o
 .debug_info    0x00004c39      0xd32 ./Drivers/STM32L4xx_HAL_Driver/Src/stm32l4xx_hal_rcc.o
 .debug_info    0x0000596b     0x165d ./Drivers/STM32L4xx_HAL_Driver/Src/stm32l4xx_hal_spi.o

.debug_abbrev   0x00000000     0x1482
 .debug_abbrev  0x00000000      0x2a1 ./Core/Src/main.o
 .debug_abbrev  0x000002a1      0x1ab ./Core/Src/stm32l4xx_hal_msp.o
 .debug_abbrev  0x0000044c       0x73 ./Core/Src/stm32l4xx_it.o
 .debug_abbrev  0x000004bf      0x11a ./Core/Src/system_stm32l4xx.o
 .debug_abbrev  0x000005d9       0x24 ./Core/Startup/startup_stm32l4r5zitxp.o
 .debug_abbrev  0x000005fd      0x242 ./Drivers/STM32L4xx_HAL_Driver/Src/stm32l4xx_hal.o
 .debug_abbrev  0x0000083f      0x31c ./Drivers/STM32L4xx_HAL_Driver/Src/stm32l4xx_hal_cortex.o
 .debug_abbrev  0x00000b5b      0x1cb ./Drivers/STM32L4xx_HAL_Driver/Src/stm32l4xx_hal_gpio.o
 .debug_abbrev  0x00000d26      0x1f9 ./Drivers/STM32L4xx_HAL_Driver/Src/stm32l4xx_hal_pwr_ex.o
 .debug_abbrev  0x00000f1f      0x306 ./Drivers/STM32L4xx_HAL_Driver/Src/stm32l4xx_hal_rcc.o
 .debug_abbrev  0x00001225      0x25d ./Drivers/STM32L4xx_HAL_Driver/Src/stm32l4xx_hal_spi.o

.debug_aranges  0x00000000      0x7c0
 .debug_aranges
                0x00000000       0x50 ./Core/Src/main.o
 .debug_aranges
                0x00000050       0x30 ./Core/Src/stm32l4xx_hal_msp.o
 .debug_aranges
                0x00000080       0x60 ./Core/Src/stm32l4xx_it.o
 .debug_aranges
                0x000000e0       0x28 ./Core/Src/system_stm32l4xx.o
 .debug_aranges
                0x00000108       0x28 ./Core/Startup/startup_stm32l4r5zitxp.o
 .debug_aranges
                0x00000130      0x130 ./Drivers/STM32L4xx_HAL_Driver/Src/stm32l4xx_hal.o
 .debug_aranges
                0x00000260      0x128 ./Drivers/STM32L4xx_HAL_Driver/Src/stm32l4xx_hal_cortex.o
 .debug_aranges
                0x00000388       0x58 ./Drivers/STM32L4xx_HAL_Driver/Src/stm32l4xx_hal_gpio.o
 .debug_aranges
                0x000003e0      0x170 ./Drivers/STM32L4xx_HAL_Driver/Src/stm32l4xx_hal_pwr_ex.o
 .debug_aranges
                0x00000550       0x98 ./Drivers/STM32L4xx_HAL_Driver/Src/stm32l4xx_hal_rcc.o
 .debug_aranges
                0x000005e8      0x1d8 ./Drivers/STM32L4xx_HAL_Driver/Src/stm32l4xx_hal_spi.o

.debug_rnglists
                0x00000000      0x5c9
 .debug_rnglists
                0x00000000       0x3a ./Core/Src/main.o
 .debug_rnglists
                0x0000003a       0x20 ./Core/Src/stm32l4xx_hal_msp.o
 .debug_rnglists
                0x0000005a       0x43 ./Core/Src/stm32l4xx_it.o
 .debug_rnglists
                0x0000009d       0x1a ./Core/Src/system_stm32l4xx.o
 .debug_rnglists
                0x000000b7       0x19 ./Core/Startup/startup_stm32l4r5zitxp.o
 .debug_rnglists
                0x000000d0       0xdf ./Drivers/STM32L4xx_HAL_Driver/Src/stm32l4xx_hal.o
 .debug_rnglists
                0x000001af       0xda ./Drivers/STM32L4xx_HAL_Driver/Src/stm32l4xx_hal_cortex.o
 .debug_rnglists
                0x00000289       0x3f ./Drivers/STM32L4xx_HAL_Driver/Src/stm32l4xx_hal_gpio.o
 .debug_rnglists
                0x000002c8      0x115 ./Drivers/STM32L4xx_HAL_Driver/Src/stm32l4xx_hal_pwr_ex.o
 .debug_rnglists
                0x000003dd       0x74 ./Drivers/STM32L4xx_HAL_Driver/Src/stm32l4xx_hal_rcc.o
 .debug_rnglists
                0x00000451      0x178 ./Drivers/STM32L4xx_HAL_Driver/Src/stm32l4xx_hal_spi.o

.debug_macro    0x00000000    0x27dbb
 .debug_macro   0x00000000      0x231 ./Core/Src/main.o
 .debug_macro   0x00000231      0xad8 ./Core/Src/main.o
 .debug_macro   0x00000d09      0x1a1 ./Core/Src/main.o
 .debug_macro   0x00000eaa       0x2e ./Core/Src/main.o
 .debug_macro   0x00000ed8       0x28 ./Core/Src/main.o
 .debug_macro   0x00000f00       0x22 ./Core/Src/main.o
 .debug_macro   0x00000f22       0x8e ./Core/Src/main.o
 .debug_macro   0x00000fb0       0x51 ./Core/Src/main.o
 .debug_macro   0x00001001      0x103 ./Core/Src/main.o
 .debug_macro   0x00001104       0x6a ./Core/Src/main.o
 .debug_macro   0x0000116e      0x1df ./Core/Src/main.o
 .debug_macro   0x0000134d       0x1c ./Core/Src/main.o
 .debug_macro   0x00001369       0x22 ./Core/Src/main.o
 .debug_macro   0x0000138b       0xfb ./Core/Src/main.o
 .debug_macro   0x00001486     0x1011 ./Core/Src/main.o
 .debug_macro   0x00002497      0x11f ./Core/Src/main.o
 .debug_macro   0x000025b6    0x1cb71 ./Core/Src/main.o
 .debug_macro   0x0001f127       0x6d ./Core/Src/main.o
 .debug_macro   0x0001f194     0x3902 ./Core/Src/main.o
 .debug_macro   0x00022a96      0x190 ./Core/Src/main.o
 .debug_macro   0x00022c26       0x5c ./Core/Src/main.o
 .debug_macro   0x00022c82     0x1884 ./Core/Src/main.o
 .debug_macro   0x00024506      0x7dc ./Core/Src/main.o
 .debug_macro   0x00024ce2      0x1b9 ./Core/Src/main.o
 .debug_macro   0x00024e9b      0x225 ./Core/Src/main.o
 .debug_macro   0x000250c0      0x486 ./Core/Src/main.o
 .debug_macro   0x00025546      0x1ce ./Core/Src/main.o
 .debug_macro   0x00025714       0x43 ./Core/Src/main.o
 .debug_macro   0x00025757      0x23d ./Core/Src/main.o
 .debug_macro   0x00025994      0x241 ./Core/Src/main.o
 .debug_macro   0x00025bd5      0x416 ./Core/Src/main.o
 .debug_macro   0x00025feb       0x1c ./Core/Src/main.o
 .debug_macro   0x00026007       0xf2 ./Core/Src/main.o
 .debug_macro   0x000260f9      0x122 ./Core/Src/main.o
 .debug_macro   0x0002621b      0x3f6 ./Core/Src/main.o
 .debug_macro   0x00026611      0x2fe ./Core/Src/main.o
 .debug_macro   0x0002690f      0x432 ./Core/Src/main.o
 .debug_macro   0x00026d41      0x1c5 ./Core/Src/stm32l4xx_hal_msp.o
 .debug_macro   0x00026f06      0x1cf ./Core/Src/stm32l4xx_it.o
 .debug_macro   0x000270d5      0x1bb ./Core/Src/system_stm32l4xx.o
 .debug_macro   0x00027290      0x209 ./Drivers/STM32L4xx_HAL_Driver/Src/stm32l4xx_hal.o
 .debug_macro   0x00027499      0x1bb ./Drivers/STM32L4xx_HAL_Driver/Src/stm32l4xx_hal_cortex.o
 .debug_macro   0x00027654      0x1c2 ./Drivers/STM32L4xx_HAL_Driver/Src/stm32l4xx_hal_gpio.o
 .debug_macro   0x00027816      0x1e5 ./Drivers/STM32L4xx_HAL_Driver/Src/stm32l4xx_hal_pwr_ex.o
 .debug_macro   0x000279fb      0x1fd ./Drivers/STM32L4xx_HAL_Driver/Src/stm32l4xx_hal_rcc.o
 .debug_macro   0x00027bf8      0x1c3 ./Drivers/STM32L4xx_HAL_Driver/Src/stm32l4xx_hal_spi.o

.debug_line     0x00000000     0x84d5
 .debug_line    0x00000000      0xaac ./Core/Src/main.o
 .debug_line    0x00000aac      0x77b ./Core/Src/stm32l4xx_hal_msp.o
 .debug_line    0x00001227      0x7dd ./Core/Src/stm32l4xx_it.o
 .debug_line    0x00001a04      0x7cc ./Core/Src/system_stm32l4xx.o
 .debug_line    0x000021d0       0x7a ./Core/Startup/startup_stm32l4r5zitxp.o
 .debug_line    0x0000224a      0xb34 ./Drivers/STM32L4xx_HAL_Driver/Src/stm32l4xx_hal.o
 .debug_line    0x00002d7e      0xccf ./Drivers/STM32L4xx_HAL_Driver/Src/stm32l4xx_hal_cortex.o
 .debug_line    0x00003a4d      0xb70 ./Drivers/STM32L4xx_HAL_Driver/Src/stm32l4xx_hal_gpio.o
 .debug_line    0x000045bd      0xd8b ./Drivers/STM32L4xx_HAL_Driver/Src/stm32l4xx_hal_pwr_ex.o
 .debug_line    0x00005348     0x1179 ./Drivers/STM32L4xx_HAL_Driver/Src/stm32l4xx_hal_rcc.o
 .debug_line    0x000064c1     0x2014 ./Drivers/STM32L4xx_HAL_Driver/Src/stm32l4xx_hal_spi.o

.debug_str      0x00000000    0xf4ec4
 .debug_str     0x00000000    0xf4ec4 ./Core/Src/main.o
                              0xf313f (size before relaxing)
 .debug_str     0x000f4ec4    0xf2c01 ./Core/Src/stm32l4xx_hal_msp.o
 .debug_str     0x000f4ec4    0xf2585 ./Core/Src/stm32l4xx_it.o
 .debug_str     0x000f4ec4    0xf2732 ./Core/Src/system_stm32l4xx.o
 .debug_str     0x000f4ec4       0x7c ./Core/Startup/startup_stm32l4r5zitxp.o
 .debug_str     0x000f4ec4    0xf3302 ./Drivers/STM32L4xx_HAL_Driver/Src/stm32l4xx_hal.o
 .debug_str     0x000f4ec4    0xf2fc3 ./Drivers/STM32L4xx_HAL_Driver/Src/stm32l4xx_hal_cortex.o
 .debug_str     0x000f4ec4    0xf28ac ./Drivers/STM32L4xx_HAL_Driver/Src/stm32l4xx_hal_gpio.o
 .debug_str     0x000f4ec4    0xf2d05 ./Drivers/STM32L4xx_HAL_Driver/Src/stm32l4xx_hal_pwr_ex.o
 .debug_str     0x000f4ec4    0xf2da5 ./Drivers/STM32L4xx_HAL_Driver/Src/stm32l4xx_hal_rcc.o
 .debug_str     0x000f4ec4    0xf3029 ./Drivers/STM32L4xx_HAL_Driver/Src/stm32l4xx_hal_spi.o

.comment        0x00000000       0x43
 .comment       0x00000000       0x43 ./Core/Src/main.o
                                 0x44 (size before relaxing)
 .comment       0x00000043       0x44 ./Core/Src/stm32l4xx_hal_msp.o
 .comment       0x00000043       0x44 ./Core/Src/stm32l4xx_it.o
 .comment       0x00000043       0x44 ./Core/Src/system_stm32l4xx.o
 .comment       0x00000043       0x44 ./Drivers/STM32L4xx_HAL_Driver/Src/stm32l4xx_hal.o
 .comment       0x00000043       0x44 ./Drivers/STM32L4xx_HAL_Driver/Src/stm32l4xx_hal_cortex.o
 .comment       0x00000043       0x44 ./Drivers/STM32L4xx_HAL_Driver/Src/stm32l4xx_hal_gpio.o
 .comment       0x00000043       0x44 ./Drivers/STM32L4xx_HAL_Driver/Src/stm32l4xx_hal_pwr_ex.o
 .comment       0x00000043       0x44 ./Drivers/STM32L4xx_HAL_Driver/Src/stm32l4xx_hal_rcc.o
 .comment       0x00000043       0x44 ./Drivers/STM32L4xx_HAL_Driver/Src/stm32l4xx_hal_spi.o

.debug_frame    0x00000000     0x1e58
 .debug_frame   0x00000000       0xf8 ./Core/Src/main.o
 .debug_frame   0x000000f8       0x80 ./Core/Src/stm32l4xx_hal_msp.o
 .debug_frame   0x00000178      0x104 ./Core/Src/stm32l4xx_it.o
 .debug_frame   0x0000027c       0x58 ./Core/Src/system_stm32l4xx.o
 .debug_frame   0x000002d4      0x498 ./Drivers/STM32L4xx_HAL_Driver/Src/stm32l4xx_hal.o
 .debug_frame   0x0000076c      0x4e8 ./Drivers/STM32L4xx_HAL_Driver/Src/stm32l4xx_hal_cortex.o
 .debug_frame   0x00000c54      0x14c ./Drivers/STM32L4xx_HAL_Driver/Src/stm32l4xx_hal_gpio.o
 .debug_frame   0x00000da0      0x5c4 ./Drivers/STM32L4xx_HAL_Driver/Src/stm32l4xx_hal_pwr_ex.o
 .debug_frame   0x00001364      0x248 ./Drivers/STM32L4xx_HAL_Driver/Src/stm32l4xx_hal_rcc.o
 .debug_frame   0x000015ac      0x860 ./Drivers/STM32L4xx_HAL_Driver/Src/stm32l4xx_hal_spi.o
 .debug_frame   0x00001e0c       0x20 C:/ST/STM32CubeIDE_1.19.0/STM32CubeIDE/plugins/com.st.stm32cube.ide.mcu.externaltools.gnu-tools-for-stm32.13.3.rel1.win32_1.0.0.202411081344/tools/bin/../lib/gcc/arm-none-eabi/13.3.1/../../../../arm-none-eabi/lib/thumb/v7e-m+fp/hard\libc_nano.a(libc_a-memset.o)
 .debug_frame   0x00001e2c       0x2c C:/ST/STM32CubeIDE_1.19.0/STM32CubeIDE/plugins/com.st.stm32cube.ide.mcu.externaltools.gnu-tools-for-stm32.13.3.rel1.win32_1.0.0.202411081344/tools/bin/../lib/gcc/arm-none-eabi/13.3.1/../../../../arm-none-eabi/lib/thumb/v7e-m+fp/hard\libc_nano.a(libc_a-init.o)

.debug_line_str
                0x00000000       0x60
 .debug_line_str
                0x00000000       0x60 ./Core/Startup/startup_stm32l4r5zitxp.o
