../Core/Src/main.c:38:6:WriteCommand	16	static
../Core/Src/main.c:45:6:WriteData	16	static
../Core/Src/main.c:52:6:ILI9341_Reset	8	static
../Core/Src/main.c:60:6:FillFrame	24	static
../Core/Src/main.c:65:6:ILI9341_DisplayFrame	24	static
../Core/Src/main.c:104:6:DrawDigitToFrame	40	static
../Core/Src/main.c:130:5:main	32	static
../Core/Src/main.c:159:6:SystemClock_Config	96	static
../Core/Src/main.c:179:13:MX_SPI1_Init	8	static
../Core/Src/main.c:196:13:MX_GPIO_Init	32	static
../Core/Src/main.c:207:6:Error_Handler	4	static,ignoring_inline_asm
