15:16:11 **** Incremental Build of configuration Debug for project 373_Final_Project ****
make -j12 all 
arm-none-eabi-gcc "../Drivers/STM32L4xx_HAL_Driver/Src/stm32l4xx_hal.c" -mcpu=cortex-m4 -std=gnu11 -g3 -DDEBUG -DUSE_HAL_DRIVER -DSTM32L4R5xx -c -I../Core/Inc -I../Drivers/STM32L4xx_HAL_Driver/Inc -I../Drivers/STM32L4xx_HAL_Driver/Inc/Legacy -I../Drivers/CMSIS/Device/ST/STM32L4xx/Include -I../Drivers/CMSIS/Include -O0 -ffunction-sections -fdata-sections -Wall -fstack-usage -fcyclomatic-complexity -MMD -MP -MF"Drivers/STM32L4xx_HAL_Driver/Src/stm32l4xx_hal.d" -MT"Drivers/STM32L4xx_HAL_Driver/Src/stm32l4xx_hal.o" --specs=nano.specs -mfpu=fpv4-sp-d16 -mfloat-abi=hard -mthumb -o "Drivers/STM32L4xx_HAL_Driver/Src/stm32l4xx_hal.o"
arm-none-eabi-gcc "../Drivers/STM32L4xx_HAL_Driver/Src/stm32l4xx_hal_cortex.c" -mcpu=cortex-m4 -std=gnu11 -g3 -DDEBUG -DUSE_HAL_DRIVER -DSTM32L4R5xx -c -I../Core/Inc -I../Drivers/STM32L4xx_HAL_Driver/Inc -I../Drivers/STM32L4xx_HAL_Driver/Inc/Legacy -I../Drivers/CMSIS/Device/ST/STM32L4xx/Include -I../Drivers/CMSIS/Include -O0 -ffunction-sections -fdata-sections -Wall -fstack-usage -fcyclomatic-complexity -MMD -MP -MF"Drivers/STM32L4xx_HAL_Driver/Src/stm32l4xx_hal_cortex.d" -MT"Drivers/STM32L4xx_HAL_Driver/Src/stm32l4xx_hal_cortex.o" --specs=nano.specs -mfpu=fpv4-sp-d16 -mfloat-abi=hard -mthumb -o "Drivers/STM32L4xx_HAL_Driver/Src/stm32l4xx_hal_cortex.o"
arm-none-eabi-gcc "../Drivers/STM32L4xx_HAL_Driver/Src/stm32l4xx_hal_dma.c" -mcpu=cortex-m4 -std=gnu11 -g3 -DDEBUG -DUSE_HAL_DRIVER -DSTM32L4R5xx -c -I../Core/Inc -I../Drivers/STM32L4xx_HAL_Driver/Inc -I../Drivers/STM32L4xx_HAL_Driver/Inc/Legacy -I../Drivers/CMSIS/Device/ST/STM32L4xx/Include -I../Drivers/CMSIS/Include -O0 -ffunction-sections -fdata-sections -Wall -fstack-usage -fcyclomatic-complexity -MMD -MP -MF"Drivers/STM32L4xx_HAL_Driver/Src/stm32l4xx_hal_dma.d" -MT"Drivers/STM32L4xx_HAL_Driver/Src/stm32l4xx_hal_dma.o" --specs=nano.specs -mfpu=fpv4-sp-d16 -mfloat-abi=hard -mthumb -o "Drivers/STM32L4xx_HAL_Driver/Src/stm32l4xx_hal_dma.o"
arm-none-eabi-gcc "../Drivers/STM32L4xx_HAL_Driver/Src/stm32l4xx_hal_dma_ex.c" -mcpu=cortex-m4 -std=gnu11 -g3 -DDEBUG -DUSE_HAL_DRIVER -DSTM32L4R5xx -c -I../Core/Inc -I../Drivers/STM32L4xx_HAL_Driver/Inc -I../Drivers/STM32L4xx_HAL_Driver/Inc/Legacy -I../Drivers/CMSIS/Device/ST/STM32L4xx/Include -I../Drivers/CMSIS/Include -O0 -ffunction-sections -fdata-sections -Wall -fstack-usage -fcyclomatic-complexity -MMD -MP -MF"Drivers/STM32L4xx_HAL_Driver/Src/stm32l4xx_hal_dma_ex.d" -MT"Drivers/STM32L4xx_HAL_Driver/Src/stm32l4xx_hal_dma_ex.o" --specs=nano.specs -mfpu=fpv4-sp-d16 -mfloat-abi=hard -mthumb -o "Drivers/STM32L4xx_HAL_Driver/Src/stm32l4xx_hal_dma_ex.o"
arm-none-eabi-gcc "../Drivers/STM32L4xx_HAL_Driver/Src/stm32l4xx_hal_exti.c" -mcpu=cortex-m4 -std=gnu11 -g3 -DDEBUG -DUSE_HAL_DRIVER -DSTM32L4R5xx -c -I../Core/Inc -I../Drivers/STM32L4xx_HAL_Driver/Inc -I../Drivers/STM32L4xx_HAL_Driver/Inc/Legacy -I../Drivers/CMSIS/Device/ST/STM32L4xx/Include -I../Drivers/CMSIS/Include -O0 -ffunction-sections -fdata-sections -Wall -fstack-usage -fcyclomatic-complexity -MMD -MP -MF"Drivers/STM32L4xx_HAL_Driver/Src/stm32l4xx_hal_exti.d" -MT"Drivers/STM32L4xx_HAL_Driver/Src/stm32l4xx_hal_exti.o" --specs=nano.specs -mfpu=fpv4-sp-d16 -mfloat-abi=hard -mthumb -o "Drivers/STM32L4xx_HAL_Driver/Src/stm32l4xx_hal_exti.o"
arm-none-eabi-gcc "../Drivers/STM32L4xx_HAL_Driver/Src/stm32l4xx_hal_flash.c" -mcpu=cortex-m4 -std=gnu11 -g3 -DDEBUG -DUSE_HAL_DRIVER -DSTM32L4R5xx -c -I../Core/Inc -I../Drivers/STM32L4xx_HAL_Driver/Inc -I../Drivers/STM32L4xx_HAL_Driver/Inc/Legacy -I../Drivers/CMSIS/Device/ST/STM32L4xx/Include -I../Drivers/CMSIS/Include -O0 -ffunction-sections -fdata-sections -Wall -fstack-usage -fcyclomatic-complexity -MMD -MP -MF"Drivers/STM32L4xx_HAL_Driver/Src/stm32l4xx_hal_flash.d" -MT"Drivers/STM32L4xx_HAL_Driver/Src/stm32l4xx_hal_flash.o" --specs=nano.specs -mfpu=fpv4-sp-d16 -mfloat-abi=hard -mthumb -o "Drivers/STM32L4xx_HAL_Driver/Src/stm32l4xx_hal_flash.o"
arm-none-eabi-gcc "../Drivers/STM32L4xx_HAL_Driver/Src/stm32l4xx_hal_flash_ex.c" -mcpu=cortex-m4 -std=gnu11 -g3 -DDEBUG -DUSE_HAL_DRIVER -DSTM32L4R5xx -c -I../Core/Inc -I../Drivers/STM32L4xx_HAL_Driver/Inc -I../Drivers/STM32L4xx_HAL_Driver/Inc/Legacy -I../Drivers/CMSIS/Device/ST/STM32L4xx/Include -I../Drivers/CMSIS/Include -O0 -ffunction-sections -fdata-sections -Wall -fstack-usage -fcyclomatic-complexity -MMD -MP -MF"Drivers/STM32L4xx_HAL_Driver/Src/stm32l4xx_hal_flash_ex.d" -MT"Drivers/STM32L4xx_HAL_Driver/Src/stm32l4xx_hal_flash_ex.o" --specs=nano.specs -mfpu=fpv4-sp-d16 -mfloat-abi=hard -mthumb -o "Drivers/STM32L4xx_HAL_Driver/Src/stm32l4xx_hal_flash_ex.o"
arm-none-eabi-gcc "../Drivers/STM32L4xx_HAL_Driver/Src/stm32l4xx_hal_flash_ramfunc.c" -mcpu=cortex-m4 -std=gnu11 -g3 -DDEBUG -DUSE_HAL_DRIVER -DSTM32L4R5xx -c -I../Core/Inc -I../Drivers/STM32L4xx_HAL_Driver/Inc -I../Drivers/STM32L4xx_HAL_Driver/Inc/Legacy -I../Drivers/CMSIS/Device/ST/STM32L4xx/Include -I../Drivers/CMSIS/Include -O0 -ffunction-sections -fdata-sections -Wall -fstack-usage -fcyclomatic-complexity -MMD -MP -MF"Drivers/STM32L4xx_HAL_Driver/Src/stm32l4xx_hal_flash_ramfunc.d" -MT"Drivers/STM32L4xx_HAL_Driver/Src/stm32l4xx_hal_flash_ramfunc.o" --specs=nano.specs -mfpu=fpv4-sp-d16 -mfloat-abi=hard -mthumb -o "Drivers/STM32L4xx_HAL_Driver/Src/stm32l4xx_hal_flash_ramfunc.o"
arm-none-eabi-gcc "../Drivers/STM32L4xx_HAL_Driver/Src/stm32l4xx_hal_gpio.c" -mcpu=cortex-m4 -std=gnu11 -g3 -DDEBUG -DUSE_HAL_DRIVER -DSTM32L4R5xx -c -I../Core/Inc -I../Drivers/STM32L4xx_HAL_Driver/Inc -I../Drivers/STM32L4xx_HAL_Driver/Inc/Legacy -I../Drivers/CMSIS/Device/ST/STM32L4xx/Include -I../Drivers/CMSIS/Include -O0 -ffunction-sections -fdata-sections -Wall -fstack-usage -fcyclomatic-complexity -MMD -MP -MF"Drivers/STM32L4xx_HAL_Driver/Src/stm32l4xx_hal_gpio.d" -MT"Drivers/STM32L4xx_HAL_Driver/Src/stm32l4xx_hal_gpio.o" --specs=nano.specs -mfpu=fpv4-sp-d16 -mfloat-abi=hard -mthumb -o "Drivers/STM32L4xx_HAL_Driver/Src/stm32l4xx_hal_gpio.o"
arm-none-eabi-gcc "../Drivers/STM32L4xx_HAL_Driver/Src/stm32l4xx_hal_i2c.c" -mcpu=cortex-m4 -std=gnu11 -g3 -DDEBUG -DUSE_HAL_DRIVER -DSTM32L4R5xx -c -I../Core/Inc -I../Drivers/STM32L4xx_HAL_Driver/Inc -I../Drivers/STM32L4xx_HAL_Driver/Inc/Legacy -I../Drivers/CMSIS/Device/ST/STM32L4xx/Include -I../Drivers/CMSIS/Include -O0 -ffunction-sections -fdata-sections -Wall -fstack-usage -fcyclomatic-complexity -MMD -MP -MF"Drivers/STM32L4xx_HAL_Driver/Src/stm32l4xx_hal_i2c.d" -MT"Drivers/STM32L4xx_HAL_Driver/Src/stm32l4xx_hal_i2c.o" --specs=nano.specs -mfpu=fpv4-sp-d16 -mfloat-abi=hard -mthumb -o "Drivers/STM32L4xx_HAL_Driver/Src/stm32l4xx_hal_i2c.o"
arm-none-eabi-gcc "../Drivers/STM32L4xx_HAL_Driver/Src/stm32l4xx_hal_i2c_ex.c" -mcpu=cortex-m4 -std=gnu11 -g3 -DDEBUG -DUSE_HAL_DRIVER -DSTM32L4R5xx -c -I../Core/Inc -I../Drivers/STM32L4xx_HAL_Driver/Inc -I../Drivers/STM32L4xx_HAL_Driver/Inc/Legacy -I../Drivers/CMSIS/Device/ST/STM32L4xx/Include -I../Drivers/CMSIS/Include -O0 -ffunction-sections -fdata-sections -Wall -fstack-usage -fcyclomatic-complexity -MMD -MP -MF"Drivers/STM32L4xx_HAL_Driver/Src/stm32l4xx_hal_i2c_ex.d" -MT"Drivers/STM32L4xx_HAL_Driver/Src/stm32l4xx_hal_i2c_ex.o" --specs=nano.specs -mfpu=fpv4-sp-d16 -mfloat-abi=hard -mthumb -o "Drivers/STM32L4xx_HAL_Driver/Src/stm32l4xx_hal_i2c_ex.o"
arm-none-eabi-gcc "../Drivers/STM32L4xx_HAL_Driver/Src/stm32l4xx_hal_pwr.c" -mcpu=cortex-m4 -std=gnu11 -g3 -DDEBUG -DUSE_HAL_DRIVER -DSTM32L4R5xx -c -I../Core/Inc -I../Drivers/STM32L4xx_HAL_Driver/Inc -I../Drivers/STM32L4xx_HAL_Driver/Inc/Legacy -I../Drivers/CMSIS/Device/ST/STM32L4xx/Include -I../Drivers/CMSIS/Include -O0 -ffunction-sections -fdata-sections -Wall -fstack-usage -fcyclomatic-complexity -MMD -MP -MF"Drivers/STM32L4xx_HAL_Driver/Src/stm32l4xx_hal_pwr.d" -MT"Drivers/STM32L4xx_HAL_Driver/Src/stm32l4xx_hal_pwr.o" --specs=nano.specs -mfpu=fpv4-sp-d16 -mfloat-abi=hard -mthumb -o "Drivers/STM32L4xx_HAL_Driver/Src/stm32l4xx_hal_pwr.o"
arm-none-eabi-gcc "../Drivers/STM32L4xx_HAL_Driver/Src/stm32l4xx_hal_pwr_ex.c" -mcpu=cortex-m4 -std=gnu11 -g3 -DDEBUG -DUSE_HAL_DRIVER -DSTM32L4R5xx -c -I../Core/Inc -I../Drivers/STM32L4xx_HAL_Driver/Inc -I../Drivers/STM32L4xx_HAL_Driver/Inc/Legacy -I../Drivers/CMSIS/Device/ST/STM32L4xx/Include -I../Drivers/CMSIS/Include -O0 -ffunction-sections -fdata-sections -Wall -fstack-usage -fcyclomatic-complexity -MMD -MP -MF"Drivers/STM32L4xx_HAL_Driver/Src/stm32l4xx_hal_pwr_ex.d" -MT"Drivers/STM32L4xx_HAL_Driver/Src/stm32l4xx_hal_pwr_ex.o" --specs=nano.specs -mfpu=fpv4-sp-d16 -mfloat-abi=hard -mthumb -o "Drivers/STM32L4xx_HAL_Driver/Src/stm32l4xx_hal_pwr_ex.o"
arm-none-eabi-gcc "../Drivers/STM32L4xx_HAL_Driver/Src/stm32l4xx_hal_rcc.c" -mcpu=cortex-m4 -std=gnu11 -g3 -DDEBUG -DUSE_HAL_DRIVER -DSTM32L4R5xx -c -I../Core/Inc -I../Drivers/STM32L4xx_HAL_Driver/Inc -I../Drivers/STM32L4xx_HAL_Driver/Inc/Legacy -I../Drivers/CMSIS/Device/ST/STM32L4xx/Include -I../Drivers/CMSIS/Include -O0 -ffunction-sections -fdata-sections -Wall -fstack-usage -fcyclomatic-complexity -MMD -MP -MF"Drivers/STM32L4xx_HAL_Driver/Src/stm32l4xx_hal_rcc.d" -MT"Drivers/STM32L4xx_HAL_Driver/Src/stm32l4xx_hal_rcc.o" --specs=nano.specs -mfpu=fpv4-sp-d16 -mfloat-abi=hard -mthumb -o "Drivers/STM32L4xx_HAL_Driver/Src/stm32l4xx_hal_rcc.o"
arm-none-eabi-gcc "../Drivers/STM32L4xx_HAL_Driver/Src/stm32l4xx_hal_rcc_ex.c" -mcpu=cortex-m4 -std=gnu11 -g3 -DDEBUG -DUSE_HAL_DRIVER -DSTM32L4R5xx -c -I../Core/Inc -I../Drivers/STM32L4xx_HAL_Driver/Inc -I../Drivers/STM32L4xx_HAL_Driver/Inc/Legacy -I../Drivers/CMSIS/Device/ST/STM32L4xx/Include -I../Drivers/CMSIS/Include -O0 -ffunction-sections -fdata-sections -Wall -fstack-usage -fcyclomatic-complexity -MMD -MP -MF"Drivers/STM32L4xx_HAL_Driver/Src/stm32l4xx_hal_rcc_ex.d" -MT"Drivers/STM32L4xx_HAL_Driver/Src/stm32l4xx_hal_rcc_ex.o" --specs=nano.specs -mfpu=fpv4-sp-d16 -mfloat-abi=hard -mthumb -o "Drivers/STM32L4xx_HAL_Driver/Src/stm32l4xx_hal_rcc_ex.o"
arm-none-eabi-gcc "../Drivers/STM32L4xx_HAL_Driver/Src/stm32l4xx_hal_uart.c" -mcpu=cortex-m4 -std=gnu11 -g3 -DDEBUG -DUSE_HAL_DRIVER -DSTM32L4R5xx -c -I../Core/Inc -I../Drivers/STM32L4xx_HAL_Driver/Inc -I../Drivers/STM32L4xx_HAL_Driver/Inc/Legacy -I../Drivers/CMSIS/Device/ST/STM32L4xx/Include -I../Drivers/CMSIS/Include -O0 -ffunction-sections -fdata-sections -Wall -fstack-usage -fcyclomatic-complexity -MMD -MP -MF"Drivers/STM32L4xx_HAL_Driver/Src/stm32l4xx_hal_uart.d" -MT"Drivers/STM32L4xx_HAL_Driver/Src/stm32l4xx_hal_uart.o" --specs=nano.specs -mfpu=fpv4-sp-d16 -mfloat-abi=hard -mthumb -o "Drivers/STM32L4xx_HAL_Driver/Src/stm32l4xx_hal_uart.o"
arm-none-eabi-gcc "../Drivers/STM32L4xx_HAL_Driver/Src/stm32l4xx_hal_uart_ex.c" -mcpu=cortex-m4 -std=gnu11 -g3 -DDEBUG -DUSE_HAL_DRIVER -DSTM32L4R5xx -c -I../Core/Inc -I../Drivers/STM32L4xx_HAL_Driver/Inc -I../Drivers/STM32L4xx_HAL_Driver/Inc/Legacy -I../Drivers/CMSIS/Device/ST/STM32L4xx/Include -I../Drivers/CMSIS/Include -O0 -ffunction-sections -fdata-sections -Wall -fstack-usage -fcyclomatic-complexity -MMD -MP -MF"Drivers/STM32L4xx_HAL_Driver/Src/stm32l4xx_hal_uart_ex.d" -MT"Drivers/STM32L4xx_HAL_Driver/Src/stm32l4xx_hal_uart_ex.o" --specs=nano.specs -mfpu=fpv4-sp-d16 -mfloat-abi=hard -mthumb -o "Drivers/STM32L4xx_HAL_Driver/Src/stm32l4xx_hal_uart_ex.o"
arm-none-eabi-gcc -mcpu=cortex-m4 -g3 -DDEBUG -c -x assembler-with-cpp -MMD -MP -MF"Core/Startup/startup_stm32l4r5zitxp.d" -MT"Core/Startup/startup_stm32l4r5zitxp.o" --specs=nano.specs -mfpu=fpv4-sp-d16 -mfloat-abi=hard -mthumb -o "Core/Startup/startup_stm32l4r5zitxp.o" "../Core/Startup/startup_stm32l4r5zitxp.s"
arm-none-eabi-gcc "../Core/Src/lidar.c" -mcpu=cortex-m4 -std=gnu11 -g3 -DDEBUG -DUSE_HAL_DRIVER -DSTM32L4R5xx -c -I../Core/Inc -I../Drivers/STM32L4xx_HAL_Driver/Inc -I../Drivers/STM32L4xx_HAL_Driver/Inc/Legacy -I../Drivers/CMSIS/Device/ST/STM32L4xx/Include -I../Drivers/CMSIS/Include -O0 -ffunction-sections -fdata-sections -Wall -fstack-usage -fcyclomatic-complexity -MMD -MP -MF"Core/Src/lidar.d" -MT"Core/Src/lidar.o" --specs=nano.specs -mfpu=fpv4-sp-d16 -mfloat-abi=hard -mthumb -o "Core/Src/lidar.o"
arm-none-eabi-gcc "../Core/Src/main.c" -mcpu=cortex-m4 -std=gnu11 -g3 -DDEBUG -DUSE_HAL_DRIVER -DSTM32L4R5xx -c -I../Core/Inc -I../Drivers/STM32L4xx_HAL_Driver/Inc -I../Drivers/STM32L4xx_HAL_Driver/Inc/Legacy -I../Drivers/CMSIS/Device/ST/STM32L4xx/Include -I../Drivers/CMSIS/Include -O0 -ffunction-sections -fdata-sections -Wall -fstack-usage -fcyclomatic-complexity -MMD -MP -MF"Core/Src/main.d" -MT"Core/Src/main.o" --specs=nano.specs -mfpu=fpv4-sp-d16 -mfloat-abi=hard -mthumb -o "Core/Src/main.o"
arm-none-eabi-gcc "../Core/Src/stm32l4xx_hal_msp.c" -mcpu=cortex-m4 -std=gnu11 -g3 -DDEBUG -DUSE_HAL_DRIVER -DSTM32L4R5xx -c -I../Core/Inc -I../Drivers/STM32L4xx_HAL_Driver/Inc -I../Drivers/STM32L4xx_HAL_Driver/Inc/Legacy -I../Drivers/CMSIS/Device/ST/STM32L4xx/Include -I../Drivers/CMSIS/Include -O0 -ffunction-sections -fdata-sections -Wall -fstack-usage -fcyclomatic-complexity -MMD -MP -MF"Core/Src/stm32l4xx_hal_msp.d" -MT"Core/Src/stm32l4xx_hal_msp.o" --specs=nano.specs -mfpu=fpv4-sp-d16 -mfloat-abi=hard -mthumb -o "Core/Src/stm32l4xx_hal_msp.o"
arm-none-eabi-gcc "../Core/Src/stm32l4xx_it.c" -mcpu=cortex-m4 -std=gnu11 -g3 -DDEBUG -DUSE_HAL_DRIVER -DSTM32L4R5xx -c -I../Core/Inc -I../Drivers/STM32L4xx_HAL_Driver/Inc -I../Drivers/STM32L4xx_HAL_Driver/Inc/Legacy -I../Drivers/CMSIS/Device/ST/STM32L4xx/Include -I../Drivers/CMSIS/Include -O0 -ffunction-sections -fdata-sections -Wall -fstack-usage -fcyclomatic-complexity -MMD -MP -MF"Core/Src/stm32l4xx_it.d" -MT"Core/Src/stm32l4xx_it.o" --specs=nano.specs -mfpu=fpv4-sp-d16 -mfloat-abi=hard -mthumb -o "Core/Src/stm32l4xx_it.o"
arm-none-eabi-gcc "../Core/Src/syscalls.c" -mcpu=cortex-m4 -std=gnu11 -g3 -DDEBUG -DUSE_HAL_DRIVER -DSTM32L4R5xx -c -I../Core/Inc -I../Drivers/STM32L4xx_HAL_Driver/Inc -I../Drivers/STM32L4xx_HAL_Driver/Inc/Legacy -I../Drivers/CMSIS/Device/ST/STM32L4xx/Include -I../Drivers/CMSIS/Include -O0 -ffunction-sections -fdata-sections -Wall -fstack-usage -fcyclomatic-complexity -MMD -MP -MF"Core/Src/syscalls.d" -MT"Core/Src/syscalls.o" --specs=nano.specs -mfpu=fpv4-sp-d16 -mfloat-abi=hard -mthumb -o "Core/Src/syscalls.o"
arm-none-eabi-gcc "../Core/Src/sysmem.c" -mcpu=cortex-m4 -std=gnu11 -g3 -DDEBUG -DUSE_HAL_DRIVER -DSTM32L4R5xx -c -I../Core/Inc -I../Drivers/STM32L4xx_HAL_Driver/Inc -I../Drivers/STM32L4xx_HAL_Driver/Inc/Legacy -I../Drivers/CMSIS/Device/ST/STM32L4xx/Include -I../Drivers/CMSIS/Include -O0 -ffunction-sections -fdata-sections -Wall -fstack-usage -fcyclomatic-complexity -MMD -MP -MF"Core/Src/sysmem.d" -MT"Core/Src/sysmem.o" --specs=nano.specs -mfpu=fpv4-sp-d16 -mfloat-abi=hard -mthumb -o "Core/Src/sysmem.o"
arm-none-eabi-gcc "../Core/Src/system_stm32l4xx.c" -mcpu=cortex-m4 -std=gnu11 -g3 -DDEBUG -DUSE_HAL_DRIVER -DSTM32L4R5xx -c -I../Core/Inc -I../Drivers/STM32L4xx_HAL_Driver/Inc -I../Drivers/STM32L4xx_HAL_Driver/Inc/Legacy -I../Drivers/CMSIS/Device/ST/STM32L4xx/Include -I../Drivers/CMSIS/Include -O0 -ffunction-sections -fdata-sections -Wall -fstack-usage -fcyclomatic-complexity -MMD -MP -MF"Core/Src/system_stm32l4xx.d" -MT"Core/Src/system_stm32l4xx.o" --specs=nano.specs -mfpu=fpv4-sp-d16 -mfloat-abi=hard -mthumb -o "Core/Src/system_stm32l4xx.o"
../Core/Src/lidar.c: In function 'send_express_scan_command':
../Core/Src/lidar.c:28:34: warning: passing argument 2 of 'HAL_UART_Transmit' from incompatible pointer type [-Wincompatible-pointer-types]
   28 |         HAL_UART_Transmit(huart, &packet, sizeof(packet), HAL_MAX_DELAY);
      |                                  ^~~~~~~
      |                                  |
      |                                  uint8_t (*)[9] {aka unsigned char (*)[9]}
In file included from ../Core/Inc/stm32l4xx_hal_conf.h:450,
                 from ../Drivers/STM32L4xx_HAL_Driver/Inc/stm32l4xx_hal.h:29,
                 from ../Core/Inc/lidar.h:6,
                 from ../Core/Src/lidar.c:8:
../Drivers/STM32L4xx_HAL_Driver/Inc/stm32l4xx_hal_uart.h:1696:79: note: expected 'const uint8_t *' {aka 'const unsigned char *'} but argument is of type 'uint8_t (*)[9]' {aka 'unsigned char (*)[9]'}
 1696 | HAL_StatusTypeDef HAL_UART_Transmit(UART_HandleTypeDef *huart, const uint8_t *pData, uint16_t Size, uint32_t Timeout);
      |                                                                ~~~~~~~~~~~~~~~^~~~~
../Core/Src/lidar.c: In function 'decode_express_capsule':
../Core/Src/lidar.c:102:13: warning: implicit declaration of function 'printf' [-Wimplicit-function-declaration]
  102 |             printf("theta: %06.1f Dist: %08.2f Q: %d\n", angle1, dist1_mm, 47);
      |             ^~~~~~
../Core/Src/lidar.c:9:1: note: include '<stdio.h>' or provide a declaration of 'printf'
    8 | #include "lidar.h"
  +++ |+#include <stdio.h>
    9 | 
../Core/Src/lidar.c:102:13: warning: incompatible implicit declaration of built-in function 'printf' [-Wbuiltin-declaration-mismatch]
  102 |             printf("theta: %06.1f Dist: %08.2f Q: %d\n", angle1, dist1_mm, 47);
      |             ^~~~~~
../Core/Src/lidar.c:102:13: note: include '<stdio.h>' or provide a declaration of 'printf'
../Core/Src/lidar.c:41:10: warning: unused variable 'new_scan' [-Wunused-variable]
   41 |     bool new_scan = (capsule_data[3] & 0x80) != 0;
      |          ^~~~~~~~
../Core/Inc/lidar.h: At top level:
../Core/Inc/lidar.h:16:13: warning: 'has_prev_packet' defined but not used [-Wunused-variable]
   16 | static bool has_prev_packet = false;
      |             ^~~~~~~~~~~~~~~
arm-none-eabi-gcc -o "373_Final_Project.elf" @"objects.list"   -mcpu=cortex-m4 -T"N:\EECS373-CubeIDE-Workspace\373_Final_Project\STM32L4R5ZITXP_FLASH.ld" --specs=nosys.specs -Wl,-Map="373_Final_Project.map" -Wl,--gc-sections -static --specs=nano.specs -mfpu=fpv4-sp-d16 -mfloat-abi=hard -mthumb -u _printf_float -Wl,--start-group -lc -lm -Wl,--end-group
Finished building target: 373_Final_Project.elf
 
arm-none-eabi-size  373_Final_Project.elf 
arm-none-eabi-objdump -h -S 373_Final_Project.elf  > "373_Final_Project.list"
   text	   data	    bss	    dec	    hex	filename
  30544	    468	   2300	  33312	   8220	373_Final_Project.elf
Finished building: default.size.stdout
 
Finished building: 373_Final_Project.list
 
15:18:10 **** Incremental Build of configuration Debug for project 373_Final_Project ****
make -j12 all 
arm-none-eabi-gcc "../Core/Src/lidar.c" -mcpu=cortex-m4 -std=gnu11 -g3 -DDEBUG -DUSE_HAL_DRIVER -DSTM32L4R5xx -c -I../Core/Inc -I../Drivers/STM32L4xx_HAL_Driver/Inc -I../Drivers/STM32L4xx_HAL_Driver/Inc/Legacy -I../Drivers/CMSIS/Device/ST/STM32L4xx/Include -I../Drivers/CMSIS/Include -O0 -ffunction-sections -fdata-sections -Wall -fstack-usage -fcyclomatic-complexity -MMD -MP -MF"Core/Src/lidar.d" -MT"Core/Src/lidar.o" --specs=nano.specs -mfpu=fpv4-sp-d16 -mfloat-abi=hard -mthumb -o "Core/Src/lidar.o"
../Core/Src/lidar.c: In function 'send_express_scan_command':
../Core/Src/lidar.c:28:34: warning: passing argument 2 of 'HAL_UART_Transmit' from incompatible pointer type [-Wincompatible-pointer-types]
   28 |         HAL_UART_Transmit(huart, &packet, sizeof(packet), HAL_MAX_DELAY);
      |                                  ^~~~~~~
      |                                  |
      |                                  uint8_t (*)[9] {aka unsigned char (*)[9]}
In file included from ../Core/Inc/stm32l4xx_hal_conf.h:450,
                 from ../Drivers/STM32L4xx_HAL_Driver/Inc/stm32l4xx_hal.h:29,
                 from ../Core/Inc/lidar.h:6,
                 from ../Core/Src/lidar.c:8:
../Drivers/STM32L4xx_HAL_Driver/Inc/stm32l4xx_hal_uart.h:1696:79: note: expected 'const uint8_t *' {aka 'const unsigned char *'} but argument is of type 'uint8_t (*)[9]' {aka 'unsigned char (*)[9]'}
 1696 | HAL_StatusTypeDef HAL_UART_Transmit(UART_HandleTypeDef *huart, const uint8_t *pData, uint16_t Size, uint32_t Timeout);
      |                                                                ~~~~~~~~~~~~~~~^~~~~
../Core/Src/lidar.c: In function 'decode_express_capsule':
../Core/Src/lidar.c:102:13: warning: implicit declaration of function 'printf' [-Wimplicit-function-declaration]
  102 |             printf("theta: %06.1f Dist: %08.2f Q: %d\n", angle1, dist1_mm, 47);
      |             ^~~~~~
../Core/Src/lidar.c:9:1: note: include '<stdio.h>' or provide a declaration of 'printf'
    8 | #include "lidar.h"
  +++ |+#include <stdio.h>
    9 | 
../Core/Src/lidar.c:102:13: warning: incompatible implicit declaration of built-in function 'printf' [-Wbuiltin-declaration-mismatch]
  102 |             printf("theta: %06.1f Dist: %08.2f Q: %d\n", angle1, dist1_mm, 47);
      |             ^~~~~~
../Core/Src/lidar.c:102:13: note: include '<stdio.h>' or provide a declaration of 'printf'
../Core/Src/lidar.c:41:10: warning: unused variable 'new_scan' [-Wunused-variable]
   41 |     bool new_scan = (capsule_data[3] & 0x80) != 0;
      |          ^~~~~~~~
arm-none-eabi-gcc -o "373_Final_Project.elf" @"objects.list"   -mcpu=cortex-m4 -T"N:\EECS373-CubeIDE-Workspace\373_Final_Project\STM32L4R5ZITXP_FLASH.ld" --specs=nosys.specs -Wl,-Map="373_Final_Project.map" -Wl,--gc-sections -static --specs=nano.specs -mfpu=fpv4-sp-d16 -mfloat-abi=hard -mthumb -u _printf_float -Wl,--start-group -lc -lm -Wl,--end-group
Finished building target: 373_Final_Project.elf
 
arm-none-eabi-size  373_Final_Project.elf 
arm-none-eabi-objdump -h -S 373_Final_Project.elf  > "373_Final_Project.list"
   text	   data	    bss	    dec	    hex	filename
  30544	    468	   2300	  33312	   8220	373_Final_Project.elf
Finished building: default.size.stdout
 
Finished building: 373_Final_Project.list
 
15:21:10 **** Incremental Build of configuration Debug for project 373_Final_Project ****
make -j12 all 
arm-none-eabi-gcc "../Core/Src/main.c" -mcpu=cortex-m4 -std=gnu11 -g3 -DDEBUG -DUSE_HAL_DRIVER -DSTM32L4R5xx -c -I../Core/Inc -I../Drivers/STM32L4xx_HAL_Driver/Inc -I../Drivers/STM32L4xx_HAL_Driver/Inc/Legacy -I../Drivers/CMSIS/Device/ST/STM32L4xx/Include -I../Drivers/CMSIS/Include -O0 -ffunction-sections -fdata-sections -Wall -fstack-usage -fcyclomatic-complexity -MMD -MP -MF"Core/Src/main.d" -MT"Core/Src/main.o" --specs=nano.specs -mfpu=fpv4-sp-d16 -mfloat-abi=hard -mthumb -o "Core/Src/main.o"
../Core/Src/main.c: In function 'main':
../Core/Src/main.c:108:36: warning: implicit declaration of function 'read' [-Wimplicit-function-declaration]
  108 |                   int bytes_read = read(fd, new_data, sizeof(new_data));
      |                                    ^~~~
../Core/Src/main.c:108:41: error: 'fd' undeclared (first use in this function)
  108 |                   int bytes_read = read(fd, new_data, sizeof(new_data));
      |                                         ^~
../Core/Src/main.c:108:41: note: each undeclared identifier is reported only once for each function it appears in
../Core/Src/main.c:112:61: error: 'buffer_pos' undeclared (first use in this function)
  112 |                           for (int i = 0; i < bytes_read && buffer_pos < sizeof(stream_buffer) - 1; i++) {
      |                                                             ^~~~~~~~~~
../Core/Src/main.c:112:81: error: 'stream_buffer' undeclared (first use in this function)
  112 |                           for (int i = 0; i < bytes_read && buffer_pos < sizeof(stream_buffer) - 1; i++) {
      |                                                                                 ^~~~~~~~~~~~~
../Core/Src/main.c:120:35: error: 'capsule_count' undeclared (first use in this function)
  120 |                                   capsule_count++;
      |                                   ^~~~~~~~~~~~~
../Core/Src/main.c:128:43: warning: implicit declaration of function 'printf' [-Wimplicit-function-declaration]
  128 |                                           printf("# Processed %d capsules (rotation %d)\n", capsule_count, capsule_count/16);
      |                                           ^~~~~~
../Core/Src/main.c:22:1: note: include '<stdio.h>' or provide a declaration of 'printf'
   21 | #include "lidar.h"
  +++ |+#include <stdio.h>
   22 | 
../Core/Src/main.c:128:43: warning: incompatible implicit declaration of built-in function 'printf' [-Wbuiltin-declaration-mismatch]
  128 |                                           printf("# Processed %d capsules (rotation %d)\n", capsule_count, capsule_count/16);
      |                                           ^~~~~~
../Core/Src/main.c:128:43: note: include '<stdio.h>' or provide a declaration of 'printf'
In file included from ../Core/Src/main.c:21:
../Core/Inc/lidar.h: At top level:
../Core/Inc/lidar.h:17:14: warning: 'prev_start_angle' defined but not used [-Wunused-variable]
   17 | static float prev_start_angle = 0;
      |              ^~~~~~~~~~~~~~~~
../Core/Inc/lidar.h:16:13: warning: 'has_prev_packet' defined but not used [-Wunused-variable]
   16 | static bool has_prev_packet = false;
      |             ^~~~~~~~~~~~~~~
../Core/Inc/lidar.h:15:16: warning: 'prev_packet' defined but not used [-Wunused-variable]
   15 | static uint8_t prev_packet[84];
      |                ^~~~~~~~~~~
make: *** [Core/Src/subdir.mk:37: Core/Src/main.o] Error 1
"make -j12 all" terminated with exit code 2. Build might be incomplete.
15:42:23 **** Incremental Build of configuration Debug for project 373_Final_Project ****
make -j12 all 
arm-none-eabi-gcc "../Core/Src/lidar.c" -mcpu=cortex-m4 -std=gnu11 -g3 -DDEBUG -DUSE_HAL_DRIVER -DSTM32L4R5xx -c -I../Core/Inc -I../Drivers/STM32L4xx_HAL_Driver/Inc -I../Drivers/STM32L4xx_HAL_Driver/Inc/Legacy -I../Drivers/CMSIS/Device/ST/STM32L4xx/Include -I../Drivers/CMSIS/Include -O0 -ffunction-sections -fdata-sections -Wall -fstack-usage -fcyclomatic-complexity -MMD -MP -MF"Core/Src/lidar.d" -MT"Core/Src/lidar.o" --specs=nano.specs -mfpu=fpv4-sp-d16 -mfloat-abi=hard -mthumb -o "Core/Src/lidar.o"
arm-none-eabi-gcc "../Core/Src/main.c" -mcpu=cortex-m4 -std=gnu11 -g3 -DDEBUG -DUSE_HAL_DRIVER -DSTM32L4R5xx -c -I../Core/Inc -I../Drivers/STM32L4xx_HAL_Driver/Inc -I../Drivers/STM32L4xx_HAL_Driver/Inc/Legacy -I../Drivers/CMSIS/Device/ST/STM32L4xx/Include -I../Drivers/CMSIS/Include -O0 -ffunction-sections -fdata-sections -Wall -fstack-usage -fcyclomatic-complexity -MMD -MP -MF"Core/Src/main.d" -MT"Core/Src/main.o" --specs=nano.specs -mfpu=fpv4-sp-d16 -mfloat-abi=hard -mthumb -o "Core/Src/main.o"
../Core/Src/lidar.c: In function 'send_express_scan_command':
../Core/Src/lidar.c:28:34: warning: passing argument 2 of 'HAL_UART_Transmit' from incompatible pointer type [-Wincompatible-pointer-types]
   28 |         HAL_UART_Transmit(huart, &packet, sizeof(packet), HAL_MAX_DELAY);
      |                                  ^~~~~~~
      |                                  |
      |                                  uint8_t (*)[9] {aka unsigned char (*)[9]}
In file included from ../Core/Inc/stm32l4xx_hal_conf.h:450,
                 from ../Drivers/STM32L4xx_HAL_Driver/Inc/stm32l4xx_hal.h:29,
                 from ../Core/Inc/lidar.h:6,
                 from ../Core/Src/lidar.c:8:
../Drivers/STM32L4xx_HAL_Driver/Inc/stm32l4xx_hal_uart.h:1696:79: note: expected 'const uint8_t *' {aka 'const unsigned char *'} but argument is of type 'uint8_t (*)[9]' {aka 'unsigned char (*)[9]'}
 1696 | HAL_StatusTypeDef HAL_UART_Transmit(UART_HandleTypeDef *huart, const uint8_t *pData, uint16_t Size, uint32_t Timeout);
      |                                                                ~~~~~~~~~~~~~~~^~~~~
../Core/Src/lidar.c: In function 'decode_express_capsule':
../Core/Src/lidar.c:102:13: warning: implicit declaration of function 'printf' [-Wimplicit-function-declaration]
  102 |             printf("theta: %06.1f Dist: %08.2f Q: %d\n", angle1, dist1_mm, 47);
      |             ^~~~~~
../Core/Src/lidar.c:9:1: note: include '<stdio.h>' or provide a declaration of 'printf'
    8 | #include "lidar.h"
  +++ |+#include <stdio.h>
    9 | 
../Core/Src/lidar.c:102:13: warning: incompatible implicit declaration of built-in function 'printf' [-Wbuiltin-declaration-mismatch]
  102 |             printf("theta: %06.1f Dist: %08.2f Q: %d\n", angle1, dist1_mm, 47);
      |             ^~~~~~
../Core/Src/main.c:49:2: error: multiple storage classes in declaration specifiers
   49 |  extern static uint8_t *capsule_data[168];
      |  ^~~~~~
../Core/Src/lidar.c:102:13: note: include '<stdio.h>' or provide a declaration of 'printf'
../Core/Src/main.c: In function 'main':
../Core/Src/lidar.c:41:10: warning: unused variable 'new_scan' [-Wunused-variable]
   41 |     bool new_scan = (capsule_data[3] & 0x80) != 0;
      |          ^~~~~~~~
../Core/Src/main.c:109:33: warning: passing argument 1 of 'decode_express_capsule' from incompatible pointer type [-Wincompatible-pointer-types]
  109 |          decode_express_capsule(capsule_data);
      |                                 ^~~~~~~~~~~~
      |                                 |
      |                                 uint8_t ** {aka unsigned char **}
../Core/Inc/lidar.h: At top level:
../Core/Inc/lidar.h:15:18: warning: 'capsule_data' defined but not used [-Wunused-variable]
   15 | static uint8_t * capsule_data[168];
      |                  ^~~~~~~~~~~~
In file included from ../Core/Src/main.c:21:
../Core/Inc/lidar.h:26:38: note: expected 'uint8_t *' {aka 'unsigned char *'} but argument is of type 'uint8_t **' {aka 'unsigned char **'}
   26 | void decode_express_capsule(uint8_t* capsule_data);
      |                             ~~~~~~~~~^~~~~~~~~~~~
../Core/Inc/lidar.h: At top level:
../Core/Inc/lidar.h:18:14: warning: 'prev_start_angle' defined but not used [-Wunused-variable]
   18 | static float prev_start_angle = 0;
      |              ^~~~~~~~~~~~~~~~
../Core/Inc/lidar.h:17:13: warning: 'has_prev_packet' defined but not used [-Wunused-variable]
   17 | static bool has_prev_packet = false;
      |             ^~~~~~~~~~~~~~~
../Core/Inc/lidar.h:16:16: warning: 'prev_packet' defined but not used [-Wunused-variable]
   16 | static uint8_t prev_packet[84];
      |                ^~~~~~~~~~~
make: *** [Core/Src/subdir.mk:37: Core/Src/main.o] Error 1
make: *** Waiting for unfinished jobs....
"make -j12 all" terminated with exit code 2. Build might be incomplete.
15:53:03 **** Incremental Build of configuration Debug for project 373_Final_Project ****
make -j12 all 
arm-none-eabi-gcc "../Core/Src/lidar.c" -mcpu=cortex-m4 -std=gnu11 -g3 -DDEBUG -DUSE_HAL_DRIVER -DSTM32L4R5xx -c -I../Core/Inc -I../Drivers/STM32L4xx_HAL_Driver/Inc -I../Drivers/STM32L4xx_HAL_Driver/Inc/Legacy -I../Drivers/CMSIS/Device/ST/STM32L4xx/Include -I../Drivers/CMSIS/Include -O0 -ffunction-sections -fdata-sections -Wall -fstack-usage -fcyclomatic-complexity -MMD -MP -MF"Core/Src/lidar.d" -MT"Core/Src/lidar.o" --specs=nano.specs -mfpu=fpv4-sp-d16 -mfloat-abi=hard -mthumb -o "Core/Src/lidar.o"
arm-none-eabi-gcc "../Core/Src/main.c" -mcpu=cortex-m4 -std=gnu11 -g3 -DDEBUG -DUSE_HAL_DRIVER -DSTM32L4R5xx -c -I../Core/Inc -I../Drivers/STM32L4xx_HAL_Driver/Inc -I../Drivers/STM32L4xx_HAL_Driver/Inc/Legacy -I../Drivers/CMSIS/Device/ST/STM32L4xx/Include -I../Drivers/CMSIS/Include -O0 -ffunction-sections -fdata-sections -Wall -fstack-usage -fcyclomatic-complexity -MMD -MP -MF"Core/Src/main.d" -MT"Core/Src/main.o" --specs=nano.specs -mfpu=fpv4-sp-d16 -mfloat-abi=hard -mthumb -o "Core/Src/main.o"
../Core/Src/lidar.c: In function 'send_express_scan_command':
../Core/Src/lidar.c:28:34: warning: passing argument 2 of 'HAL_UART_Transmit' from incompatible pointer type [-Wincompatible-pointer-types]
   28 |         HAL_UART_Transmit(huart, &packet, sizeof(packet), HAL_MAX_DELAY);
      |                                  ^~~~~~~
      |                                  |
      |                                  uint8_t (*)[9] {aka unsigned char (*)[9]}
In file included from ../Core/Inc/stm32l4xx_hal_conf.h:450,
                 from ../Drivers/STM32L4xx_HAL_Driver/Inc/stm32l4xx_hal.h:29,
                 from ../Core/Inc/lidar.h:6,
                 from ../Core/Src/lidar.c:8:
../Drivers/STM32L4xx_HAL_Driver/Inc/stm32l4xx_hal_uart.h:1696:79: note: expected 'const uint8_t *' {aka 'const unsigned char *'} but argument is of type 'uint8_t (*)[9]' {aka 'unsigned char (*)[9]'}
 1696 | HAL_StatusTypeDef HAL_UART_Transmit(UART_HandleTypeDef *huart, const uint8_t *pData, uint16_t Size, uint32_t Timeout);
      |                                                                ~~~~~~~~~~~~~~~^~~~~
../Core/Src/lidar.c: In function 'decode_express_capsule':
../Core/Src/lidar.c:102:13: warning: implicit declaration of function 'printf' [-Wimplicit-function-declaration]
  102 |             printf("theta: %06.1f Dist: %08.2f Q: %d\n", angle1, dist1_mm, 47);
      |             ^~~~~~
../Core/Src/lidar.c:9:1: note: include '<stdio.h>' or provide a declaration of 'printf'
    8 | #include "lidar.h"
  +++ |+#include <stdio.h>
    9 | 
../Core/Src/lidar.c:102:13: warning: incompatible implicit declaration of built-in function 'printf' [-Wbuiltin-declaration-mismatch]
  102 |             printf("theta: %06.1f Dist: %08.2f Q: %d\n", angle1, dist1_mm, 47);
      |             ^~~~~~
../Core/Src/main.c:49:2: error: multiple storage classes in declaration specifiers
   49 |  extern static uint8_t *capsule_data[168];
      |  ^~~~~~
../Core/Src/lidar.c:102:13: note: include '<stdio.h>' or provide a declaration of 'printf'
../Core/Src/main.c: In function 'main':
../Core/Src/lidar.c:41:10: warning: unused variable 'new_scan' [-Wunused-variable]
   41 |     bool new_scan = (capsule_data[3] & 0x80) != 0;
      |          ^~~~~~~~
../Core/Src/main.c:109:33: warning: passing argument 1 of 'decode_express_capsule' from incompatible pointer type [-Wincompatible-pointer-types]
  109 |          decode_express_capsule(capsule_data);
      |                                 ^~~~~~~~~~~~
      |                                 |
      |                                 uint8_t ** {aka unsigned char **}
In file included from ../Core/Src/main.c:21:
../Core/Inc/lidar.h:26:38: note: expected 'uint8_t *' {aka 'unsigned char *'} but argument is of type 'uint8_t **' {aka 'unsigned char **'}
   26 | void decode_express_capsule(uint8_t* capsule_data);
      |                             ~~~~~~~~~^~~~~~~~~~~~
../Core/Inc/lidar.h: At top level:
../Core/Inc/lidar.h:18:14: warning: 'prev_start_angle' defined but not used [-Wunused-variable]
   18 | static float prev_start_angle = 0;
      |              ^~~~~~~~~~~~~~~~
../Core/Inc/lidar.h:17:13: warning: 'has_prev_packet' defined but not used [-Wunused-variable]
   17 | static bool has_prev_packet = false;
      |             ^~~~~~~~~~~~~~~
../Core/Inc/lidar.h:16:16: warning: 'prev_packet' defined but not used [-Wunused-variable]
   16 | static uint8_t prev_packet[84];
      |                ^~~~~~~~~~~
make: *** [Core/Src/subdir.mk:37: Core/Src/main.o] Error 1
make: *** Waiting for unfinished jobs....
"make -j12 all" terminated with exit code 2. Build might be incomplete.
15:53:30 **** Incremental Build of configuration Debug for project 373_Final_Project ****
make -j12 all 
arm-none-eabi-gcc "../Core/Src/lidar.c" -mcpu=cortex-m4 -std=gnu11 -g3 -DDEBUG -DUSE_HAL_DRIVER -DSTM32L4R5xx -c -I../Core/Inc -I../Drivers/STM32L4xx_HAL_Driver/Inc -I../Drivers/STM32L4xx_HAL_Driver/Inc/Legacy -I../Drivers/CMSIS/Device/ST/STM32L4xx/Include -I../Drivers/CMSIS/Include -O0 -ffunction-sections -fdata-sections -Wall -fstack-usage -fcyclomatic-complexity -MMD -MP -MF"Core/Src/lidar.d" -MT"Core/Src/lidar.o" --specs=nano.specs -mfpu=fpv4-sp-d16 -mfloat-abi=hard -mthumb -o "Core/Src/lidar.o"
arm-none-eabi-gcc "../Core/Src/main.c" -mcpu=cortex-m4 -std=gnu11 -g3 -DDEBUG -DUSE_HAL_DRIVER -DSTM32L4R5xx -c -I../Core/Inc -I../Drivers/STM32L4xx_HAL_Driver/Inc -I../Drivers/STM32L4xx_HAL_Driver/Inc/Legacy -I../Drivers/CMSIS/Device/ST/STM32L4xx/Include -I../Drivers/CMSIS/Include -O0 -ffunction-sections -fdata-sections -Wall -fstack-usage -fcyclomatic-complexity -MMD -MP -MF"Core/Src/main.d" -MT"Core/Src/main.o" --specs=nano.specs -mfpu=fpv4-sp-d16 -mfloat-abi=hard -mthumb -o "Core/Src/main.o"
../Core/Src/lidar.c: In function 'send_express_scan_command':
../Core/Src/lidar.c:28:34: warning: passing argument 2 of 'HAL_UART_Transmit' from incompatible pointer type [-Wincompatible-pointer-types]
   28 |         HAL_UART_Transmit(huart, &packet, sizeof(packet), HAL_MAX_DELAY);
      |                                  ^~~~~~~
      |                                  |
      |                                  uint8_t (*)[9] {aka unsigned char (*)[9]}
In file included from ../Core/Inc/stm32l4xx_hal_conf.h:450,
                 from ../Drivers/STM32L4xx_HAL_Driver/Inc/stm32l4xx_hal.h:29,
                 from ../Core/Inc/lidar.h:6,
                 from ../Core/Src/lidar.c:8:
../Drivers/STM32L4xx_HAL_Driver/Inc/stm32l4xx_hal_uart.h:1696:79: note: expected 'const uint8_t *' {aka 'const unsigned char *'} but argument is of type 'uint8_t (*)[9]' {aka 'unsigned char (*)[9]'}
 1696 | HAL_StatusTypeDef HAL_UART_Transmit(UART_HandleTypeDef *huart, const uint8_t *pData, uint16_t Size, uint32_t Timeout);
      |                                                                ~~~~~~~~~~~~~~~^~~~~
../Core/Src/lidar.c: In function 'decode_express_capsule':
../Core/Src/lidar.c:102:13: warning: implicit declaration of function 'printf' [-Wimplicit-function-declaration]
  102 |             printf("theta: %06.1f Dist: %08.2f Q: %d\n", angle1, dist1_mm, 47);
      |             ^~~~~~
../Core/Src/lidar.c:9:1: note: include '<stdio.h>' or provide a declaration of 'printf'
    8 | #include "lidar.h"
  +++ |+#include <stdio.h>
    9 | 
../Core/Src/lidar.c:102:13: warning: incompatible implicit declaration of built-in function 'printf' [-Wbuiltin-declaration-mismatch]
  102 |             printf("theta: %06.1f Dist: %08.2f Q: %d\n", angle1, dist1_mm, 47);
      |             ^~~~~~
../Core/Src/main.c: In function 'main':
../Core/Src/lidar.c:102:13: note: include '<stdio.h>' or provide a declaration of 'printf'
../Core/Src/lidar.c:41:10: warning: unused variable 'new_scan' [-Wunused-variable]
   41 |     bool new_scan = (capsule_data[3] & 0x80) != 0;
      |          ^~~~~~~~
../Core/Inc/lidar.h: At top level:
../Core/Src/main.c:109:33: warning: passing argument 1 of 'decode_express_capsule' from incompatible pointer type [-Wincompatible-pointer-types]
  109 |          decode_express_capsule(capsule_data);
      |                                 ^~~~~~~~~~~~
      |                                 |
      |                                 uint8_t ** {aka unsigned char **}
../Core/Inc/lidar.h:15:18: warning: 'capsule_data' defined but not used [-Wunused-variable]
   15 | static uint8_t * capsule_data[168];
      |                  ^~~~~~~~~~~~
In file included from ../Core/Src/main.c:21:
../Core/Inc/lidar.h:26:38: note: expected 'uint8_t *' {aka 'unsigned char *'} but argument is of type 'uint8_t **' {aka 'unsigned char **'}
   26 | void decode_express_capsule(uint8_t* capsule_data);
      |                             ~~~~~~~~~^~~~~~~~~~~~
../Core/Inc/lidar.h: At top level:
../Core/Inc/lidar.h:18:14: warning: 'prev_start_angle' defined but not used [-Wunused-variable]
   18 | static float prev_start_angle = 0;
      |              ^~~~~~~~~~~~~~~~
../Core/Inc/lidar.h:17:13: warning: 'has_prev_packet' defined but not used [-Wunused-variable]
   17 | static bool has_prev_packet = false;
      |             ^~~~~~~~~~~~~~~
../Core/Inc/lidar.h:16:16: warning: 'prev_packet' defined but not used [-Wunused-variable]
   16 | static uint8_t prev_packet[84];
      |                ^~~~~~~~~~~
arm-none-eabi-gcc -o "373_Final_Project.elf" @"objects.list"   -mcpu=cortex-m4 -T"N:\EECS373-CubeIDE-Workspace\373_Final_Project\STM32L4R5ZITXP_FLASH.ld" --specs=nosys.specs -Wl,-Map="373_Final_Project.map" -Wl,--gc-sections -static --specs=nano.specs -mfpu=fpv4-sp-d16 -mfloat-abi=hard -mthumb -u _printf_float -Wl,--start-group -lc -lm -Wl,--end-group
Finished building target: 373_Final_Project.elf
 
arm-none-eabi-size  373_Final_Project.elf 
arm-none-eabi-objdump -h -S 373_Final_Project.elf  > "373_Final_Project.list"
   text	   data	    bss	    dec	    hex	filename
  31976	    468	   3060	  35504	   8ab0	373_Final_Project.elf
Finished building: default.size.stdout
 
Finished building: 373_Final_Project.list
 
15:56:11 **** Incremental Build of configuration Debug for project 373_Final_Project ****
make -j12 all 
arm-none-eabi-gcc "../Core/Src/lidar.c" -mcpu=cortex-m4 -std=gnu11 -g3 -DDEBUG -DUSE_HAL_DRIVER -DSTM32L4R5xx -c -I../Core/Inc -I../Drivers/STM32L4xx_HAL_Driver/Inc -I../Drivers/STM32L4xx_HAL_Driver/Inc/Legacy -I../Drivers/CMSIS/Device/ST/STM32L4xx/Include -I../Drivers/CMSIS/Include -O0 -ffunction-sections -fdata-sections -Wall -fstack-usage -fcyclomatic-complexity -MMD -MP -MF"Core/Src/lidar.d" -MT"Core/Src/lidar.o" --specs=nano.specs -mfpu=fpv4-sp-d16 -mfloat-abi=hard -mthumb -o "Core/Src/lidar.o"
arm-none-eabi-gcc "../Core/Src/main.c" -mcpu=cortex-m4 -std=gnu11 -g3 -DDEBUG -DUSE_HAL_DRIVER -DSTM32L4R5xx -c -I../Core/Inc -I../Drivers/STM32L4xx_HAL_Driver/Inc -I../Drivers/STM32L4xx_HAL_Driver/Inc/Legacy -I../Drivers/CMSIS/Device/ST/STM32L4xx/Include -I../Drivers/CMSIS/Include -O0 -ffunction-sections -fdata-sections -Wall -fstack-usage -fcyclomatic-complexity -MMD -MP -MF"Core/Src/main.d" -MT"Core/Src/main.o" --specs=nano.specs -mfpu=fpv4-sp-d16 -mfloat-abi=hard -mthumb -o "Core/Src/main.o"
../Core/Src/lidar.c: In function 'send_express_scan_command':
../Core/Src/lidar.c:28:34: warning: passing argument 2 of 'HAL_UART_Transmit' from incompatible pointer type [-Wincompatible-pointer-types]
   28 |         HAL_UART_Transmit(huart, &packet, sizeof(packet), HAL_MAX_DELAY);
      |                                  ^~~~~~~
      |                                  |
      |                                  uint8_t (*)[9] {aka unsigned char (*)[9]}
In file included from ../Core/Inc/stm32l4xx_hal_conf.h:450,
                 from ../Drivers/STM32L4xx_HAL_Driver/Inc/stm32l4xx_hal.h:29,
                 from ../Core/Inc/lidar.h:6,
                 from ../Core/Src/lidar.c:8:
../Drivers/STM32L4xx_HAL_Driver/Inc/stm32l4xx_hal_uart.h:1696:79: note: expected 'const uint8_t *' {aka 'const unsigned char *'} but argument is of type 'uint8_t (*)[9]' {aka 'unsigned char (*)[9]'}
 1696 | HAL_StatusTypeDef HAL_UART_Transmit(UART_HandleTypeDef *huart, const uint8_t *pData, uint16_t Size, uint32_t Timeout);
      |                                                                ~~~~~~~~~~~~~~~^~~~~
../Core/Src/lidar.c: In function 'decode_express_capsule':
../Core/Src/lidar.c:102:13: warning: implicit declaration of function 'printf' [-Wimplicit-function-declaration]
  102 |             printf("theta: %06.1f Dist: %08.2f Q: %d\n", angle1, dist1_mm, 47);
      |             ^~~~~~
../Core/Src/lidar.c:9:1: note: include '<stdio.h>' or provide a declaration of 'printf'
    8 | #include "lidar.h"
  +++ |+#include <stdio.h>
    9 | 
../Core/Src/lidar.c:102:13: warning: incompatible implicit declaration of built-in function 'printf' [-Wbuiltin-declaration-mismatch]
  102 |             printf("theta: %06.1f Dist: %08.2f Q: %d\n", angle1, dist1_mm, 47);
      |             ^~~~~~
../Core/Src/main.c: In function 'main':
../Core/Src/lidar.c:102:13: note: include '<stdio.h>' or provide a declaration of 'printf'
../Core/Src/lidar.c:41:10: warning: unused variable 'new_scan' [-Wunused-variable]
   41 |     bool new_scan = (capsule_data[3] & 0x80) != 0;
      |          ^~~~~~~~
../Core/Src/main.c:108:33: warning: passing argument 1 of 'decode_express_capsule' from incompatible pointer type [-Wincompatible-pointer-types]
  108 |          decode_express_capsule(capsule_data);
      |                                 ^~~~~~~~~~~~
      |                                 |
      |                                 uint8_t ** {aka unsigned char **}
In file included from ../Core/Src/main.c:21:
../Core/Inc/lidar.h:26:38: note: expected 'uint8_t *' {aka 'unsigned char *'} but argument is of type 'uint8_t **' {aka 'unsigned char **'}
   26 | void decode_express_capsule(uint8_t* capsule_data);
      |                             ~~~~~~~~~^~~~~~~~~~~~
../Core/Inc/lidar.h: At top level:
../Core/Inc/lidar.h:18:14: warning: 'prev_start_angle' defined but not used [-Wunused-variable]
   18 | static float prev_start_angle = 0;
      |              ^~~~~~~~~~~~~~~~
../Core/Inc/lidar.h:17:13: warning: 'has_prev_packet' defined but not used [-Wunused-variable]
   17 | static bool has_prev_packet = false;
      |             ^~~~~~~~~~~~~~~
../Core/Inc/lidar.h:16:16: warning: 'prev_packet' defined but not used [-Wunused-variable]
   16 | static uint8_t prev_packet[84];
      |                ^~~~~~~~~~~
arm-none-eabi-gcc -o "373_Final_Project.elf" @"objects.list"   -mcpu=cortex-m4 -T"N:\EECS373-CubeIDE-Workspace\373_Final_Project\STM32L4R5ZITXP_FLASH.ld" --specs=nosys.specs -Wl,-Map="373_Final_Project.map" -Wl,--gc-sections -static --specs=nano.specs -mfpu=fpv4-sp-d16 -mfloat-abi=hard -mthumb -u _printf_float -Wl,--start-group -lc -lm -Wl,--end-group
C:/ST/STM32CubeIDE_1.19.0/STM32CubeIDE/plugins/com.st.stm32cube.ide.mcu.externaltools.gnu-tools-for-stm32.13.3.rel1.win32_1.0.0.202411081344/tools/bin/../lib/gcc/arm-none-eabi/13.3.1/../../../../arm-none-eabi/bin/ld.exe: ./Core/Src/main.o: in function `main':
N:/EECS373-CubeIDE-Workspace/373_Final_Project/Debug/../Core/Src/main.c:108:(.text.main+0x4c): undefined reference to `capsule_data'
collect2.exe: error: ld returned 1 exit status
make: *** [makefile:64: 373_Final_Project.elf] Error 1
"make -j12 all" terminated with exit code 2. Build might be incomplete.
15:57:34 **** Incremental Build of configuration Debug for project 373_Final_Project ****
make -j12 all 
arm-none-eabi-gcc "../Core/Src/lidar.c" -mcpu=cortex-m4 -std=gnu11 -g3 -DDEBUG -DUSE_HAL_DRIVER -DSTM32L4R5xx -c -I../Core/Inc -I../Drivers/STM32L4xx_HAL_Driver/Inc -I../Drivers/STM32L4xx_HAL_Driver/Inc/Legacy -I../Drivers/CMSIS/Device/ST/STM32L4xx/Include -I../Drivers/CMSIS/Include -O0 -ffunction-sections -fdata-sections -Wall -fstack-usage -fcyclomatic-complexity -MMD -MP -MF"Core/Src/lidar.d" -MT"Core/Src/lidar.o" --specs=nano.specs -mfpu=fpv4-sp-d16 -mfloat-abi=hard -mthumb -o "Core/Src/lidar.o"
arm-none-eabi-gcc "../Core/Src/main.c" -mcpu=cortex-m4 -std=gnu11 -g3 -DDEBUG -DUSE_HAL_DRIVER -DSTM32L4R5xx -c -I../Core/Inc -I../Drivers/STM32L4xx_HAL_Driver/Inc -I../Drivers/STM32L4xx_HAL_Driver/Inc/Legacy -I../Drivers/CMSIS/Device/ST/STM32L4xx/Include -I../Drivers/CMSIS/Include -O0 -ffunction-sections -fdata-sections -Wall -fstack-usage -fcyclomatic-complexity -MMD -MP -MF"Core/Src/main.d" -MT"Core/Src/main.o" --specs=nano.specs -mfpu=fpv4-sp-d16 -mfloat-abi=hard -mthumb -o "Core/Src/main.o"
In file included from ../Core/Src/lidar.c:8:
../Core/Inc/lidar.h:17:13: warning: 'has_prev_packet' initialized and declared 'extern'
   17 | extern bool has_prev_packet = false;
      |             ^~~~~~~~~~~~~~~
../Core/Inc/lidar.h:18:14: warning: 'prev_start_angle' initialized and declared 'extern'
   18 | extern float prev_start_angle = 0;
      |              ^~~~~~~~~~~~~~~~
../Core/Src/lidar.c: In function 'send_express_scan_command':
../Core/Src/lidar.c:28:34: warning: passing argument 2 of 'HAL_UART_Transmit' from incompatible pointer type [-Wincompatible-pointer-types]
   28 |         HAL_UART_Transmit(huart, &packet, sizeof(packet), HAL_MAX_DELAY);
      |                                  ^~~~~~~
      |                                  |
      |                                  uint8_t (*)[9] {aka unsigned char (*)[9]}
In file included from ../Core/Inc/stm32l4xx_hal_conf.h:450,
                 from ../Drivers/STM32L4xx_HAL_Driver/Inc/stm32l4xx_hal.h:29,
                 from ../Core/Inc/lidar.h:6:
../Drivers/STM32L4xx_HAL_Driver/Inc/stm32l4xx_hal_uart.h:1696:79: note: expected 'const uint8_t *' {aka 'const unsigned char *'} but argument is of type 'uint8_t (*)[9]' {aka 'unsigned char (*)[9]'}
 1696 | HAL_StatusTypeDef HAL_UART_Transmit(UART_HandleTypeDef *huart, const uint8_t *pData, uint16_t Size, uint32_t Timeout);
      |                                                                ~~~~~~~~~~~~~~~^~~~~
In file included from ../Core/Src/main.c:21:
../Core/Inc/lidar.h:17:13: warning: 'has_prev_packet' initialized and declared 'extern'
   17 | extern bool has_prev_packet = false;
      |             ^~~~~~~~~~~~~~~
../Core/Inc/lidar.h:18:14: warning: 'prev_start_angle' initialized and declared 'extern'
   18 | extern float prev_start_angle = 0;
      |              ^~~~~~~~~~~~~~~~
../Core/Src/main.c: In function 'main':
../Core/Src/lidar.c: In function 'decode_express_capsule':
../Core/Src/lidar.c:102:13: warning: implicit declaration of function 'printf' [-Wimplicit-function-declaration]
  102 |             printf("theta: %06.1f Dist: %08.2f Q: %d\n", angle1, dist1_mm, 47);
      |             ^~~~~~
../Core/Src/main.c:109:33: warning: passing argument 1 of 'decode_express_capsule' from incompatible pointer type [-Wincompatible-pointer-types]
  109 |          decode_express_capsule(capsule_data);
      |                                 ^~~~~~~~~~~~
      |                                 |
      |                                 uint8_t ** {aka unsigned char **}
../Core/Src/lidar.c:9:1: note: include '<stdio.h>' or provide a declaration of 'printf'
    8 | #include "lidar.h"
  +++ |+#include <stdio.h>
    9 | 
../Core/Inc/lidar.h:26:38: note: expected 'uint8_t *' {aka 'unsigned char *'} but argument is of type 'uint8_t **' {aka 'unsigned char **'}
   26 | void decode_express_capsule(uint8_t* capsule_data);
      |                             ~~~~~~~~~^~~~~~~~~~~~
../Core/Src/lidar.c:102:13: warning: incompatible implicit declaration of built-in function 'printf' [-Wbuiltin-declaration-mismatch]
  102 |             printf("theta: %06.1f Dist: %08.2f Q: %d\n", angle1, dist1_mm, 47);
      |             ^~~~~~
../Core/Src/lidar.c:102:13: note: include '<stdio.h>' or provide a declaration of 'printf'
../Core/Src/lidar.c:41:10: warning: unused variable 'new_scan' [-Wunused-variable]
   41 |     bool new_scan = (capsule_data[3] & 0x80) != 0;
      |          ^~~~~~~~
arm-none-eabi-gcc -o "373_Final_Project.elf" @"objects.list"   -mcpu=cortex-m4 -T"N:\EECS373-CubeIDE-Workspace\373_Final_Project\STM32L4R5ZITXP_FLASH.ld" --specs=nosys.specs -Wl,-Map="373_Final_Project.map" -Wl,--gc-sections -static --specs=nano.specs -mfpu=fpv4-sp-d16 -mfloat-abi=hard -mthumb -u _printf_float -Wl,--start-group -lc -lm -Wl,--end-group
C:/ST/STM32CubeIDE_1.19.0/STM32CubeIDE/plugins/com.st.stm32cube.ide.mcu.externaltools.gnu-tools-for-stm32.13.3.rel1.win32_1.0.0.202411081344/tools/bin/../lib/gcc/arm-none-eabi/13.3.1/../../../../arm-none-eabi/bin/ld.exe: ./Core/Src/main.o:N:/EECS373-CubeIDE-Workspace/373_Final_Project/Debug/../Core/Inc/lidar.h:17: multiple definition of `has_prev_packet'; ./Core/Src/lidar.o:N:/EECS373-CubeIDE-Workspace/373_Final_Project/Debug/../Core/Inc/lidar.h:17: first defined here
C:/ST/STM32CubeIDE_1.19.0/STM32CubeIDE/plugins/com.st.stm32cube.ide.mcu.externaltools.gnu-tools-for-stm32.13.3.rel1.win32_1.0.0.202411081344/tools/bin/../lib/gcc/arm-none-eabi/13.3.1/../../../../arm-none-eabi/bin/ld.exe: ./Core/Src/main.o:N:/EECS373-CubeIDE-Workspace/373_Final_Project/Debug/../Core/Inc/lidar.h:18: multiple definition of `prev_start_angle'; ./Core/Src/lidar.o:N:/EECS373-CubeIDE-Workspace/373_Final_Project/Debug/../Core/Inc/lidar.h:18: first defined here
C:/ST/STM32CubeIDE_1.19.0/STM32CubeIDE/plugins/com.st.stm32cube.ide.mcu.externaltools.gnu-tools-for-stm32.13.3.rel1.win32_1.0.0.202411081344/tools/bin/../lib/gcc/arm-none-eabi/13.3.1/../../../../arm-none-eabi/bin/ld.exe: ./Core/Src/lidar.o: in function `decode_express_capsule':
N:/EECS373-CubeIDE-Workspace/373_Final_Project/Debug/../Core/Src/lidar.c:111:(.text.decode_express_capsule+0x320): undefined reference to `prev_packet'
collect2.exe: error: ld returned 1 exit status
make: *** [makefile:64: 373_Final_Project.elf] Error 1
"make -j12 all" terminated with exit code 2. Build might be incomplete.
15:59:21 **** Incremental Build of configuration Debug for project 373_Final_Project ****
make -j12 all 
arm-none-eabi-gcc "../Core/Src/lidar.c" -mcpu=cortex-m4 -std=gnu11 -g3 -DDEBUG -DUSE_HAL_DRIVER -DSTM32L4R5xx -c -I../Core/Inc -I../Drivers/STM32L4xx_HAL_Driver/Inc -I../Drivers/STM32L4xx_HAL_Driver/Inc/Legacy -I../Drivers/CMSIS/Device/ST/STM32L4xx/Include -I../Drivers/CMSIS/Include -O0 -ffunction-sections -fdata-sections -Wall -fstack-usage -fcyclomatic-complexity -MMD -MP -MF"Core/Src/lidar.d" -MT"Core/Src/lidar.o" --specs=nano.specs -mfpu=fpv4-sp-d16 -mfloat-abi=hard -mthumb -o "Core/Src/lidar.o"
arm-none-eabi-gcc "../Core/Src/main.c" -mcpu=cortex-m4 -std=gnu11 -g3 -DDEBUG -DUSE_HAL_DRIVER -DSTM32L4R5xx -c -I../Core/Inc -I../Drivers/STM32L4xx_HAL_Driver/Inc -I../Drivers/STM32L4xx_HAL_Driver/Inc/Legacy -I../Drivers/CMSIS/Device/ST/STM32L4xx/Include -I../Drivers/CMSIS/Include -O0 -ffunction-sections -fdata-sections -Wall -fstack-usage -fcyclomatic-complexity -MMD -MP -MF"Core/Src/main.d" -MT"Core/Src/main.o" --specs=nano.specs -mfpu=fpv4-sp-d16 -mfloat-abi=hard -mthumb -o "Core/Src/main.o"
In file included from ../Core/Src/lidar.c:8:
../Core/Inc/lidar.h:17:13: warning: 'has_prev_packet' initialized and declared 'extern'
   17 | extern bool has_prev_packet = false;
      |             ^~~~~~~~~~~~~~~
../Core/Inc/lidar.h:18:14: warning: 'prev_start_angle' initialized and declared 'extern'
   18 | extern float prev_start_angle = 0;
      |              ^~~~~~~~~~~~~~~~
../Core/Src/lidar.c: In function 'send_express_scan_command':
../Core/Src/lidar.c:28:34: warning: passing argument 2 of 'HAL_UART_Transmit' from incompatible pointer type [-Wincompatible-pointer-types]
   28 |         HAL_UART_Transmit(huart, &packet, sizeof(packet), HAL_MAX_DELAY);
      |                                  ^~~~~~~
      |                                  |
      |                                  uint8_t (*)[9] {aka unsigned char (*)[9]}
In file included from ../Core/Inc/stm32l4xx_hal_conf.h:450,
                 from ../Drivers/STM32L4xx_HAL_Driver/Inc/stm32l4xx_hal.h:29,
                 from ../Core/Inc/lidar.h:6:
../Drivers/STM32L4xx_HAL_Driver/Inc/stm32l4xx_hal_uart.h:1696:79: note: expected 'const uint8_t *' {aka 'const unsigned char *'} but argument is of type 'uint8_t (*)[9]' {aka 'unsigned char (*)[9]'}
 1696 | HAL_StatusTypeDef HAL_UART_Transmit(UART_HandleTypeDef *huart, const uint8_t *pData, uint16_t Size, uint32_t Timeout);
      |                                                                ~~~~~~~~~~~~~~~^~~~~
In file included from ../Core/Src/main.c:21:
../Core/Inc/lidar.h:17:13: warning: 'has_prev_packet' initialized and declared 'extern'
   17 | extern bool has_prev_packet = false;
      |             ^~~~~~~~~~~~~~~
../Core/Inc/lidar.h:18:14: warning: 'prev_start_angle' initialized and declared 'extern'
   18 | extern float prev_start_angle = 0;
      |              ^~~~~~~~~~~~~~~~
../Core/Src/lidar.c: In function 'decode_express_capsule':
../Core/Src/lidar.c:102:13: warning: implicit declaration of function 'printf' [-Wimplicit-function-declaration]
  102 |             printf("theta: %06.1f Dist: %08.2f Q: %d\n", angle1, dist1_mm, 47);
      |             ^~~~~~
../Core/Src/main.c: In function 'main':
../Core/Src/lidar.c:9:1: note: include '<stdio.h>' or provide a declaration of 'printf'
    8 | #include "lidar.h"
  +++ |+#include <stdio.h>
    9 | 
../Core/Src/lidar.c:102:13: warning: incompatible implicit declaration of built-in function 'printf' [-Wbuiltin-declaration-mismatch]
  102 |             printf("theta: %06.1f Dist: %08.2f Q: %d\n", angle1, dist1_mm, 47);
      |             ^~~~~~
../Core/Src/lidar.c:102:13: note: include '<stdio.h>' or provide a declaration of 'printf'
../Core/Src/main.c:109:33: warning: passing argument 1 of 'decode_express_capsule' from incompatible pointer type [-Wincompatible-pointer-types]
  109 |          decode_express_capsule(&capsule_data);
      |                                 ^~~~~~~~~~~~~
      |                                 |
      |                                 uint8_t (*)[168] {aka unsigned char (*)[168]}
../Core/Inc/lidar.h:26:38: note: expected 'uint8_t *' {aka 'unsigned char *'} but argument is of type 'uint8_t (*)[168]' {aka 'unsigned char (*)[168]'}
   26 | void decode_express_capsule(uint8_t* capsule_data);
      |                             ~~~~~~~~~^~~~~~~~~~~~
../Core/Src/lidar.c:41:10: warning: unused variable 'new_scan' [-Wunused-variable]
   41 |     bool new_scan = (capsule_data[3] & 0x80) != 0;
      |          ^~~~~~~~
arm-none-eabi-gcc -o "373_Final_Project.elf" @"objects.list"   -mcpu=cortex-m4 -T"N:\EECS373-CubeIDE-Workspace\373_Final_Project\STM32L4R5ZITXP_FLASH.ld" --specs=nosys.specs -Wl,-Map="373_Final_Project.map" -Wl,--gc-sections -static --specs=nano.specs -mfpu=fpv4-sp-d16 -mfloat-abi=hard -mthumb -u _printf_float -Wl,--start-group -lc -lm -Wl,--end-group
C:/ST/STM32CubeIDE_1.19.0/STM32CubeIDE/plugins/com.st.stm32cube.ide.mcu.externaltools.gnu-tools-for-stm32.13.3.rel1.win32_1.0.0.202411081344/tools/bin/../lib/gcc/arm-none-eabi/13.3.1/../../../../arm-none-eabi/bin/ld.exe: ./Core/Src/main.o:N:/EECS373-CubeIDE-Workspace/373_Final_Project/Debug/../Core/Inc/lidar.h:17: multiple definition of `has_prev_packet'; ./Core/Src/lidar.o:N:/EECS373-CubeIDE-Workspace/373_Final_Project/Debug/../Core/Inc/lidar.h:17: first defined here
C:/ST/STM32CubeIDE_1.19.0/STM32CubeIDE/plugins/com.st.stm32cube.ide.mcu.externaltools.gnu-tools-for-stm32.13.3.rel1.win32_1.0.0.202411081344/tools/bin/../lib/gcc/arm-none-eabi/13.3.1/../../../../arm-none-eabi/bin/ld.exe: ./Core/Src/main.o:N:/EECS373-CubeIDE-Workspace/373_Final_Project/Debug/../Core/Inc/lidar.h:18: multiple definition of `prev_start_angle'; ./Core/Src/lidar.o:N:/EECS373-CubeIDE-Workspace/373_Final_Project/Debug/../Core/Inc/lidar.h:18: first defined here
C:/ST/STM32CubeIDE_1.19.0/STM32CubeIDE/plugins/com.st.stm32cube.ide.mcu.externaltools.gnu-tools-for-stm32.13.3.rel1.win32_1.0.0.202411081344/tools/bin/../lib/gcc/arm-none-eabi/13.3.1/../../../../arm-none-eabi/bin/ld.exe: ./Core/Src/lidar.o: in function `decode_express_capsule':
N:/EECS373-CubeIDE-Workspace/373_Final_Project/Debug/../Core/Src/lidar.c:111:(.text.decode_express_capsule+0x320): undefined reference to `prev_packet'
collect2.exe: error: ld returned 1 exit status
make: *** [makefile:64: 373_Final_Project.elf] Error 1
"make -j12 all" terminated with exit code 2. Build might be incomplete.
16:06:54 **** Incremental Build of configuration Debug for project 373_Final_Project ****
make -j12 all 
arm-none-eabi-gcc "../Core/Src/lidar.c" -mcpu=cortex-m4 -std=gnu11 -g3 -DDEBUG -DUSE_HAL_DRIVER -DSTM32L4R5xx -c -I../Core/Inc -I../Drivers/STM32L4xx_HAL_Driver/Inc -I../Drivers/STM32L4xx_HAL_Driver/Inc/Legacy -I../Drivers/CMSIS/Device/ST/STM32L4xx/Include -I../Drivers/CMSIS/Include -O0 -ffunction-sections -fdata-sections -Wall -fstack-usage -fcyclomatic-complexity -MMD -MP -MF"Core/Src/lidar.d" -MT"Core/Src/lidar.o" --specs=nano.specs -mfpu=fpv4-sp-d16 -mfloat-abi=hard -mthumb -o "Core/Src/lidar.o"
arm-none-eabi-gcc "../Core/Src/main.c" -mcpu=cortex-m4 -std=gnu11 -g3 -DDEBUG -DUSE_HAL_DRIVER -DSTM32L4R5xx -c -I../Core/Inc -I../Drivers/STM32L4xx_HAL_Driver/Inc -I../Drivers/STM32L4xx_HAL_Driver/Inc/Legacy -I../Drivers/CMSIS/Device/ST/STM32L4xx/Include -I../Drivers/CMSIS/Include -O0 -ffunction-sections -fdata-sections -Wall -fstack-usage -fcyclomatic-complexity -MMD -MP -MF"Core/Src/main.d" -MT"Core/Src/main.o" --specs=nano.specs -mfpu=fpv4-sp-d16 -mfloat-abi=hard -mthumb -o "Core/Src/main.o"
../Core/Src/lidar.c: In function 'send_express_scan_command':
../Core/Src/lidar.c:33:34: warning: passing argument 2 of 'HAL_UART_Transmit' from incompatible pointer type [-Wincompatible-pointer-types]
   33 |         HAL_UART_Transmit(huart, &packet, sizeof(packet), HAL_MAX_DELAY);
      |                                  ^~~~~~~
      |                                  |
      |                                  uint8_t (*)[9] {aka unsigned char (*)[9]}
In file included from ../Core/Inc/stm32l4xx_hal_conf.h:450,
                 from ../Drivers/STM32L4xx_HAL_Driver/Inc/stm32l4xx_hal.h:29,
                 from ../Core/Inc/lidar.h:6,
                 from ../Core/Src/lidar.c:8:
../Drivers/STM32L4xx_HAL_Driver/Inc/stm32l4xx_hal_uart.h:1696:79: note: expected 'const uint8_t *' {aka 'const unsigned char *'} but argument is of type 'uint8_t (*)[9]' {aka 'unsigned char (*)[9]'}
 1696 | HAL_StatusTypeDef HAL_UART_Transmit(UART_HandleTypeDef *huart, const uint8_t *pData, uint16_t Size, uint32_t Timeout);
      |                                                                ~~~~~~~~~~~~~~~^~~~~
../Core/Src/lidar.c: In function 'decode_express_capsule':
../Core/Src/lidar.c:107:13: warning: implicit declaration of function 'printf' [-Wimplicit-function-declaration]
  107 |             printf("theta: %06.1f Dist: %08.2f Q: %d\n", angle1, dist1_mm, 47);
      |             ^~~~~~
../Core/Src/lidar.c:9:1: note: include '<stdio.h>' or provide a declaration of 'printf'
    8 | #include "lidar.h"
  +++ |+#include <stdio.h>
    9 | 
../Core/Src/lidar.c:107:13: warning: incompatible implicit declaration of built-in function 'printf' [-Wbuiltin-declaration-mismatch]
  107 |             printf("theta: %06.1f Dist: %08.2f Q: %d\n", angle1, dist1_mm, 47);
      |             ^~~~~~
../Core/Src/lidar.c:107:13: note: include '<stdio.h>' or provide a declaration of 'printf'
../Core/Src/lidar.c:46:10: warning: unused variable 'new_scan' [-Wunused-variable]
   46 |     bool new_scan = (capsule_data[3] & 0x80) != 0;
      |          ^~~~~~~~
../Core/Src/main.c: In function 'main':
../Core/Src/main.c:109:33: warning: passing argument 1 of 'decode_express_capsule' from incompatible pointer type [-Wincompatible-pointer-types]
  109 |          decode_express_capsule(&capsule_data);
      |                                 ^~~~~~~~~~~~~
      |                                 |
      |                                 uint8_t (*)[168] {aka unsigned char (*)[168]}
In file included from ../Core/Src/main.c:21:
../Core/Inc/lidar.h:22:38: note: expected 'uint8_t *' {aka 'unsigned char *'} but argument is of type 'uint8_t (*)[168]' {aka 'unsigned char (*)[168]'}
   22 | void decode_express_capsule(uint8_t* capsule_data);
      |                             ~~~~~~~~~^~~~~~~~~~~~
arm-none-eabi-gcc -o "373_Final_Project.elf" @"objects.list"   -mcpu=cortex-m4 -T"N:\EECS373-CubeIDE-Workspace\373_Final_Project\STM32L4R5ZITXP_FLASH.ld" --specs=nosys.specs -Wl,-Map="373_Final_Project.map" -Wl,--gc-sections -static --specs=nano.specs -mfpu=fpv4-sp-d16 -mfloat-abi=hard -mthumb -u _printf_float -Wl,--start-group -lc -lm -Wl,--end-group
Finished building target: 373_Final_Project.elf
 
arm-none-eabi-size  373_Final_Project.elf 
arm-none-eabi-objdump -h -S 373_Final_Project.elf  > "373_Final_Project.list"
   text	   data	    bss	    dec	    hex	filename
  31976	    468	   2388	  34832	   8810	373_Final_Project.elf
Finished building: default.size.stdout
 
Finished building: 373_Final_Project.list
 
16:34:57 **** Incremental Build of configuration Debug for project 373_Final_Project ****
make -j12 all 
arm-none-eabi-gcc "../Core/Src/main.c" -mcpu=cortex-m4 -std=gnu11 -g3 -DDEBUG -DUSE_HAL_DRIVER -DSTM32L4R5xx -c -I../Core/Inc -I../Drivers/STM32L4xx_HAL_Driver/Inc -I../Drivers/STM32L4xx_HAL_Driver/Inc/Legacy -I../Drivers/CMSIS/Device/ST/STM32L4xx/Include -I../Drivers/CMSIS/Include -O0 -ffunction-sections -fdata-sections -Wall -fstack-usage -fcyclomatic-complexity -MMD -MP -MF"Core/Src/main.d" -MT"Core/Src/main.o" --specs=nano.specs -mfpu=fpv4-sp-d16 -mfloat-abi=hard -mthumb -o "Core/Src/main.o"
../Core/Src/main.c: In function 'main':
../Core/Src/main.c:109:33: warning: passing argument 1 of 'decode_express_capsule' from incompatible pointer type [-Wincompatible-pointer-types]
  109 |          decode_express_capsule(&capsule_data);
      |                                 ^~~~~~~~~~~~~
      |                                 |
      |                                 uint8_t (*)[168] {aka unsigned char (*)[168]}
In file included from ../Core/Src/main.c:21:
../Core/Inc/lidar.h:22:38: note: expected 'uint8_t *' {aka 'unsigned char *'} but argument is of type 'uint8_t (*)[168]' {aka 'unsigned char (*)[168]'}
   22 | void decode_express_capsule(uint8_t* capsule_data);
      |                             ~~~~~~~~~^~~~~~~~~~~~
arm-none-eabi-gcc -o "373_Final_Project.elf" @"objects.list"   -mcpu=cortex-m4 -T"N:\EECS373-CubeIDE-Workspace\373_Final_Project\STM32L4R5ZITXP_FLASH.ld" --specs=nosys.specs -Wl,-Map="373_Final_Project.map" -Wl,--gc-sections -static --specs=nano.specs -mfpu=fpv4-sp-d16 -mfloat-abi=hard -mthumb -u _printf_float -Wl,--start-group -lc -lm -Wl,--end-group
Finished building target: 373_Final_Project.elf
 
arm-none-eabi-size  373_Final_Project.elf 
arm-none-eabi-objdump -h -S 373_Final_Project.elf  > "373_Final_Project.list"
   text	   data	    bss	    dec	    hex	filename
  31976	    468	   2388	  34832	   8810	373_Final_Project.elf
Finished building: default.size.stdout
 
Finished building: 373_Final_Project.list
 
16:35:41 **** Incremental Build of configuration Debug for project 373_Final_Project ****
make -j12 all 
arm-none-eabi-size  373_Final_Project.elf 
   text	   data	    bss	    dec	    hex	filename
  31976	    468	   2388	  34832	   8810	373_Final_Project.elf
Finished building: default.size.stdout
 
16:36:14 **** Incremental Build of configuration Debug for project 373_Final_Project ****
make -j12 all 
arm-none-eabi-size  373_Final_Project.elf 
   text	   data	    bss	    dec	    hex	filename
  31976	    468	   2388	  34832	   8810	373_Final_Project.elf
Finished building: default.size.stdout
 
16:38:29 **** Incremental Build of configuration Debug for project 373_Final_Project ****
make -j12 all 
arm-none-eabi-size  373_Final_Project.elf 
   text	   data	    bss	    dec	    hex	filename
  31976	    468	   2388	  34832	   8810	373_Final_Project.elf
Finished building: default.size.stdout
 
16:40:53 **** Incremental Build of configuration Debug for project 373_Final_Project ****
make -j12 all 
arm-none-eabi-size  373_Final_Project.elf 
   text	   data	    bss	    dec	    hex	filename
  31976	    468	   2388	  34832	   8810	373_Final_Project.elf
Finished building: default.size.stdout
 
16:45:37 **** Incremental Build of configuration Debug for project 373_Final_Project ****
make -j12 all 
arm-none-eabi-size  373_Final_Project.elf 
   text	   data	    bss	    dec	    hex	filename
  31976	    468	   2388	  34832	   8810	373_Final_Project.elf
Finished building: default.size.stdout
 
16:45:49 **** Incremental Build of configuration Debug for project 373_Final_Project ****
make -j12 all 
arm-none-eabi-size  373_Final_Project.elf 
   text	   data	    bss	    dec	    hex	filename
  31976	    468	   2388	  34832	   8810	373_Final_Project.elf
Finished building: default.size.stdout
 
16:48:17 **** Incremental Build of configuration Debug for project 373_Final_Project ****
make -j12 all 
arm-none-eabi-size  373_Final_Project.elf 
   text	   data	    bss	    dec	    hex	filename
  31976	    468	   2388	  34832	   8810	373_Final_Project.elf
Finished building: default.size.stdout
 
16:48:43 **** Incremental Build of configuration Debug for project 373_Final_Project ****
make -j12 all 
arm-none-eabi-size  373_Final_Project.elf 
   text	   data	    bss	    dec	    hex	filename
  31976	    468	   2388	  34832	   8810	373_Final_Project.elf
Finished building: default.size.stdout
 
16:49:02 **** Incremental Build of configuration Debug for project 373_Final_Project ****
make -j12 all 
arm-none-eabi-size  373_Final_Project.elf 
   text	   data	    bss	    dec	    hex	filename
  31976	    468	   2388	  34832	   8810	373_Final_Project.elf
Finished building: default.size.stdout
 
16:52:04 **** Incremental Build of configuration Debug for project 373_Final_Project ****
make -j12 all 
arm-none-eabi-size  373_Final_Project.elf 
   text	   data	    bss	    dec	    hex	filename
  31976	    468	   2388	  34832	   8810	373_Final_Project.elf
Finished building: default.size.stdout
 
16:53:22 **** Incremental Build of configuration Debug for project 373_Final_Project ****
make -j12 all 
arm-none-eabi-size  373_Final_Project.elf 
   text	   data	    bss	    dec	    hex	filename
  31976	    468	   2388	  34832	   8810	373_Final_Project.elf
Finished building: default.size.stdout
 
16:53:44 **** Incremental Build of configuration Debug for project 373_Final_Project ****
make -j12 all 
arm-none-eabi-size  373_Final_Project.elf 
   text	   data	    bss	    dec	    hex	filename
  31976	    468	   2388	  34832	   8810	373_Final_Project.elf
Finished building: default.size.stdout
 
16:54:10 **** Incremental Build of configuration Debug for project 373_Final_Project ****
make -j12 all 
arm-none-eabi-size  373_Final_Project.elf 
   text	   data	    bss	    dec	    hex	filename
  31976	    468	   2388	  34832	   8810	373_Final_Project.elf
Finished building: default.size.stdout
 
17:49:26 **** Incremental Build of configuration Debug for project 373_Final_Project ****
make -j12 all 
arm-none-eabi-gcc "../Core/Src/lidar.c" -mcpu=cortex-m4 -std=gnu11 -g3 -DDEBUG -DUSE_HAL_DRIVER -DSTM32L4R5xx -c -I../Core/Inc -I../Drivers/STM32L4xx_HAL_Driver/Inc -I../Drivers/STM32L4xx_HAL_Driver/Inc/Legacy -I../Drivers/CMSIS/Device/ST/STM32L4xx/Include -I../Drivers/CMSIS/Include -O0 -ffunction-sections -fdata-sections -Wall -fstack-usage -fcyclomatic-complexity -MMD -MP -MF"Core/Src/lidar.d" -MT"Core/Src/lidar.o" --specs=nano.specs -mfpu=fpv4-sp-d16 -mfloat-abi=hard -mthumb -o "Core/Src/lidar.o"
arm-none-eabi-gcc "../Core/Src/main.c" -mcpu=cortex-m4 -std=gnu11 -g3 -DDEBUG -DUSE_HAL_DRIVER -DSTM32L4R5xx -c -I../Core/Inc -I../Drivers/STM32L4xx_HAL_Driver/Inc -I../Drivers/STM32L4xx_HAL_Driver/Inc/Legacy -I../Drivers/CMSIS/Device/ST/STM32L4xx/Include -I../Drivers/CMSIS/Include -O0 -ffunction-sections -fdata-sections -Wall -fstack-usage -fcyclomatic-complexity -MMD -MP -MF"Core/Src/main.d" -MT"Core/Src/main.o" --specs=nano.specs -mfpu=fpv4-sp-d16 -mfloat-abi=hard -mthumb -o "Core/Src/main.o"
../Core/Src/lidar.c: In function 'send_express_scan_command':
../Core/Src/lidar.c:33:39: warning: passing argument 2 of 'HAL_UART_Transmit' from incompatible pointer type [-Wincompatible-pointer-types]
   33 |         HAL_UART_Transmit(huart_addr, &packet, sizeof(packet), HAL_MAX_DELAY);
      |                                       ^~~~~~~
      |                                       |
      |                                       uint8_t (*)[9] {aka unsigned char (*)[9]}
In file included from ../Core/Inc/stm32l4xx_hal_conf.h:450,
                 from ../Drivers/STM32L4xx_HAL_Driver/Inc/stm32l4xx_hal.h:29,
                 from ../Core/Inc/lidar.h:6,
                 from ../Core/Src/lidar.c:8:
../Drivers/STM32L4xx_HAL_Driver/Inc/stm32l4xx_hal_uart.h:1696:79: note: expected 'const uint8_t *' {aka 'const unsigned char *'} but argument is of type 'uint8_t (*)[9]' {aka 'unsigned char (*)[9]'}
 1696 | HAL_StatusTypeDef HAL_UART_Transmit(UART_HandleTypeDef *huart, const uint8_t *pData, uint16_t Size, uint32_t Timeout);
      |                                                                ~~~~~~~~~~~~~~~^~~~~
../Core/Src/lidar.c: In function 'decode_express_capsule':
../Core/Src/lidar.c:107:13: warning: implicit declaration of function 'printf' [-Wimplicit-function-declaration]
  107 |             printf("theta: %06.1f Dist: %08.2f Q: %d\n", angle1, dist1_mm, 47);
      |             ^~~~~~
../Core/Src/lidar.c:9:1: note: include '<stdio.h>' or provide a declaration of 'printf'
    8 | #include "lidar.h"
  +++ |+#include <stdio.h>
    9 | 
../Core/Src/lidar.c:107:13: warning: incompatible implicit declaration of built-in function 'printf' [-Wbuiltin-declaration-mismatch]
  107 |             printf("theta: %06.1f Dist: %08.2f Q: %d\n", angle1, dist1_mm, 47);
      |             ^~~~~~
../Core/Src/main.c: In function 'main':
../Core/Src/lidar.c:107:13: note: include '<stdio.h>' or provide a declaration of 'printf'
../Core/Src/lidar.c:46:10: warning: unused variable 'new_scan' [-Wunused-variable]
   46 |     bool new_scan = (capsule_data[3] & 0x80) != 0;
      |          ^~~~~~~~
../Core/Src/main.c:108:58: error: 'new_data' undeclared (first use in this function)
  108 |          HAL_UART_Receive(&huart3, &capsule_data, sizeof(new_data), HAL_MAX_DELAY);
      |                                                          ^~~~~~~~
../Core/Src/main.c:108:58: note: each undeclared identifier is reported only once for each function it appears in
../Core/Src/main.c:108:36: warning: passing argument 2 of 'HAL_UART_Receive' from incompatible pointer type [-Wincompatible-pointer-types]
  108 |          HAL_UART_Receive(&huart3, &capsule_data, sizeof(new_data), HAL_MAX_DELAY);
      |                                    ^~~~~~~~~~~~~
      |                                    |
      |                                    uint8_t (*)[1680] {aka unsigned char (*)[1680]}
In file included from ../Core/Inc/stm32l4xx_hal_conf.h:450,
                 from ../Drivers/STM32L4xx_HAL_Driver/Inc/stm32l4xx_hal.h:29,
                 from ../Core/Inc/main.h:30,
                 from ../Core/Src/main.c:20:
../Drivers/STM32L4xx_HAL_Driver/Inc/stm32l4xx_hal_uart.h:1697:72: note: expected 'uint8_t *' {aka 'unsigned char *'} but argument is of type 'uint8_t (*)[1680]' {aka 'unsigned char (*)[1680]'}
 1697 | HAL_StatusTypeDef HAL_UART_Receive(UART_HandleTypeDef *huart, uint8_t *pData, uint16_t Size, uint32_t Timeout);
      |                                                               ~~~~~~~~~^~~~~
../Core/Src/main.c:109:33: warning: passing argument 1 of 'decode_express_capsule' from incompatible pointer type [-Wincompatible-pointer-types]
  109 |          decode_express_capsule(&capsule_data);
      |                                 ^~~~~~~~~~~~~
      |                                 |
      |                                 uint8_t (*)[1680] {aka unsigned char (*)[1680]}
In file included from ../Core/Src/main.c:21:
../Core/Inc/lidar.h:22:38: note: expected 'uint8_t *' {aka 'unsigned char *'} but argument is of type 'uint8_t (*)[1680]' {aka 'unsigned char (*)[1680]'}
   22 | void decode_express_capsule(uint8_t* capsule_data);
      |                             ~~~~~~~~~^~~~~~~~~~~~
make: *** [Core/Src/subdir.mk:37: Core/Src/main.o] Error 1
make: *** Waiting for unfinished jobs....
"make -j12 all" terminated with exit code 2. Build might be incomplete.
17:55:01 **** Incremental Build of configuration Debug for project 373_Final_Project ****
make -j12 all 
arm-none-eabi-gcc "../Core/Src/main.c" -mcpu=cortex-m4 -std=gnu11 -g3 -DDEBUG -DUSE_HAL_DRIVER -DSTM32L4R5xx -c -I../Core/Inc -I../Drivers/STM32L4xx_HAL_Driver/Inc -I../Drivers/STM32L4xx_HAL_Driver/Inc/Legacy -I../Drivers/CMSIS/Device/ST/STM32L4xx/Include -I../Drivers/CMSIS/Include -O0 -ffunction-sections -fdata-sections -Wall -fstack-usage -fcyclomatic-complexity -MMD -MP -MF"Core/Src/main.d" -MT"Core/Src/main.o" --specs=nano.specs -mfpu=fpv4-sp-d16 -mfloat-abi=hard -mthumb -o "Core/Src/main.o"
../Core/Src/main.c: In function 'main':
../Core/Src/main.c:108:36: warning: passing argument 2 of 'HAL_UART_Receive' from incompatible pointer type [-Wincompatible-pointer-types]
  108 |          HAL_UART_Receive(&huart3, &capsule_data, sizeof(capsule_data), HAL_MAX_DELAY);
      |                                    ^~~~~~~~~~~~~
      |                                    |
      |                                    uint8_t (*)[1680] {aka unsigned char (*)[1680]}
In file included from ../Core/Inc/stm32l4xx_hal_conf.h:450,
                 from ../Drivers/STM32L4xx_HAL_Driver/Inc/stm32l4xx_hal.h:29,
                 from ../Core/Inc/main.h:30,
                 from ../Core/Src/main.c:20:
../Drivers/STM32L4xx_HAL_Driver/Inc/stm32l4xx_hal_uart.h:1697:72: note: expected 'uint8_t *' {aka 'unsigned char *'} but argument is of type 'uint8_t (*)[1680]' {aka 'unsigned char (*)[1680]'}
 1697 | HAL_StatusTypeDef HAL_UART_Receive(UART_HandleTypeDef *huart, uint8_t *pData, uint16_t Size, uint32_t Timeout);
      |                                                               ~~~~~~~~~^~~~~
../Core/Src/main.c:109:33: warning: passing argument 1 of 'decode_express_capsule' from incompatible pointer type [-Wincompatible-pointer-types]
  109 |          decode_express_capsule(&capsule_data);
      |                                 ^~~~~~~~~~~~~
      |                                 |
      |                                 uint8_t (*)[1680] {aka unsigned char (*)[1680]}
In file included from ../Core/Src/main.c:21:
../Core/Inc/lidar.h:22:38: note: expected 'uint8_t *' {aka 'unsigned char *'} but argument is of type 'uint8_t (*)[1680]' {aka 'unsigned char (*)[1680]'}
   22 | void decode_express_capsule(uint8_t* capsule_data);
      |                             ~~~~~~~~~^~~~~~~~~~~~
arm-none-eabi-gcc -o "373_Final_Project.elf" @"objects.list"   -mcpu=cortex-m4 -T"N:\EECS373-CubeIDE-Workspace\373_Final_Project\STM32L4R5ZITXP_FLASH.ld" --specs=nosys.specs -Wl,-Map="373_Final_Project.map" -Wl,--gc-sections -static --specs=nano.specs -mfpu=fpv4-sp-d16 -mfloat-abi=hard -mthumb -u _printf_float -Wl,--start-group -lc -lm -Wl,--end-group
Finished building target: 373_Final_Project.elf
 
arm-none-eabi-size  373_Final_Project.elf 
arm-none-eabi-objdump -h -S 373_Final_Project.elf  > "373_Final_Project.list"
   text	   data	    bss	    dec	    hex	filename
  32384	    468	   2388	  35240	   89a8	373_Final_Project.elf
Finished building: default.size.stdout
 
Finished building: 373_Final_Project.list
 
17:55:19 **** Incremental Build of configuration Debug for project 373_Final_Project ****
make -j12 all 
arm-none-eabi-size  373_Final_Project.elf 
   text	   data	    bss	    dec	    hex	filename
  32384	    468	   2388	  35240	   89a8	373_Final_Project.elf
Finished building: default.size.stdout
 
17:55:52 **** Incremental Build of configuration Debug for project 373_Final_Project ****
make -j12 all 
arm-none-eabi-size  373_Final_Project.elf 
   text	   data	    bss	    dec	    hex	filename
  32384	    468	   2388	  35240	   89a8	373_Final_Project.elf
Finished building: default.size.stdout
 
17:58:09 **** Incremental Build of configuration Debug for project 373_Final_Project ****
make -j12 all 
arm-none-eabi-gcc "../Core/Src/main.c" -mcpu=cortex-m4 -std=gnu11 -g3 -DDEBUG -DUSE_HAL_DRIVER -DSTM32L4R5xx -c -I../Core/Inc -I../Drivers/STM32L4xx_HAL_Driver/Inc -I../Drivers/STM32L4xx_HAL_Driver/Inc/Legacy -I../Drivers/CMSIS/Device/ST/STM32L4xx/Include -I../Drivers/CMSIS/Include -O0 -ffunction-sections -fdata-sections -Wall -fstack-usage -fcyclomatic-complexity -MMD -MP -MF"Core/Src/main.d" -MT"Core/Src/main.o" --specs=nano.specs -mfpu=fpv4-sp-d16 -mfloat-abi=hard -mthumb -o "Core/Src/main.o"
../Core/Src/main.c: In function 'main':
../Core/Src/main.c:108:36: warning: passing argument 2 of 'HAL_UART_Receive' from incompatible pointer type [-Wincompatible-pointer-types]
  108 |          HAL_UART_Receive(&huart3, &capsule_data, sizeof(capsule_data), HAL_MAX_DELAY);
      |                                    ^~~~~~~~~~~~~
      |                                    |
      |                                    uint8_t (*)[1680] {aka unsigned char (*)[1680]}
In file included from ../Core/Inc/stm32l4xx_hal_conf.h:450,
                 from ../Drivers/STM32L4xx_HAL_Driver/Inc/stm32l4xx_hal.h:29,
                 from ../Core/Inc/main.h:30,
                 from ../Core/Src/main.c:20:
../Drivers/STM32L4xx_HAL_Driver/Inc/stm32l4xx_hal_uart.h:1697:72: note: expected 'uint8_t *' {aka 'unsigned char *'} but argument is of type 'uint8_t (*)[1680]' {aka 'unsigned char (*)[1680]'}
[...]
      |                 ^~~~~~
../Core/Src/main.c:75:17: note: include '<stdio.h>' or provide a declaration of 'printf'
../Core/Src/main.c:78:17: warning: incompatible implicit declaration of built-in function 'printf' [-Wbuiltin-declaration-mismatch]
   78 |                 printf("LIDAR Error\n");
      |                 ^~~~~~
../Core/Src/main.c:78:17: note: include '<stdio.h>' or provide a declaration of 'printf'
arm-none-eabi-gcc -o "373_Final_Project.elf" @"objects.list"   -mcpu=cortex-m4 -T"N:\EECS373-CubeIDE-Workspace\373_Final_Project\STM32L4R5ZITXP_FLASH.ld" --specs=nosys.specs -Wl,-Map="373_Final_Project.map" -Wl,--gc-sections -static --specs=nano.specs -mfpu=fpv4-sp-d16 -mfloat-abi=hard -mthumb -u _printf_float -Wl,--start-group -lc -lm -Wl,--end-group
Finished building target: 373_Final_Project.elf
 
arm-none-eabi-size  373_Final_Project.elf 
arm-none-eabi-objdump -h -S 373_Final_Project.elf  > "373_Final_Project.list"
   text	   data	    bss	    dec	    hex	filename
  32768	    468	   2388	  35624	   8b28	373_Final_Project.elf
Finished building: default.size.stdout
 
Finished building: 373_Final_Project.list
 
15:02:07 **** Incremental Build of configuration Debug for project 373_Final_Project ****
make -j12 all 
arm-none-eabi-size  373_Final_Project.elf 
   text	   data	    bss	    dec	    hex	filename
  32768	    468	   2388	  35624	   8b28	373_Final_Project.elf
Finished building: default.size.stdout
 
15:02:49 **** Incremental Build of configuration Debug for project 373_Final_Project ****
make -j12 all 
arm-none-eabi-gcc "../Core/Src/main.c" -mcpu=cortex-m4 -std=gnu11 -g3 -DDEBUG -DUSE_HAL_DRIVER -DSTM32L4R5xx -c -I../Core/Inc -I../Drivers/STM32L4xx_HAL_Driver/Inc -I../Drivers/STM32L4xx_HAL_Driver/Inc/Legacy -I../Drivers/CMSIS/Device/ST/STM32L4xx/Include -I../Drivers/CMSIS/Include -O0 -ffunction-sections -fdata-sections -Wall -fstack-usage -fcyclomatic-complexity -MMD -MP -MF"Core/Src/main.d" -MT"Core/Src/main.o" --specs=nano.specs -mfpu=fpv4-sp-d16 -mfloat-abi=hard -mthumb -o "Core/Src/main.o"
../Core/Src/main.c: In function 'get_health':
../Core/Src/main.c:72:17: warning: implicit declaration of function 'printf' [-Wimplicit-function-declaration]
   72 |                 printf("LIDAR OK\n");
      |                 ^~~~~~
../Core/Src/main.c:25:1: note: include '<stdio.h>' or provide a declaration of 'printf'
   24 | #include "lidar.h"
  +++ |+#include <stdio.h>
   25 | /* USER CODE END Includes */
../Core/Src/main.c:72:17: warning: incompatible implicit declaration of built-in function 'printf' [-Wbuiltin-declaration-mismatch]
   72 |                 printf("LIDAR OK\n");
      |                 ^~~~~~
../Core/Src/main.c:72:17: note: include '<stdio.h>' or provide a declaration of 'printf'
../Core/Src/main.c:75:17: warning: incompatible implicit declaration of built-in function 'printf' [-Wbuiltin-declaration-mismatch]
   75 |                 printf("LIDAR Warning\n");
      |                 ^~~~~~
../Core/Src/main.c:75:17: note: include '<stdio.h>' or provide a declaration of 'printf'
../Core/Src/main.c:78:17: warning: incompatible implicit declaration of built-in function 'printf' [-Wbuiltin-declaration-mismatch]
   78 |                 printf("LIDAR Error\n");
      |                 ^~~~~~
../Core/Src/main.c:78:17: note: include '<stdio.h>' or provide a declaration of 'printf'
arm-none-eabi-gcc -o "373_Final_Project.elf" @"objects.list"   -mcpu=cortex-m4 -T"N:\EECS373-CubeIDE-Workspace\373_Final_Project\STM32L4R5ZITXP_FLASH.ld" --specs=nosys.specs -Wl,-Map="373_Final_Project.map" -Wl,--gc-sections -static --specs=nano.specs -mfpu=fpv4-sp-d16 -mfloat-abi=hard -mthumb -u _printf_float -Wl,--start-group -lc -lm -Wl,--end-group
Finished building target: 373_Final_Project.elf
 
arm-none-eabi-size  373_Final_Project.elf 
arm-none-eabi-objdump -h -S 373_Final_Project.elf  > "373_Final_Project.list"
   text	   data	    bss	    dec	    hex	filename
  32768	    468	   2388	  35624	   8b28	373_Final_Project.elf
Finished building: default.size.stdout
 
Finished building: 373_Final_Project.list
 
15:03:02 **** Incremental Build of configuration Debug for project 373_Final_Project ****
make -j12 all 
arm-none-eabi-size  373_Final_Project.elf 
   text	   data	    bss	    dec	    hex	filename
  32768	    468	   2388	  35624	   8b28	373_Final_Project.elf
Finished building: default.size.stdout
 
15:03:18 **** Incremental Build of configuration Debug for project 373_Final_Project ****
make -j12 all 
arm-none-eabi-size  373_Final_Project.elf 
   text	   data	    bss	    dec	    hex	filename
  32768	    468	   2388	  35624	   8b28	373_Final_Project.elf
Finished building: default.size.stdout
 
15:28:56 **** Incremental Build of configuration Debug for project 373_Final_Project ****
make -j12 all 
arm-none-eabi-gcc -o "373_Final_Project.elf" @"objects.list"   -mcpu=cortex-m4 -T"N:\EECS373-CubeIDE-Workspace\373_Final_Project\STM32L4R5ZITXP_FLASH.ld" --specs=nosys.specs -Wl,-Map="373_Final_Project.map" -Wl,--gc-sections -static --specs=nano.specs -mfpu=fpv4-sp-d16 -mfloat-abi=hard -mthumb -u _printf_float -Wl,--start-group -lc -lm -Wl,--end-group
Finished building target: 373_Final_Project.elf
 
arm-none-eabi-size  373_Final_Project.elf 
arm-none-eabi-objdump -h -S 373_Final_Project.elf  > "373_Final_Project.list"
   text	   data	    bss	    dec	    hex	filename
  32768	    468	   2388	  35624	   8b28	373_Final_Project.elf
Finished building: default.size.stdout
 
Finished building: 373_Final_Project.list
 
15:29:20 **** Incremental Build of configuration Debug for project 373_Final_Project ****
make -j12 all 
arm-none-eabi-size  373_Final_Project.elf 
   text	   data	    bss	    dec	    hex	filename
  32768	    468	   2388	  35624	   8b28	373_Final_Project.elf
Finished building: default.size.stdout
 
15:39:17 **** Incremental Build of configuration Debug for project 373_Final_Project ****
make -j12 all 
arm-none-eabi-gcc "../Core/Src/main.c" -mcpu=cortex-m4 -std=gnu11 -g3 -DDEBUG -DUSE_HAL_DRIVER -DSTM32L4R5xx -c -I../Core/Inc -I../Drivers/STM32L4xx_HAL_Driver/Inc -I../Drivers/STM32L4xx_HAL_Driver/Inc/Legacy -I../Drivers/CMSIS/Device/ST/STM32L4xx/Include -I../Drivers/CMSIS/Include -O0 -ffunction-sections -fdata-sections -Wall -fstack-usage -fcyclomatic-complexity -MMD -MP -MF"Core/Src/main.d" -MT"Core/Src/main.o" --specs=nano.specs -mfpu=fpv4-sp-d16 -mfloat-abi=hard -mthumb -o "Core/Src/main.o"
../Core/Src/main.c: In function 'get_health':
../Core/Src/main.c:73:17: warning: implicit declaration of function 'printf' [-Wimplicit-function-declaration]
   73 |                 printf("LIDAR OK\n");
      |                 ^~~~~~
../Core/Src/main.c:25:1: note: include '<stdio.h>' or provide a declaration of 'printf'
   24 | #include "lidar.h"
  +++ |+#include <stdio.h>
   25 | /* USER CODE END Includes */
../Core/Src/main.c:73:17: warning: incompatible implicit declaration of built-in function 'printf' [-Wbuiltin-declaration-mismatch]
   73 |                 printf("LIDAR OK\n");
      |                 ^~~~~~
../Core/Src/main.c:73:17: note: include '<stdio.h>' or provide a declaration of 'printf'
../Core/Src/main.c:76:17: warning: incompatible implicit declaration of built-in function 'printf' [-Wbuiltin-declaration-mismatch]
   76 |                 printf("LIDAR Warning\n");
      |                 ^~~~~~
../Core/Src/main.c:76:17: note: include '<stdio.h>' or provide a declaration of 'printf'
../Core/Src/main.c:79:17: warning: incompatible implicit declaration of built-in function 'printf' [-Wbuiltin-declaration-mismatch]
   79 |                 printf("LIDAR Error\n");
      |                 ^~~~~~
../Core/Src/main.c:79:17: note: include '<stdio.h>' or provide a declaration of 'printf'
arm-none-eabi-gcc -o "373_Final_Project.elf" @"objects.list"   -mcpu=cortex-m4 -T"N:\EECS373-CubeIDE-Workspace\373_Final_Project\STM32L4R5ZITXP_FLASH.ld" --specs=nosys.specs -Wl,-Map="373_Final_Project.map" -Wl,--gc-sections -static --specs=nano.specs -mfpu=fpv4-sp-d16 -mfloat-abi=hard -mthumb -u _printf_float -Wl,--start-group -lc -lm -Wl,--end-group
Finished building target: 373_Final_Project.elf
 
arm-none-eabi-size  373_Final_Project.elf 
arm-none-eabi-objdump -h -S 373_Final_Project.elf  > "373_Final_Project.list"
   text	   data	    bss	    dec	    hex	filename
  32784	    468	   2388	  35640	   8b38	373_Final_Project.elf
Finished building: default.size.stdout
 
Finished building: 373_Final_Project.list
 
15:39:42 **** Incremental Build of configuration Debug for project 373_Final_Project ****
make -j12 all 
arm-none-eabi-size  373_Final_Project.elf 
   text	   data	    bss	    dec	    hex	filename
  32784	    468	   2388	  35640	   8b38	373_Final_Project.elf
Finished building: default.size.stdout
 
15:44:25 **** Incremental Build of configuration Debug for project 373_Final_Project ****
make -j12 all 
arm-none-eabi-gcc "../Core/Src/main.c" -mcpu=cortex-m4 -std=gnu11 -g3 -DDEBUG -DUSE_HAL_DRIVER -DSTM32L4R5xx -c -I../Core/Inc -I../Drivers/STM32L4xx_HAL_Driver/Inc -I../Drivers/STM32L4xx_HAL_Driver/Inc/Legacy -I../Drivers/CMSIS/Device/ST/STM32L4xx/Include -I../Drivers/CMSIS/Include -O0 -ffunction-sections -fdata-sections -Wall -fstack-usage -fcyclomatic-complexity -MMD -MP -MF"Core/Src/main.d" -MT"Core/Src/main.o" --specs=nano.specs -mfpu=fpv4-sp-d16 -mfloat-abi=hard -mthumb -o "Core/Src/main.o"
../Core/Src/main.c: In function 'get_health':
../Core/Src/main.c:73:17: warning: implicit declaration of function 'printf' [-Wimplicit-function-declaration]
   73 |                 printf("LIDAR OK\n");
      |                 ^~~~~~
../Core/Src/main.c:25:1: note: include '<stdio.h>' or provide a declaration of 'printf'
   24 | #include "lidar.h"
  +++ |+#include <stdio.h>
   25 | /* USER CODE END Includes */
../Core/Src/main.c:73:17: warning: incompatible implicit declaration of built-in function 'printf' [-Wbuiltin-declaration-mismatch]
   73 |                 printf("LIDAR OK\n");
      |                 ^~~~~~
../Core/Src/main.c:73:17: note: include '<stdio.h>' or provide a declaration of 'printf'
../Core/Src/main.c:76:17: warning: incompatible implicit declaration of built-in function 'printf' [-Wbuiltin-declaration-mismatch]
   76 |                 printf("LIDAR Warning\n");
      |                 ^~~~~~
../Core/Src/main.c:76:17: note: include '<stdio.h>' or provide a declaration of 'printf'
../Core/Src/main.c:79:17: warning: incompatible implicit declaration of built-in function 'printf' [-Wbuiltin-declaration-mismatch]
   79 |                 printf("LIDAR Error\n");
      |                 ^~~~~~
../Core/Src/main.c:79:17: note: include '<stdio.h>' or provide a declaration of 'printf'
arm-none-eabi-gcc -o "373_Final_Project.elf" @"objects.list"   -mcpu=cortex-m4 -T"N:\EECS373-CubeIDE-Workspace\373_Final_Project\STM32L4R5ZITXP_FLASH.ld" --specs=nosys.specs -Wl,-Map="373_Final_Project.map" -Wl,--gc-sections -static --specs=nano.specs -mfpu=fpv4-sp-d16 -mfloat-abi=hard -mthumb -u _printf_float -Wl,--start-group -lc -lm -Wl,--end-group
Finished building target: 373_Final_Project.elf
 
arm-none-eabi-size  373_Final_Project.elf 
arm-none-eabi-objdump -h -S 373_Final_Project.elf  > "373_Final_Project.list"
   text	   data	    bss	    dec	    hex	filename
  32792	    468	   2388	  35648	   8b40	373_Final_Project.elf
Finished building: default.size.stdout
 
Finished building: 373_Final_Project.list
 
15:49:03 **** Incremental Build of configuration Debug for project 373_Final_Project ****
make -j12 all 
arm-none-eabi-gcc "../Core/Src/main.c" -mcpu=cortex-m4 -std=gnu11 -g3 -DDEBUG -DUSE_HAL_DRIVER -DSTM32L4R5xx -c -I../Core/Inc -I../Drivers/STM32L4xx_HAL_Driver/Inc -I../Drivers/STM32L4xx_HAL_Driver/Inc/Legacy -I../Drivers/CMSIS/Device/ST/STM32L4xx/Include -I../Drivers/CMSIS/Include -O0 -ffunction-sections -fdata-sections -Wall -fstack-usage -fcyclomatic-complexity -MMD -MP -MF"Core/Src/main.d" -MT"Core/Src/main.o" --specs=nano.specs -mfpu=fpv4-sp-d16 -mfloat-abi=hard -mthumb -o "Core/Src/main.o"
../Core/Src/main.c: In function 'get_health':
../Core/Src/main.c:73:17: warning: implicit declaration of function 'printf' [-Wimplicit-function-declaration]
   73 |                 printf("LIDAR OK\n");
      |                 ^~~~~~
../Core/Src/main.c:25:1: note: include '<stdio.h>' or provide a declaration of 'printf'
   24 | #include "lidar.h"
  +++ |+#include <stdio.h>
   25 | /* USER CODE END Includes */
../Core/Src/main.c:73:17: warning: incompatible implicit declaration of built-in function 'printf' [-Wbuiltin-declaration-mismatch]
   73 |                 printf("LIDAR OK\n");
      |                 ^~~~~~
../Core/Src/main.c:73:17: note: include '<stdio.h>' or provide a declaration of 'printf'
../Core/Src/main.c:76:17: warning: incompatible implicit declaration of built-in function 'printf' [-Wbuiltin-declaration-mismatch]
   76 |                 printf("LIDAR Warning\n");
      |                 ^~~~~~
../Core/Src/main.c:76:17: note: include '<stdio.h>' or provide a declaration of 'printf'
../Core/Src/main.c:79:17: warning: incompatible implicit declaration of built-in function 'printf' [-Wbuiltin-declaration-mismatch]
   79 |                 printf("LIDAR Error\n");
      |                 ^~~~~~
../Core/Src/main.c:79:17: note: include '<stdio.h>' or provide a declaration of 'printf'
arm-none-eabi-gcc -o "373_Final_Project.elf" @"objects.list"   -mcpu=cortex-m4 -T"N:\EECS373-CubeIDE-Workspace\373_Final_Project\STM32L4R5ZITXP_FLASH.ld" --specs=nosys.specs -Wl,-Map="373_Final_Project.map" -Wl,--gc-sections -static --specs=nano.specs -mfpu=fpv4-sp-d16 -mfloat-abi=hard -mthumb -u _printf_float -Wl,--start-group -lc -lm -Wl,--end-group
Finished building target: 373_Final_Project.elf
 
arm-none-eabi-size  373_Final_Project.elf 
arm-none-eabi-objdump -h -S 373_Final_Project.elf  > "373_Final_Project.list"
   text	   data	    bss	    dec	    hex	filename
  32696	    468	   2388	  35552	   8ae0	373_Final_Project.elf
Finished building: default.size.stdout
 
Finished building: 373_Final_Project.list
 
15:49:47 **** Incremental Build of configuration Debug for project 373_Final_Project ****
make -j12 all 
arm-none-eabi-size  373_Final_Project.elf 
   text	   data	    bss	    dec	    hex	filename
  32696	    468	   2388	  35552	   8ae0	373_Final_Project.elf
Finished building: default.size.stdout
 
15:51:48 **** Incremental Build of configuration Debug for project 373_Final_Project ****
make -j12 all 
arm-none-eabi-size  373_Final_Project.elf 
   text	   data	    bss	    dec	    hex	filename
  32696	    468	   2388	  35552	   8ae0	373_Final_Project.elf
Finished building: default.size.stdout
 
15:59:39 **** Incremental Build of configuration Debug for project 373_Final_Project ****
make -j12 all 
arm-none-eabi-gcc "../Core/Src/main.c" -mcpu=cortex-m4 -std=gnu11 -g3 -DDEBUG -DUSE_HAL_DRIVER -DSTM32L4R5xx -c -I../Core/Inc -I../Drivers/STM32L4xx_HAL_Driver/Inc -I../Drivers/STM32L4xx_HAL_Driver/Inc/Legacy -I../Drivers/CMSIS/Device/ST/STM32L4xx/Include -I../Drivers/CMSIS/Include -O0 -ffunction-sections -fdata-sections -Wall -fstack-usage -fcyclomatic-complexity -MMD -MP -MF"Core/Src/main.d" -MT"Core/Src/main.o" --specs=nano.specs -mfpu=fpv4-sp-d16 -mfloat-abi=hard -mthumb -o "Core/Src/main.o"
../Core/Src/main.c: In function 'get_health':
../Core/Src/main.c:73:17: warning: implicit declaration of function 'printf' [-Wimplicit-function-declaration]
   73 |                 printf("LIDAR OK\n");
      |                 ^~~~~~
../Core/Src/main.c:25:1: note: include '<stdio.h>' or provide a declaration of 'printf'
   24 | #include "lidar.h"
  +++ |+#include <stdio.h>
   25 | /* USER CODE END Includes */
../Core/Src/main.c:73:17: warning: incompatible implicit declaration of built-in function 'printf' [-Wbuiltin-declaration-mismatch]
   73 |                 printf("LIDAR OK\n");
      |                 ^~~~~~
../Core/Src/main.c:73:17: note: include '<stdio.h>' or provide a declaration of 'printf'
../Core/Src/main.c:76:17: warning: incompatible implicit declaration of built-in function 'printf' [-Wbuiltin-declaration-mismatch]
   76 |                 printf("LIDAR Warning\n");
      |                 ^~~~~~
../Core/Src/main.c:76:17: note: include '<stdio.h>' or provide a declaration of 'printf'
../Core/Src/main.c:79:17: warning: incompatible implicit declaration of built-in function 'printf' [-Wbuiltin-declaration-mismatch]
   79 |                 printf("LIDAR Error\n");
      |                 ^~~~~~
../Core/Src/main.c:79:17: note: include '<stdio.h>' or provide a declaration of 'printf'
arm-none-eabi-gcc -o "373_Final_Project.elf" @"objects.list"   -mcpu=cortex-m4 -T"N:\EECS373-CubeIDE-Workspace\373_Final_Project\STM32L4R5ZITXP_FLASH.ld" --specs=nosys.specs -Wl,-Map="373_Final_Project.map" -Wl,--gc-sections -static --specs=nano.specs -mfpu=fpv4-sp-d16 -mfloat-abi=hard -mthumb -u _printf_float -Wl,--start-group -lc -lm -Wl,--end-group
Finished building target: 373_Final_Project.elf
 
arm-none-eabi-size  373_Final_Project.elf 
arm-none-eabi-objdump -h -S 373_Final_Project.elf  > "373_Final_Project.list"
   text	   data	    bss	    dec	    hex	filename
  32696	    468	   2388	  35552	   8ae0	373_Final_Project.elf
Finished building: default.size.stdout
 
Finished building: 373_Final_Project.list
 
16:00:46 **** Incremental Build of configuration Debug for project 373_Final_Project ****
make -j12 all 
arm-none-eabi-size  373_Final_Project.elf 
   text	   data	    bss	    dec	    hex	filename
  32696	    468	   2388	  35552	   8ae0	373_Final_Project.elf
Finished building: default.size.stdout
 
16:01:04 **** Incremental Build of configuration Debug for project 373_Final_Project ****
make -j12 all 
arm-none-eabi-size  373_Final_Project.elf 
   text	   data	    bss	    dec	    hex	filename
  32696	    468	   2388	  35552	   8ae0	373_Final_Project.elf
Finished building: default.size.stdout
 
16:01:46 **** Incremental Build of configuration Debug for project 373_Final_Project ****
make -j12 all 
arm-none-eabi-size  373_Final_Project.elf 
   text	   data	    bss	    dec	    hex	filename
  32696	    468	   2388	  35552	   8ae0	373_Final_Project.elf
Finished building: default.size.stdout
 
16:03:03 **** Incremental Build of configuration Debug for project 373_Final_Project ****
make -j12 all 
arm-none-eabi-size  373_Final_Project.elf 
   text	   data	    bss	    dec	    hex	filename
  32696	    468	   2388	  35552	   8ae0	373_Final_Project.elf
Finished building: default.size.stdout
 
16:03:44 **** Incremental Build of configuration Debug for project 373_Final_Project ****
make -j12 all 
arm-none-eabi-size  373_Final_Project.elf 
   text	   data	    bss	    dec	    hex	filename
  32696	    468	   2388	  35552	   8ae0	373_Final_Project.elf
Finished building: default.size.stdout
 
16:04:04 **** Incremental Build of configuration Debug for project 373_Final_Project ****
make -j12 all 
arm-none-eabi-size  373_Final_Project.elf 
   text	   data	    bss	    dec	    hex	filename
  32696	    468	   2388	  35552	   8ae0	373_Final_Project.elf
Finished building: default.size.stdout
 
16:04:35 **** Incremental Build of configuration Debug for project 373_Final_Project ****
make -j12 all 
arm-none-eabi-size  373_Final_Project.elf 
   text	   data	    bss	    dec	    hex	filename
  32696	    468	   2388	  35552	   8ae0	373_Final_Project.elf
Finished building: default.size.stdout
 
16:08:25 **** Incremental Build of configuration Debug for project 373_Final_Project ****
make -j12 all 
arm-none-eabi-size  373_Final_Project.elf 
   text	   data	    bss	    dec	    hex	filename
  32696	    468	   2388	  35552	   8ae0	373_Final_Project.elf
Finished building: default.size.stdout
 
16:08:57 **** Incremental Build of configuration Debug for project 373_Final_Project ****
make -j12 all 
arm-none-eabi-size  373_Final_Project.elf 
   text	   data	    bss	    dec	    hex	filename
  32696	    468	   2388	  35552	   8ae0	373_Final_Project.elf
Finished building: default.size.stdout
 
